ARM Linker, 5.03 [Build 76] [MDK-ARM Standard]

==============================================================================

Section Cross References

    startup_stm32f10x_hd.o(RESET) refers to startup_stm32f10x_hd.o(STACK) for __initial_sp
    startup_stm32f10x_hd.o(RESET) refers to startup_stm32f10x_hd.o(.text) for Reset_Handler
    startup_stm32f10x_hd.o(RESET) refers to stm32f10x_it.o(.text) for NMI_Handler
    startup_stm32f10x_hd.o(RESET) refers to uartprintf.o(.text) for USART1_IRQHandler
    startup_stm32f10x_hd.o(.text) refers to system_stm32f10x.o(.text) for SystemInit
    startup_stm32f10x_hd.o(.text) refers to entry.o(.ARM.Collect$$$$00000000) for __main
    main.o(.text) refers to sysclock.o(.text) for RCC_configuration
    main.o(.text) refers to uartprintf.o(.text) for USART_config
    main.o(.text) refers to printf5.o(i.__0printf$5) for __2printf
    main.o(.text) refers to lv_obj.o(.text) for lv_init
    main.o(.text) refers to lv_hal_disp.o(.text) for lv_disp_get_default
    main.o(.text) refers to lv_disp.o(.text) for lv_disp_get_scr_act
    main.o(.text) refers to lv_btn.o(.text) for lv_btn_create
    main.o(.text) refers to lv_label.o(.text) for lv_label_create
    system_stm32f10x.o(.text) refers to system_stm32f10x.o(.data) for SystemCoreClock
    sysclock.o(.text) refers to stm32f10x_rcc.o(.text) for RCC_DeInit
    sysclock.o(.text) refers to stm32f10x_flash.o(.text) for FLASH_PrefetchBufferCmd
    stm32f10x_adc.o(.text) refers to stm32f10x_rcc.o(.text) for RCC_APB2PeriphResetCmd
    stm32f10x_bkp.o(.text) refers to stm32f10x_rcc.o(.text) for RCC_BackupResetCmd
    stm32f10x_can.o(.text) refers to stm32f10x_rcc.o(.text) for RCC_APB1PeriphResetCmd
    stm32f10x_cec.o(.text) refers to stm32f10x_rcc.o(.text) for RCC_APB1PeriphResetCmd
    stm32f10x_dac.o(.text) refers to stm32f10x_rcc.o(.text) for RCC_APB1PeriphResetCmd
    stm32f10x_gpio.o(.text) refers to stm32f10x_rcc.o(.text) for RCC_APB2PeriphResetCmd
    stm32f10x_i2c.o(.text) refers to stm32f10x_rcc.o(.text) for RCC_APB1PeriphResetCmd
    stm32f10x_pwr.o(.text) refers to stm32f10x_rcc.o(.text) for RCC_APB1PeriphResetCmd
    stm32f10x_rcc.o(.text) refers to stm32f10x_rcc.o(.data) for APBAHBPrescTable
    stm32f10x_spi.o(.text) refers to stm32f10x_rcc.o(.text) for RCC_APB2PeriphResetCmd
    stm32f10x_tim.o(.text) refers to stm32f10x_rcc.o(.text) for RCC_APB2PeriphResetCmd
    stm32f10x_usart.o(.text) refers to stm32f10x_rcc.o(.text) for RCC_APB2PeriphResetCmd
    stm32f10x_wwdg.o(.text) refers to stm32f10x_rcc.o(.text) for RCC_APB1PeriphResetCmd
    uartprintf.o(.text) refers to misc.o(.text) for NVIC_PriorityGroupConfig
    uartprintf.o(.text) refers to stm32f10x_rcc.o(.text) for RCC_APB2PeriphClockCmd
    uartprintf.o(.text) refers to stm32f10x_gpio.o(.text) for GPIO_Init
    uartprintf.o(.text) refers to stm32f10x_usart.o(.text) for USART_Init
    spi_flash.o(.text) refers to stm32f10x_rcc.o(.text) for RCC_APB2PeriphClockCmd
    spi_flash.o(.text) refers to stm32f10x_gpio.o(.text) for GPIO_Init
    spi_flash.o(.text) refers to stm32f10x_spi.o(.text) for SPI_Init
    norflash.o(.text) refers to stm32f10x_gpio.o(.text) for GPIO_SetBits
    norflash.o(.text) refers to spi_flash.o(.text) for SPI_Send_Read_Byte
    norflash.o(.text) refers to printf5.o(i.__0printf$5) for __2printf
    lcd.o(.text) refers to sysclock.o(.text) for delay_us
    lcd.o(.text) refers to lcd.o(.bss) for lcddev
    lcd.o(.text) refers to dfltui.o(.text) for __aeabi_ui2d
    lcd.o(.text) refers to dmul.o(.text) for __aeabi_dmul
    lcd.o(.text) refers to dfixui.o(.text) for __aeabi_d2uiz
    lcd.o(.text) refers to lcd.o(.data) for POINT_COLOR
    lcd.o(.text) refers to stm32f10x_rcc.o(.text) for RCC_APB2PeriphClockCmd
    lcd.o(.text) refers to stm32f10x_gpio.o(.text) for GPIO_PinRemapConfig
    lcd.o(.text) refers to printf5.o(i.__0printf$5) for __2printf
    lcd.o(.text) refers to lcd.o(.constdata) for asc2_1206
    lv_disp.o(.text) refers to lv_hal_disp.o(.text) for lv_disp_get_default
    lv_disp.o(.text) refers to lv_obj.o(.text) for lv_obj_get_disp
    lv_disp.o(.text) refers to lv_ll.o(.text) for lv_ll_chg_list
    lv_disp.o(.text) refers to lv_hal_tick.o(.text) for lv_tick_elaps
    lv_group.o(.text) refers to lv_ll.o(.text) for lv_ll_init
    lv_group.o(.text) refers to lv_theme.o(.text) for lv_theme_get_current
    lv_group.o(.text) refers to lv_obj.o(.text) for lv_obj_invalidate
    lv_group.o(.text) refers to lv_mem.o(.text) for lv_mem_free
    lv_group.o(.text) refers to lv_gc.o(.bss) for _lv_group_ll
    lv_group.o(.text) refers to lv_group.o(.constdata) for .constdata
    lv_group.o(.text) refers to lv_style.o(.text) for lv_style_copy
    lv_indev.o(.text) refers to lv_hal_indev.o(.text) for lv_indev_get_next
    lv_indev.o(.text) refers to lv_obj.o(.text) for lv_obj_get_parent
    lv_indev.o(.text) refers to lv_group.o(.text) for lv_group_get_click_focus
[...]
    .text                                    0x08010084   Section        0  memcpya.o(.text)
    .text                                    0x080100a8   Section        0  memseta.o(.text)
    .text                                    0x080100cc   Section        0  strlen.o(.text)
    .text                                    0x080100da   Section        0  strcmp.o(.text)
    .text                                    0x080100f6   Section        0  strcpy.o(.text)
    .text                                    0x08010108   Section        0  uldiv.o(.text)
    .text                                    0x0801016a   Section        0  llushr.o(.text)
    .text                                    0x0801018c   Section       36  init.o(.text)
    .text                                    0x080101b0   Section        0  llshl.o(.text)
    i.__0printf$5                            0x080101d0   Section        0  printf5.o(i.__0printf$5)
    i.__scatterload_copy                     0x080101f0   Section       14  handlers.o(i.__scatterload_copy)
    i.__scatterload_null                     0x080101fe   Section        2  handlers.o(i.__scatterload_null)
    i.__scatterload_zeroinit                 0x08010200   Section       14  handlers.o(i.__scatterload_zeroinit)
    i._printf_core                           0x08010210   Section        0  printf5.o(i._printf_core)
    _printf_core                             0x08010211   Thumb Code   658  printf5.o(i._printf_core)
    .constdata                               0x080104d0   Section       46  lv_group.o(.constdata)
    .constdata                               0x08010500   Section       22  lv_style.o(.constdata)
    .constdata                               0x08010516   Section       36  lv_draw.o(.constdata)
    seg1                                     0x08010516   Data           1  lv_draw.o(.constdata)
    seg2                                     0x08010517   Data           2  lv_draw.o(.constdata)
    seg3                                     0x08010519   Data           3  lv_draw.o(.constdata)
    seg4                                     0x0801051c   Data           4  lv_draw.o(.constdata)
    seg5                                     0x08010520   Data           5  lv_draw.o(.constdata)
    seg6                                     0x08010525   Data           6  lv_draw.o(.constdata)
    seg7                                     0x0801052b   Data           7  lv_draw.o(.constdata)
    seg8                                     0x08010532   Data           8  lv_draw.o(.constdata)
    .constdata                               0x0801053a   Section       17  lv_draw_rect.o(.constdata)
    opa_map2                                 0x0801053a   Data           2  lv_draw_rect.o(.constdata)
    opa_map3                                 0x0801053c   Data           3  lv_draw_rect.o(.constdata)
    opa_map4                                 0x0801053f   Data           4  lv_draw_rect.o(.constdata)
    opa_map8                                 0x08010543   Data           8  lv_draw_rect.o(.constdata)
    .constdata                               0x0801054c   Section    11704  lv_font_roboto_16.o(.constdata)
    gylph_bitmap                             0x0801054c   Data        8931  lv_font_roboto_16.o(.constdata)
    glyph_dsc                                0x08012830   Data        1168  lv_font_roboto_16.o(.constdata)
    unicode_list_1                           0x08012cc0   Data         100  lv_font_roboto_16.o(.constdata)
    cmaps                                    0x08012d24   Data          40  lv_font_roboto_16.o(.constdata)
    kern_pair_glyph_ids                      0x08012d4c   Data         968  lv_font_roboto_16.o(.constdata)
    kern_pair_values                         0x08013114   Data         484  lv_font_roboto_16.o(.constdata)
    kern_pairs                               0x080132f8   Data          12  lv_font_roboto_16.o(.constdata)
    .constdata                               0x08013304   Section        2  lv_hal_disp.o(.constdata)
    .constdata                               0x08013306   Section      182  lv_math.o(.constdata)
    sin0_90_table                            0x08013306   Data         182  lv_math.o(.constdata)
    .data                                    0x20000000   Section       20  system_stm32f10x.o(.data)
    .data                                    0x20000014   Section       20  stm32f10x_rcc.o(.data)
    APBAHBPrescTable                         0x20000014   Data          16  stm32f10x_rcc.o(.data)
    ADCPrescTable                            0x20000024   Data           4  stm32f10x_rcc.o(.data)
    .data                                    0x20000028   Section        4  uartprintf.o(.data)
    .data                                    0x2000002c   Section        8  lv_indev.o(.data)
    indev_obj_act                            0x2000002c   Data           4  lv_indev.o(.data)
    indev_act                                0x20000030   Data           4  lv_indev.o(.data)
    .data                                    0x20000034   Section       12  lv_obj.o(.data)
    lv_initialized                           0x20000034   Data           1  lv_obj.o(.data)
    event_temp_data_head                     0x20000038   Data           4  lv_obj.o(.data)
    event_act_data                           0x2000003c   Data           4  lv_obj.o(.data)
    .data                                    0x20000040   Section        8  lv_refr.o(.data)
    px_num                                   0x20000040   Data           4  lv_refr.o(.data)
    disp_refr                                0x20000044   Data           4  lv_refr.o(.data)
    .data                                    0x20000048   Section       36  lv_draw.o(.data)
    draw_buf_size                            0x20000048   Data           4  lv_draw.o(.data)
    seg_map                                  0x2000004c   Data          32  lv_draw.o(.data)
    .data                                    0x2000006c   Section        2  lv_draw_basic.o(.data)
    last_width                               0x2000006c   Data           2  lv_draw_basic.o(.data)
    .data                                    0x2000006e   Section        2  lv_img_cache.o(.data)
    entry_cnt                                0x2000006e   Data           2  lv_img_cache.o(.data)
    .data                                    0x20000070   Section       48  lv_font_roboto_16.o(.data)
    font_dsc                                 0x20000070   Data          32  lv_font_roboto_16.o(.data)
    .data                                    0x200000a0   Section        4  lv_hal_disp.o(.data)
    disp_def                                 0x200000a0   Data           4  lv_hal_disp.o(.data)
    .data                                    0x200000a4   Section        5  lv_hal_tick.o(.data)
    sys_time                                 0x200000a4   Data           4  lv_hal_tick.o(.data)
    tick_irq_flag                            0x200000a8   Data           1  lv_hal_tick.o(.data)
    .data                                    0x200000ac   Section        5  lv_anim.o(.data)
    last_task_run                            0x200000ac   Data           4  lv_anim.o(.data)
    anim_list_changed                        0x200000b0   Data           1  lv_anim.o(.data)
    .data                                    0x200000b4   Section       12  lv_gc.o(.data)
    .data                                    0x200000c0   Section        8  lv_mem.o(.data)
    work_mem                                 0x200000c0   Data           4  lv_mem.o(.data)
    zero_mem                                 0x200000c4   Data           4  lv_mem.o(.data)
    .data                                    0x200000c8   Section       18  lv_task.o(.data)
    lv_task_run                              0x200000c8   Data           1  lv_task.o(.data)
    idle_last                                0x200000c9   Data           1  lv_task.o(.data)
    task_handler_mutex                       0x200000ca   Data           1  lv_task.o(.data)
    idle_period_start                        0x200000cc   Data           4  lv_task.o(.data)
    handler_start                            0x200000d0   Data           4  lv_task.o(.data)
    busy_time                                0x200000d4   Data           4  lv_task.o(.data)
    task_deleted                             0x200000d8   Data           1  lv_task.o(.data)
    task_created                             0x200000d9   Data           1  lv_task.o(.data)
    .data                                    0x200000dc   Section       32  lv_txt.o(.data)
    .data                                    0x200000fc   Section        8  lv_btn.o(.data)
    ancestor_signal                          0x200000fc   Data           4  lv_btn.o(.data)
    ancestor_design                          0x20000100   Data           4  lv_btn.o(.data)
    .data                                    0x20000104   Section        4  lv_cont.o(.data)
    ancestor_signal                          0x20000104   Data           4  lv_cont.o(.data)
    .data                                    0x20000108   Section        4  lv_label.o(.data)
    ancestor_signal                          0x20000108   Data           4  lv_label.o(.data)
    .data                                    0x2000010c   Section        4  lv_theme.o(.data)
    current_theme                            0x2000010c   Data           4  lv_theme.o(.data)
    .bss                                     0x20000110   Section      780  lv_style.o(.bss)
    .bss                                     0x2000041c   Section      480  lv_draw_basic.o(.bss)
    color_array_tmp                          0x2000041c   Data         480  lv_draw_basic.o(.bss)
    .bss                                     0x200005fc   Section       96  lv_gc.o(.bss)
    .bss                                     0x2000065c   Section    32768  lv_mem.o(.bss)
    work_mem_int                             0x2000065c   Data       32768  lv_mem.o(.bss)
    STACK                                    0x20008660   Section     1024  startup_stm32f10x_hd.o(STACK)

    Global Symbols

    Symbol Name                              Value     Ov Type        Size  Object(Section)

    BuildAttributes$$THM_ISAv4$P$D$K$B$S$PE$A:L22UL41UL21$X:L11$S22US41US21$IEEE1$IW$USESV6$~STKCKD$USESV7$~SHL$OSPACE$ROPI$EBA8$MICROLIB$REQ8$PRES8$EABIv2 0x00000000   Number         0  anon$$obj.o ABSOLUTE
    __ARM_use_no_argv                        0x00000000   Number         0  main.o ABSOLUTE
    __use_no_errno                           0x00000000   Number         0  useno.o ABSOLUTE
    __use_no_exception_handling              0x00000000   Number         0  useno.o ABSOLUTE
    __use_no_fp                              0x00000000   Number         0  useno.o ABSOLUTE
    __use_no_heap                            0x00000000   Number         0  useno.o ABSOLUTE
    __use_no_heap_region                     0x00000000   Number         0  useno.o ABSOLUTE
    __use_no_semihosting                     0x00000000   Number         0  useno.o ABSOLUTE
    __use_no_semihosting_swi                 0x00000000   Number         0  useno.o ABSOLUTE
    __use_no_signal_handling                 0x00000000   Number         0  useno.o ABSOLUTE
    _printf_a                                0x00000000   Number         0  stubs.o ABSOLUTE
    _printf_c                                0x00000000   Number         0  stubs.o ABSOLUTE
    _printf_charcount                        0x00000000   Number         0  stubs.o ABSOLUTE
    _printf_d                                0x00000000   Number         0  stubs.o ABSOLUTE
    _printf_e                                0x00000000   Number         0  stubs.o ABSOLUTE
    _printf_f                                0x00000000   Number         0  stubs.o ABSOLUTE
    _printf_flags                            0x00000000   Number         0  stubs.o ABSOLUTE
    _printf_fp_dec                           0x00000000   Number         0  stubs.o ABSOLUTE
    _printf_fp_hex                           0x00000000   Number         0  stubs.o ABSOLUTE
    _printf_g                                0x00000000   Number         0  stubs.o ABSOLUTE
    _printf_i                                0x00000000   Number         0  stubs.o ABSOLUTE
    _printf_int_dec                          0x00000000   Number         0  stubs.o ABSOLUTE
    _printf_l                                0x00000000   Number         0  stubs.o ABSOLUTE
    _printf_lc                               0x00000000   Number         0  stubs.o ABSOLUTE
    _printf_ll                               0x00000000   Number         0  stubs.o ABSOLUTE
    _printf_lld                              0x00000000   Number         0  stubs.o ABSOLUTE
    _printf_lli                              0x00000000   Number         0  stubs.o ABSOLUTE
    _printf_llo                              0x00000000   Number         0  stubs.o ABSOLUTE
    _printf_llu                              0x00000000   Number         0  stubs.o ABSOLUTE
    _printf_llx                              0x00000000   Number         0  stubs.o ABSOLUTE
    _printf_longlong_dec                     0x00000000   Number         0  stubs.o ABSOLUTE
    _printf_longlong_hex                     0x00000000   Number         0  stubs.o ABSOLUTE
    _printf_longlong_oct                     0x00000000   Number         0  stubs.o ABSOLUTE
    _printf_ls                               0x00000000   Number         0  stubs.o ABSOLUTE
    _printf_mbtowc                           0x00000000   Number         0  stubs.o ABSOLUTE
    _printf_n                                0x00000000   Number         0  stubs.o ABSOLUTE
    _printf_o                                0x00000000   Number         0  stubs.o ABSOLUTE
    _printf_p                                0x00000000   Number         0  stubs.o ABSOLUTE
    _printf_percent                          0x00000000   Number         0  stubs.o ABSOLUTE
    _printf_pre_padding                      0x00000000   Number         0  stubs.o ABSOLUTE
    _printf_return_value                     0x00000000   Number         0  stubs.o ABSOLUTE
    _printf_s                                0x00000000   Number         0  stubs.o ABSOLUTE
    _printf_sizespec                         0x00000000   Number         0  stubs.o ABSOLUTE
    _printf_str                              0x00000000   Number         0  stubs.o ABSOLUTE
    _printf_truncate_signed                  0x00000000   Number         0  stubs.o ABSOLUTE
    _printf_truncate_unsigned                0x00000000   Number         0  stubs.o ABSOLUTE
    _printf_u                                0x00000000   Number         0  stubs.o ABSOLUTE
    _printf_wc                               0x00000000   Number         0  stubs.o ABSOLUTE
    _printf_wctomb                           0x00000000   Number         0  stubs.o ABSOLUTE
    _printf_widthprec                        0x00000000   Number         0  stubs.o ABSOLUTE
    _printf_x                                0x00000000   Number         0  stubs.o ABSOLUTE
    __cpp_initialize__aeabi_                  - Undefined Weak Reference
    __cxa_finalize                            - Undefined Weak Reference
    __decompress                              - Undefined Weak Reference
    _clock_init                               - Undefined Weak Reference
    _microlib_exit                            - Undefined Weak Reference
    __Vectors_Size                           0x00000130   Number         0  startup_stm32f10x_hd.o ABSOLUTE
    __Vectors                                0x08000000   Data           4  startup_stm32f10x_hd.o(RESET)
    __Vectors_End                            0x08000130   Data           0  startup_stm32f10x_hd.o(RESET)
    __main                                   0x08000131   Thumb Code     0  entry.o(.ARM.Collect$$$$00000000)
    _main_stk                                0x08000131   Thumb Code     0  entry2.o(.ARM.Collect$$$$00000001)
    _main_scatterload                        0x08000135   Thumb Code     0  entry5.o(.ARM.Collect$$$$00000004)
    __main_after_scatterload                 0x08000139   Thumb Code     0  entry5.o(.ARM.Collect$$$$00000004)
    _main_clock                              0x08000139   Thumb Code     0  entry7b.o(.ARM.Collect$$$$00000008)
    _main_cpp_init                           0x08000139   Thumb Code     0  entry8b.o(.ARM.Collect$$$$0000000A)
    _main_init                               0x08000139   Thumb Code     0  entry9a.o(.ARM.Collect$$$$0000000B)
    __rt_final_cpp                           0x08000141   Thumb Code     0  entry10a.o(.ARM.Collect$$$$0000000D)
    __rt_final_exit                          0x08000141   Thumb Code     0  entry11a.o(.ARM.Collect$$$$0000000F)
    Reset_Handler                            0x08000145   Thumb Code     8  startup_stm32f10x_hd.o(.text)
    ADC1_2_IRQHandler                        0x0800015f   Thumb Code     0  startup_stm32f10x_hd.o(.text)
    ADC3_IRQHandler                          0x0800015f   Thumb Code     0  startup_stm32f10x_hd.o(.text)
    CAN1_RX1_IRQHandler                      0x0800015f   Thumb Code     0  startup_stm32f10x_hd.o(.text)
    CAN1_SCE_IRQHandler                      0x0800015f   Thumb Code     0  startup_stm32f10x_hd.o(.text)
    DMA1_Channel1_IRQHandler                 0x0800015f   Thumb Code     0  startup_stm32f10x_hd.o(.text)
    DMA1_Channel2_IRQHandler                 0x0800015f   Thumb Code     0  startup_stm32f10x_hd.o(.text)
    DMA1_Channel3_IRQHandler                 0x0800015f   Thumb Code     0  startup_stm32f10x_hd.o(.text)
    DMA1_Channel4_IRQHandler                 0x0800015f   Thumb Code     0  startup_stm32f10x_hd.o(.text)
    DMA1_Channel5_IRQHandler                 0x0800015f   Thumb Code     0  startup_stm32f10x_hd.o(.text)
    DMA1_Channel6_IRQHandler                 0x0800015f   Thumb Code     0  startup_stm32f10x_hd.o(.text)
    DMA1_Channel7_IRQHandler                 0x0800015f   Thumb Code     0  startup_stm32f10x_hd.o(.text)
    DMA2_Channel1_IRQHandler                 0x0800015f   Thumb Code     0  startup_stm32f10x_hd.o(.text)
    DMA2_Channel2_IRQHandler                 0x0800015f   Thumb Code     0  startup_stm32f10x_hd.o(.text)
    DMA2_Channel3_IRQHandler                 0x0800015f   Thumb Code     0  startup_stm32f10x_hd.o(.text)
    DMA2_Channel4_5_IRQHandler               0x0800015f   Thumb Code     0  startup_stm32f10x_hd.o(.text)
    EXTI0_IRQHandler                         0x0800015f   Thumb Code     0  startup_stm32f10x_hd.o(.text)
    EXTI15_10_IRQHandler                     0x0800015f   Thumb Code     0  startup_stm32f10x_hd.o(.text)
    EXTI1_IRQHandler                         0x0800015f   Thumb Code     0  startup_stm32f10x_hd.o(.text)
    EXTI2_IRQHandler                         0x0800015f   Thumb Code     0  startup_stm32f10x_hd.o(.text)
    EXTI3_IRQHandler                         0x0800015f   Thumb Code     0  startup_stm32f10x_hd.o(.text)
    EXTI4_IRQHandler                         0x0800015f   Thumb Code     0  startup_stm32f10x_hd.o(.text)
    EXTI9_5_IRQHandler                       0x0800015f   Thumb Code     0  startup_stm32f10x_hd.o(.text)
    FLASH_IRQHandler                         0x0800015f   Thumb Code     0  startup_stm32f10x_hd.o(.text)
    FSMC_IRQHandler                          0x0800015f   Thumb Code     0  startup_stm32f10x_hd.o(.text)
    I2C1_ER_IRQHandler                       0x0800015f   Thumb Code     0  startup_stm32f10x_hd.o(.text)
    I2C1_EV_IRQHandler                       0x0800015f   Thumb Code     0  startup_stm32f10x_hd.o(.text)
    I2C2_ER_IRQHandler                       0x0800015f   Thumb Code     0  startup_stm32f10x_hd.o(.text)
    I2C2_EV_IRQHandler                       0x0800015f   Thumb Code     0  startup_stm32f10x_hd.o(.text)
    PVD_IRQHandler                           0x0800015f   Thumb Code     0  startup_stm32f10x_hd.o(.text)
    RCC_IRQHandler                           0x0800015f   Thumb Code     0  startup_stm32f10x_hd.o(.text)
    RTCAlarm_IRQHandler                      0x0800015f   Thumb Code     0  startup_stm32f10x_hd.o(.text)
    RTC_IRQHandler                           0x0800015f   Thumb Code     0  startup_stm32f10x_hd.o(.text)
    SDIO_IRQHandler                          0x0800015f   Thumb Code     0  startup_stm32f10x_hd.o(.text)
    SPI1_IRQHandler                          0x0800015f   Thumb Code     0  startup_stm32f10x_hd.o(.text)
    SPI2_IRQHandler                          0x0800015f   Thumb Code     0  startup_stm32f10x_hd.o(.text)
    SPI3_IRQHandler                          0x0800015f   Thumb Code     0  startup_stm32f10x_hd.o(.text)
    TAMPER_IRQHandler                        0x0800015f   Thumb Code     0  startup_stm32f10x_hd.o(.text)
    TIM1_BRK_IRQHandler                      0x0800015f   Thumb Code     0  startup_stm32f10x_hd.o(.text)
    TIM1_CC_IRQHandler                       0x0800015f   Thumb Code     0  startup_stm32f10x_hd.o(.text)
    TIM1_TRG_COM_IRQHandler                  0x0800015f   Thumb Code     0  startup_stm32f10x_hd.o(.text)
    TIM1_UP_IRQHandler                       0x0800015f   Thumb Code     0  startup_stm32f10x_hd.o(.text)
    TIM2_IRQHandler                          0x0800015f   Thumb Code     0  startup_stm32f10x_hd.o(.text)
    TIM3_IRQHandler                          0x0800015f   Thumb Code     0  startup_stm32f10x_hd.o(.text)
    TIM4_IRQHandler                          0x0800015f   Thumb Code     0  startup_stm32f10x_hd.o(.text)
    TIM5_IRQHandler                          0x0800015f   Thumb Code     0  startup_stm32f10x_hd.o(.text)
    TIM6_IRQHandler                          0x0800015f   Thumb Code     0  startup_stm32f10x_hd.o(.text)
    TIM7_IRQHandler                          0x0800015f   Thumb Code     0  startup_stm32f10x_hd.o(.text)
    TIM8_BRK_IRQHandler                      0x0800015f   Thumb Code     0  startup_stm32f10x_hd.o(.text)
    TIM8_CC_IRQHandler                       0x0800015f   Thumb Code     0  startup_stm32f10x_hd.o(.text)
    TIM8_TRG_COM_IRQHandler                  0x0800015f   Thumb Code     0  startup_stm32f10x_hd.o(.text)
    TIM8_UP_IRQHandler                       0x0800015f   Thumb Code     0  startup_stm32f10x_hd.o(.text)
    UART4_IRQHandler                         0x0800015f   Thumb Code     0  startup_stm32f10x_hd.o(.text)
    UART5_IRQHandler                         0x0800015f   Thumb Code     0  startup_stm32f10x_hd.o(.text)
    USART2_IRQHandler                        0x0800015f   Thumb Code     0  startup_stm32f10x_hd.o(.text)
    USART3_IRQHandler                        0x0800015f   Thumb Code     0  startup_stm32f10x_hd.o(.text)
    USBWakeUp_IRQHandler                     0x0800015f   Thumb Code     0  startup_stm32f10x_hd.o(.text)
    USB_HP_CAN1_TX_IRQHandler                0x0800015f   Thumb Code     0  startup_stm32f10x_hd.o(.text)
    USB_LP_CAN1_RX0_IRQHandler               0x0800015f   Thumb Code     0  startup_stm32f10x_hd.o(.text)
    WWDG_IRQHandler                          0x0800015f   Thumb Code     0  startup_stm32f10x_hd.o(.text)
    main                                     0x08000169   Thumb Code    94  main.o(.text)
    NMI_Handler                              0x080001dd   Thumb Code     2  stm32f10x_it.o(.text)
    HardFault_Handler                        0x080001df   Thumb Code     4  stm32f10x_it.o(.text)
    MemManage_Handler                        0x080001e3   Thumb Code     4  stm32f10x_it.o(.text)
    BusFault_Handler                         0x080001e7   Thumb Code     4  stm32f10x_it.o(.text)
    UsageFault_Handler                       0x080001eb   Thumb Code     4  stm32f10x_it.o(.text)
    SVC_Handler                              0x080001ef   Thumb Code     2  stm32f10x_it.o(.text)
    DebugMon_Handler                         0x080001f1   Thumb Code     2  stm32f10x_it.o(.text)
    PendSV_Handler                           0x080001f3   Thumb Code     2  stm32f10x_it.o(.text)
    SysTick_Handler                          0x080001f5   Thumb Code     2  stm32f10x_it.o(.text)
    SystemInit                               0x080002d5   Thumb Code    78  system_stm32f10x.o(.text)
    SystemCoreClockUpdate                    0x08000323   Thumb Code   142  system_stm32f10x.o(.text)
    RCC_configuration                        0x080003d5   Thumb Code    94  sysclock.o(.text)
    delay_us                                 0x08000433   Thumb Code    52  sysclock.o(.text)
    delay_ms                                 0x08000467   Thumb Code    54  sysclock.o(.text)
    NVIC_PriorityGroupConfig                 0x0800049d   Thumb Code    10  misc.o(.text)
    NVIC_Init                                0x080004a7   Thumb Code   102  misc.o(.text)
    NVIC_SetVectorTable                      0x0800050d   Thumb Code    14  misc.o(.text)
    NVIC_SystemLPConfig                      0x0800051b   Thumb Code    34  misc.o(.text)
    SysTick_CLKSourceConfig                  0x0800053d   Thumb Code    40  misc.o(.text)
    FLASH_SetLatency                         0x08000579   Thumb Code    18  stm32f10x_flash.o(.text)
    FLASH_HalfCycleAccessCmd                 0x0800058b   Thumb Code    22  stm32f10x_flash.o(.text)
    FLASH_PrefetchBufferCmd                  0x080005a1   Thumb Code    22  stm32f10x_flash.o(.text)
    FLASH_Unlock                             0x080005b7   Thumb Code    12  stm32f10x_flash.o(.text)
    FLASH_UnlockBank1                        0x080005c3   Thumb Code    12  stm32f10x_flash.o(.text)
    FLASH_Lock                               0x080005cf   Thumb Code    14  stm32f10x_flash.o(.text)
    FLASH_LockBank1                          0x080005dd   Thumb Code    14  stm32f10x_flash.o(.text)
    FLASH_GetBank1Status                     0x080005eb   Thumb Code    48  stm32f10x_flash.o(.text)
    FLASH_WaitForLastOperation               0x0800061b   Thumb Code    38  stm32f10x_flash.o(.text)
    FLASH_ErasePage                          0x08000641   Thumb Code    72  stm32f10x_flash.o(.text)
    FLASH_EraseAllPages                      0x08000689   Thumb Code    68  stm32f10x_flash.o(.text)
    FLASH_WaitForLastBank1Operation          0x080006cd   Thumb Code    38  stm32f10x_flash.o(.text)
    FLASH_EraseAllBank1Pages                 0x080006f3   Thumb Code    68  stm32f10x_flash.o(.text)
    FLASH_GetReadOutProtectionStatus         0x08000737   Thumb Code    20  stm32f10x_flash.o(.text)
    FLASH_EraseOptionBytes                   0x0800074b   Thumb Code   150  stm32f10x_flash.o(.text)
    FLASH_ProgramWord                        0x080007e1   Thumb Code   102  stm32f10x_flash.o(.text)
    FLASH_ProgramHalfWord                    0x08000847   Thumb Code    60  stm32f10x_flash.o(.text)
    FLASH_ProgramOptionByteData              0x08000883   Thumb Code    72  stm32f10x_flash.o(.text)
    FLASH_EnableWriteProtection              0x080008cb   Thumb Code   200  stm32f10x_flash.o(.text)
    FLASH_ReadOutProtection                  0x08000993   Thumb Code   156  stm32f10x_flash.o(.text)
    FLASH_UserOptionByteConfig               0x08000a2f   Thumb Code    88  stm32f10x_flash.o(.text)
    FLASH_GetUserOptionByte                  0x08000a87   Thumb Code     8  stm32f10x_flash.o(.text)
    FLASH_GetWriteProtectionOptionByte       0x08000a8f   Thumb Code     6  stm32f10x_flash.o(.text)
    FLASH_GetPrefetchBufferStatus            0x08000a95   Thumb Code    20  stm32f10x_flash.o(.text)
    FLASH_ITConfig                           0x08000aa9   Thumb Code    26  stm32f10x_flash.o(.text)
    FLASH_GetFlagStatus                      0x08000ac3   Thumb Code    42  stm32f10x_flash.o(.text)
    FLASH_ClearFlag                          0x08000aed   Thumb Code     6  stm32f10x_flash.o(.text)
    FLASH_GetStatus                          0x08000af3   Thumb Code    48  stm32f10x_flash.o(.text)
    GPIO_DeInit                              0x08000b35   Thumb Code   172  stm32f10x_gpio.o(.text)
    GPIO_AFIODeInit                          0x08000be1   Thumb Code    20  stm32f10x_gpio.o(.text)
    GPIO_Init                                0x08000bf5   Thumb Code   274  stm32f10x_gpio.o(.text)
    GPIO_StructInit                          0x08000d07   Thumb Code    16  stm32f10x_gpio.o(.text)
    GPIO_ReadInputDataBit                    0x08000d17   Thumb Code    18  stm32f10x_gpio.o(.text)
    GPIO_ReadInputData                       0x08000d29   Thumb Code     8  stm32f10x_gpio.o(.text)
    GPIO_ReadOutputDataBit                   0x08000d31   Thumb Code    18  stm32f10x_gpio.o(.text)
    GPIO_ReadOutputData                      0x08000d43   Thumb Code     8  stm32f10x_gpio.o(.text)
    GPIO_SetBits                             0x08000d4b   Thumb Code     4  stm32f10x_gpio.o(.text)
    GPIO_ResetBits                           0x08000d4f   Thumb Code     4  stm32f10x_gpio.o(.text)
    GPIO_WriteBit                            0x08000d53   Thumb Code    10  stm32f10x_gpio.o(.text)
    GPIO_Write                               0x08000d5d   Thumb Code     4  stm32f10x_gpio.o(.text)
    GPIO_PinLockConfig                       0x08000d61   Thumb Code    18  stm32f10x_gpio.o(.text)
    GPIO_EventOutputConfig                   0x08000d73   Thumb Code    26  stm32f10x_gpio.o(.text)
    GPIO_EventOutputCmd                      0x08000d8d   Thumb Code     6  stm32f10x_gpio.o(.text)
    GPIO_PinRemapConfig                      0x08000d93   Thumb Code   138  stm32f10x_gpio.o(.text)
    GPIO_EXTILineConfig                      0x08000e1d   Thumb Code    66  stm32f10x_gpio.o(.text)
    GPIO_ETH_MediaInterfaceConfig            0x08000e5f   Thumb Code     6  stm32f10x_gpio.o(.text)
    RCC_DeInit                               0x08000e8d   Thumb Code    64  stm32f10x_rcc.o(.text)
    RCC_HSEConfig                            0x08000ecd   Thumb Code    70  stm32f10x_rcc.o(.text)
    RCC_GetFlagStatus                        0x08000f13   Thumb Code    56  stm32f10x_rcc.o(.text)
    RCC_WaitForHSEStartUp                    0x08000f4b   Thumb Code    56  stm32f10x_rcc.o(.text)
    RCC_AdjustHSICalibrationValue            0x08000f83   Thumb Code    20  stm32f10x_rcc.o(.text)
    RCC_HSICmd                               0x08000f97   Thumb Code     6  stm32f10x_rcc.o(.text)
    RCC_PLLConfig                            0x08000f9d   Thumb Code    24  stm32f10x_rcc.o(.text)
    RCC_PLLCmd                               0x08000fb5   Thumb Code     6  stm32f10x_rcc.o(.text)
    RCC_SYSCLKConfig                         0x08000fbb   Thumb Code    18  stm32f10x_rcc.o(.text)
    RCC_GetSYSCLKSource                      0x08000fcd   Thumb Code    10  stm32f10x_rcc.o(.text)
    RCC_HCLKConfig                           0x08000fd7   Thumb Code    18  stm32f10x_rcc.o(.text)
    RCC_PCLK1Config                          0x08000fe9   Thumb Code    18  stm32f10x_rcc.o(.text)
    RCC_PCLK2Config                          0x08000ffb   Thumb Code    20  stm32f10x_rcc.o(.text)
    RCC_ITConfig                             0x0800100f   Thumb Code    26  stm32f10x_rcc.o(.text)
    RCC_USBCLKConfig                         0x08001029   Thumb Code     6  stm32f10x_rcc.o(.text)
    RCC_ADCCLKConfig                         0x0800102f   Thumb Code    18  stm32f10x_rcc.o(.text)
    RCC_LSEConfig                            0x08001041   Thumb Code    44  stm32f10x_rcc.o(.text)
    RCC_LSICmd                               0x0800106d   Thumb Code     6  stm32f10x_rcc.o(.text)
    RCC_RTCCLKConfig                         0x08001073   Thumb Code    12  stm32f10x_rcc.o(.text)
    RCC_RTCCLKCmd                            0x0800107f   Thumb Code     8  stm32f10x_rcc.o(.text)
    RCC_GetClocksFreq                        0x08001087   Thumb Code   192  stm32f10x_rcc.o(.text)
    RCC_AHBPeriphClockCmd                    0x08001147   Thumb Code    26  stm32f10x_rcc.o(.text)
    RCC_APB2PeriphClockCmd                   0x08001161   Thumb Code    26  stm32f10x_rcc.o(.text)
    RCC_APB1PeriphClockCmd                   0x0800117b   Thumb Code    26  stm32f10x_rcc.o(.text)
    RCC_APB2PeriphResetCmd                   0x08001195   Thumb Code    26  stm32f10x_rcc.o(.text)
    RCC_APB1PeriphResetCmd                   0x080011af   Thumb Code    26  stm32f10x_rcc.o(.text)
    RCC_BackupResetCmd                       0x080011c9   Thumb Code     8  stm32f10x_rcc.o(.text)
    RCC_ClockSecuritySystemCmd               0x080011d1   Thumb Code     6  stm32f10x_rcc.o(.text)
    RCC_MCOConfig                            0x080011d7   Thumb Code     6  stm32f10x_rcc.o(.text)
    RCC_ClearFlag                            0x080011dd   Thumb Code    14  stm32f10x_rcc.o(.text)
    RCC_GetITStatus                          0x080011eb   Thumb Code    20  stm32f10x_rcc.o(.text)
    RCC_ClearITPendingBit                    0x080011ff   Thumb Code     6  stm32f10x_rcc.o(.text)
    USART_DeInit                             0x08001231   Thumb Code   134  stm32f10x_usart.o(.text)
    USART_Init                               0x080012b7   Thumb Code   210  stm32f10x_usart.o(.text)
    USART_StructInit                         0x08001389   Thumb Code    24  stm32f10x_usart.o(.text)
    USART_ClockInit                          0x080013a1   Thumb Code    34  stm32f10x_usart.o(.text)
    USART_ClockStructInit                    0x080013c3   Thumb Code    12  stm32f10x_usart.o(.text)
    USART_Cmd                                0x080013cf   Thumb Code    24  stm32f10x_usart.o(.text)
    USART_ITConfig                           0x080013e7   Thumb Code    74  stm32f10x_usart.o(.text)
    USART_DMACmd                             0x08001431   Thumb Code    18  stm32f10x_usart.o(.text)
    USART_SetAddress                         0x08001443   Thumb Code    18  stm32f10x_usart.o(.text)
    USART_WakeUpConfig                       0x08001455   Thumb Code    18  stm32f10x_usart.o(.text)
    USART_ReceiverWakeUpCmd                  0x08001467   Thumb Code    24  stm32f10x_usart.o(.text)
    USART_LINBreakDetectLengthConfig         0x0800147f   Thumb Code    18  stm32f10x_usart.o(.text)
    USART_LINCmd                             0x08001491   Thumb Code    24  stm32f10x_usart.o(.text)
    USART_SendData                           0x080014a9   Thumb Code     8  stm32f10x_usart.o(.text)
    USART_ReceiveData                        0x080014b1   Thumb Code    10  stm32f10x_usart.o(.text)
    USART_SendBreak                          0x080014bb   Thumb Code    10  stm32f10x_usart.o(.text)
    USART_SetGuardTime                       0x080014c5   Thumb Code    16  stm32f10x_usart.o(.text)
    USART_SetPrescaler                       0x080014d5   Thumb Code    16  stm32f10x_usart.o(.text)
    USART_SmartCardCmd                       0x080014e5   Thumb Code    24  stm32f10x_usart.o(.text)
    USART_SmartCardNACKCmd                   0x080014fd   Thumb Code    24  stm32f10x_usart.o(.text)
    USART_HalfDuplexCmd                      0x08001515   Thumb Code    24  stm32f10x_usart.o(.text)
    USART_OverSampling8Cmd                   0x0800152d   Thumb Code    22  stm32f10x_usart.o(.text)
    USART_OneBitMethodCmd                    0x08001543   Thumb Code    24  stm32f10x_usart.o(.text)
    USART_IrDAConfig                         0x0800155b   Thumb Code    18  stm32f10x_usart.o(.text)
    USART_IrDACmd                            0x0800156d   Thumb Code    24  stm32f10x_usart.o(.text)
    USART_GetFlagStatus                      0x08001585   Thumb Code    26  stm32f10x_usart.o(.text)
    USART_ClearFlag                          0x0800159f   Thumb Code    18  stm32f10x_usart.o(.text)
    USART_GetITStatus                        0x080015b1   Thumb Code    84  stm32f10x_usart.o(.text)
    USART_ClearITPendingBit                  0x08001605   Thumb Code    52  stm32f10x_usart.o(.text)
    fputc                                    0x08001639   Thumb Code    22  uartprintf.o(.text)
    NVIC_Configuration                       0x0800164f   Thumb Code    38  uartprintf.o(.text)
    USART_config                             0x08001675   Thumb Code   134  uartprintf.o(.text)
    USART1_Send                              0x080016fb   Thumb Code    20  uartprintf.o(.text)
    USART1_IRQHandler                        0x0800170f   Thumb Code    30  uartprintf.o(.text)
    lv_disp_get_scr_act                      0x08001735   Thumb Code    22  lv_disp.o(.text)
    lv_disp_load_scr                         0x0800174b   Thumb Code    22  lv_disp.o(.text)
    lv_disp_get_layer_top                    0x08001761   Thumb Code    22  lv_disp.o(.text)
    lv_disp_get_layer_sys                    0x08001777   Thumb Code    22  lv_disp.o(.text)
    lv_disp_assign_screen                    0x0800178d   Thumb Code    50  lv_disp.o(.text)
    lv_disp_get_refr_task                    0x080017bf   Thumb Code    22  lv_disp.o(.text)
    lv_disp_get_inactive_time                0x080017d5   Thumb Code    86  lv_disp.o(.text)
    lv_disp_trig_activity                    0x0800182b   Thumb Code    28  lv_disp.o(.text)
    lv_group_init                            0x080018cb   Thumb Code    12  lv_group.o(.text)
    lv_group_create                          0x08001a75   Thumb Code   122  lv_group.o(.text)
    lv_group_del                             0x08001aef   Thumb Code    80  lv_group.o(.text)
    lv_group_focus_prev                      0x08001c61   Thumb Code    16  lv_group.o(.text)
    lv_group_focus_next                      0x08001c71   Thumb Code    16  lv_group.o(.text)
    lv_group_add_obj                         0x08001ce9   Thumb Code   106  lv_group.o(.text)
    lv_group_remove_obj                      0x08001d53   Thumb Code   136  lv_group.o(.text)
    lv_group_remove_all_objs                 0x08001ddb   Thumb Code    70  lv_group.o(.text)
    lv_group_get_focused                     0x08001e21   Thumb Code    22  lv_group.o(.text)
    lv_group_set_editing                     0x08001e37   Thumb Code    92  lv_group.o(.text)
    lv_group_focus_obj                       0x08001e93   Thumb Code   188  lv_group.o(.text)
    lv_group_focus_freeze                    0x08001f4f   Thumb Code    32  lv_group.o(.text)
    lv_group_send_data                       0x08001f6f   Thumb Code    62  lv_group.o(.text)
    lv_group_set_style_mod_cb                0x08001fad   Thumb Code    22  lv_group.o(.text)
    lv_group_set_style_mod_edit_cb           0x08001fc3   Thumb Code    22  lv_group.o(.text)
    lv_group_set_focus_cb                    0x08001fd9   Thumb Code     4  lv_group.o(.text)
    lv_group_set_click_focus                 0x08001fdd   Thumb Code    14  lv_group.o(.text)
    lv_group_set_refocus_policy              0x08001feb   Thumb Code    14  lv_group.o(.text)
    lv_group_set_wrap                        0x08001ff9   Thumb Code    14  lv_group.o(.text)
    lv_group_mod_style                       0x08002007   Thumb Code    62  lv_group.o(.text)
    lv_group_get_style_mod_cb                0x08002045   Thumb Code    12  lv_group.o(.text)
    lv_group_get_style_mod_edit_cb           0x08002051   Thumb Code    12  lv_group.o(.text)
    lv_group_get_focus_cb                    0x0800205d   Thumb Code    12  lv_group.o(.text)
    lv_group_get_editing                     0x08002069   Thumb Code    18  lv_group.o(.text)
    lv_group_get_click_focus                 0x0800207b   Thumb Code    18  lv_group.o(.text)
    lv_group_get_wrap                        0x0800208d   Thumb Code    18  lv_group.o(.text)
    lv_group_report_style_mod                0x0800209f   Thumb Code    58  lv_group.o(.text)
    lv_indev_reset                           0x080020dd   Thumb Code    62  lv_indev.o(.text)
    lv_indev_init                            0x0800211b   Thumb Code    10  lv_indev.o(.text)
    lv_indev_read_task                       0x080032d3   Thumb Code   250  lv_indev.o(.text)
    lv_indev_get_act                         0x080033cd   Thumb Code     6  lv_indev.o(.text)
    lv_indev_get_type                        0x080033d3   Thumb Code    12  lv_indev.o(.text)
    lv_indev_reset_long_press                0x080033df   Thumb Code    30  lv_indev.o(.text)
    lv_indev_enable                          0x080033fd   Thumb Code    22  lv_indev.o(.text)
    lv_indev_set_cursor                      0x08003413   Thumb Code    50  lv_indev.o(.text)
    lv_indev_set_group                       0x08003445   Thumb Code    16  lv_indev.o(.text)
    lv_indev_set_button_points               0x08003455   Thumb Code    10  lv_indev.o(.text)
    lv_indev_get_point                       0x0800345f   Thumb Code    32  lv_indev.o(.text)
    lv_indev_get_key                         0x0800347f   Thumb Code    16  lv_indev.o(.text)
    lv_indev_is_dragging                     0x0800348f   Thumb Code    34  lv_indev.o(.text)
    lv_indev_get_vect                        0x080034b1   Thumb Code    42  lv_indev.o(.text)
    lv_indev_wait_release                    0x080034db   Thumb Code    16  lv_indev.o(.text)
    lv_indev_get_read_task                   0x080034eb   Thumb Code    12  lv_indev.o(.text)
    lv_indev_get_obj_act                     0x080034f7   Thumb Code     6  lv_indev.o(.text)
    lv_init                                  0x08003505   Thumb Code    80  lv_obj.o(.text)
    lv_obj_get_parent                        0x08003555   Thumb Code     6  lv_obj.o(.text)
    lv_obj_get_hidden                        0x0800355b   Thumb Code    12  lv_obj.o(.text)
    lv_obj_get_screen                        0x08003567   Thumb Code    26  lv_obj.o(.text)
    lv_obj_get_disp                          0x08003581   Thumb Code    88  lv_obj.o(.text)
    lv_obj_invalidate                        0x080035d9   Thumb Code   206  lv_obj.o(.text)
    lv_obj_get_coords                        0x080036f7   Thumb Code    18  lv_obj.o(.text)
    lv_obj_set_pos                           0x08003709   Thumb Code   162  lv_obj.o(.text)
    lv_obj_get_y                             0x080037ab   Thumb Code    24  lv_obj.o(.text)
    lv_obj_get_x                             0x080037c3   Thumb Code    24  lv_obj.o(.text)
    lv_obj_get_opa_scale                     0x080037db   Thumb Code    40  lv_obj.o(.text)
    lv_obj_get_group                         0x08003803   Thumb Code     6  lv_obj.o(.text)
    lv_obj_get_style                         0x08003809   Thumb Code   108  lv_obj.o(.text)
    lv_obj_set_design_cb                     0x0800394b   Thumb Code     4  lv_obj.o(.text)
    lv_obj_refresh_ext_draw_pad              0x0800394f   Thumb Code    26  lv_obj.o(.text)
    lv_obj_is_protected                      0x08003969   Thumb Code    18  lv_obj.o(.text)
    lv_obj_set_signal_cb                     0x080039d9   Thumb Code     4  lv_obj.o(.text)
    lv_obj_create                            0x080039dd   Thumb Code   760  lv_obj.o(.text)
    lv_event_send_func                       0x08003cef   Thumb Code   146  lv_obj.o(.text)
    lv_event_send                            0x08003d81   Thumb Code    36  lv_obj.o(.text)
    lv_obj_del                               0x08003e8d   Thumb Code   240  lv_obj.o(.text)
    lv_obj_del_async                         0x08003f89   Thumb Code    14  lv_obj.o(.text)
    lv_obj_get_child                         0x08003f97   Thumb Code    34  lv_obj.o(.text)
    lv_obj_clean                             0x08003fb9   Thumb Code    40  lv_obj.o(.text)
    lv_obj_set_parent                        0x08003fe1   Thumb Code   104  lv_obj.o(.text)
    lv_obj_move_foreground                   0x08004049   Thumb Code    62  lv_obj.o(.text)
    lv_obj_move_background                   0x08004087   Thumb Code    62  lv_obj.o(.text)
    lv_obj_set_x                             0x080040c5   Thumb Code    26  lv_obj.o(.text)
    lv_obj_set_y                             0x080040df   Thumb Code    26  lv_obj.o(.text)
    lv_obj_get_height                        0x080040f9   Thumb Code    16  lv_obj.o(.text)
    lv_obj_get_width                         0x08004109   Thumb Code    16  lv_obj.o(.text)
    lv_obj_align                             0x08004119   Thumb Code   952  lv_obj.o(.text)
    lv_obj_align_origo                       0x080044d1   Thumb Code   760  lv_obj.o(.text)
    lv_obj_realign                           0x080047c9   Thumb Code    62  lv_obj.o(.text)
    lv_obj_set_size                          0x08004807   Thumb Code   158  lv_obj.o(.text)
    lv_obj_set_width                         0x080048a5   Thumb Code    26  lv_obj.o(.text)
    lv_obj_set_height                        0x080048bf   Thumb Code    26  lv_obj.o(.text)
    lv_obj_set_auto_realign                  0x080048d9   Thumb Code    14  lv_obj.o(.text)
    lv_obj_set_ext_click_area                0x080048e7   Thumb Code     6  lv_obj.o(.text)
    lv_obj_refresh_style                     0x080048ed   Thumb Code    28  lv_obj.o(.text)
    lv_obj_set_style                         0x0800494b   Thumb Code    22  lv_obj.o(.text)
    lv_obj_report_style_mod                  0x0800499d   Thumb Code    80  lv_obj.o(.text)
    lv_obj_set_hidden                        0x080049ed   Thumb Code    68  lv_obj.o(.text)
    lv_obj_set_click                         0x08004a31   Thumb Code    18  lv_obj.o(.text)
    lv_obj_set_top                           0x08004a43   Thumb Code    18  lv_obj.o(.text)
    lv_obj_set_drag                          0x08004a55   Thumb Code    34  lv_obj.o(.text)
    lv_obj_set_drag_dir                      0x08004a77   Thumb Code    36  lv_obj.o(.text)
    lv_obj_set_drag_throw                    0x08004a9b   Thumb Code    18  lv_obj.o(.text)
    lv_obj_set_drag_parent                   0x08004aad   Thumb Code    18  lv_obj.o(.text)
    lv_obj_set_parent_event                  0x08004abf   Thumb Code    18  lv_obj.o(.text)
    lv_obj_set_opa_scale_enable              0x08004ad1   Thumb Code    14  lv_obj.o(.text)
    lv_obj_set_opa_scale                     0x08004adf   Thumb Code    18  lv_obj.o(.text)
    lv_obj_set_protect                       0x08004af1   Thumb Code    12  lv_obj.o(.text)
    lv_obj_clear_protect                     0x08004afd   Thumb Code    16  lv_obj.o(.text)
    lv_obj_set_event_cb                      0x08004b0d   Thumb Code     4  lv_obj.o(.text)
    lv_event_get_data                        0x08004b11   Thumb Code     6  lv_obj.o(.text)
    lv_signal_send                           0x08004b17   Thumb Code    24  lv_obj.o(.text)
    lv_obj_allocate_ext_attr                 0x08004b2f   Thumb Code    20  lv_obj.o(.text)
    lv_obj_get_child_back                    0x08004b43   Thumb Code    34  lv_obj.o(.text)
    lv_obj_count_children                    0x08004b65   Thumb Code    38  lv_obj.o(.text)
    lv_obj_count_children_recursive          0x08004b8b   Thumb Code    48  lv_obj.o(.text)
    lv_obj_get_inner_coords                  0x08004bbb   Thumb Code    88  lv_obj.o(.text)
    lv_obj_get_width_fit                     0x08004c13   Thumb Code    32  lv_obj.o(.text)
    lv_obj_get_height_fit                    0x08004c33   Thumb Code    30  lv_obj.o(.text)
    lv_obj_get_auto_realign                  0x08004c51   Thumb Code    12  lv_obj.o(.text)
    lv_obj_get_ext_click_pad_left            0x08004c5d   Thumb Code     6  lv_obj.o(.text)
    lv_obj_get_ext_click_pad_right           0x08004c63   Thumb Code     6  lv_obj.o(.text)
    lv_obj_get_ext_click_pad_top             0x08004c69   Thumb Code     6  lv_obj.o(.text)
    lv_obj_get_ext_click_pad_bottom          0x08004c6f   Thumb Code     6  lv_obj.o(.text)
    lv_obj_get_ext_draw_pad                  0x08004c75   Thumb Code     8  lv_obj.o(.text)
    lv_obj_get_click                         0x08004c7d   Thumb Code    12  lv_obj.o(.text)
    lv_obj_get_top                           0x08004c89   Thumb Code    12  lv_obj.o(.text)
    lv_obj_get_drag                          0x08004c95   Thumb Code    12  lv_obj.o(.text)
    lv_obj_get_drag_dir                      0x08004ca1   Thumb Code    12  lv_obj.o(.text)
    lv_obj_get_drag_throw                    0x08004cad   Thumb Code    12  lv_obj.o(.text)
    lv_obj_get_drag_parent                   0x08004cb9   Thumb Code    12  lv_obj.o(.text)
    lv_obj_get_parent_event                  0x08004cc5   Thumb Code    10  lv_obj.o(.text)
    lv_obj_get_opa_scale_enable              0x08004ccf   Thumb Code    12  lv_obj.o(.text)
    lv_obj_get_protect                       0x08004cdb   Thumb Code     8  lv_obj.o(.text)
    lv_obj_get_signal_cb                     0x08004ce3   Thumb Code     6  lv_obj.o(.text)
    lv_obj_get_design_cb                     0x08004ce9   Thumb Code     6  lv_obj.o(.text)
    lv_obj_get_event_cb                      0x08004cef   Thumb Code     6  lv_obj.o(.text)
    lv_obj_get_ext_attr                      0x08004cf5   Thumb Code     6  lv_obj.o(.text)
    lv_obj_get_type                          0x08004cfb   Thumb Code    88  lv_obj.o(.text)
    lv_obj_is_focused                        0x08004d53   Thumb Code    26  lv_obj.o(.text)
    lv_refr_init                             0x08004d7d   Thumb Code     2  lv_refr.o(.text)
    lv_refr_get_disp_refreshing              0x08004d7f   Thumb Code     6  lv_refr.o(.text)
    lv_disp_refr_task                        0x080052cf   Thumb Code   340  lv_refr.o(.text)
    lv_refr_now                              0x08005423   Thumb Code    46  lv_refr.o(.text)
    lv_inv_area                              0x08005451   Thumb Code   222  lv_refr.o(.text)
    lv_refr_set_disp_refreshing              0x0800552f   Thumb Code     6  lv_refr.o(.text)
    lv_style_copy                            0x0800561d   Thumb Code    18  lv_style.o(.text)
    lv_style_init                            0x0800562f   Thumb Code  1352  lv_style.o(.text)
    lv_style_mix                             0x08005b77   Thumb Code   954  lv_style.o(.text)
    lv_style_anim_init                       0x08005f71   Thumb Code    80  lv_style.o(.text)
    lv_style_anim_set_styles                 0x08005fc1   Thumb Code    52  lv_style.o(.text)
    lv_draw_get_buf                          0x08006005   Thumb Code    84  lv_draw.o(.text)
    lv_draw_free_buf                         0x08006059   Thumb Code    28  lv_draw.o(.text)
    lv_draw_aa_get_opa                       0x08006075   Thumb Code    48  lv_draw.o(.text)
    lv_draw_aa_ver_seg                       0x080060a5   Thumb Code    92  lv_draw.o(.text)
    lv_draw_aa_hor_seg                       0x08006101   Thumb Code    92  lv_draw.o(.text)
    lv_draw_px                               0x080061eb   Thumb Code   214  lv_draw_basic.o(.text)
    lv_draw_fill                             0x08006409   Thumb Code   474  lv_draw_basic.o(.text)
    lv_draw_letter                           0x080065e3   Thumb Code   880  lv_draw_basic.o(.text)
    lv_draw_map                              0x080069a3   Thumb Code   814  lv_draw_basic.o(.text)
    lv_img_color_format_has_alpha            0x08006ce1   Thumb Code    56  lv_draw_img.o(.text)
    lv_img_color_format_is_chroma_keyed      0x08006d19   Thumb Code    44  lv_draw_img.o(.text)
    lv_draw_img                              0x08006ec5   Thumb Code   140  lv_draw_img.o(.text)
    lv_img_color_format_get_px_size          0x08006f51   Thumb Code    76  lv_draw_img.o(.text)
    lv_img_buf_get_px_color                  0x08006f9d   Thumb Code   414  lv_draw_img.o(.text)
    lv_img_buf_get_px_alpha                  0x0800713b   Thumb Code   362  lv_draw_img.o(.text)
    lv_img_buf_set_px_color                  0x080072a5   Thumb Code   378  lv_draw_img.o(.text)
    lv_img_buf_set_px_alpha                  0x0800741f   Thumb Code   292  lv_draw_img.o(.text)
    lv_img_buf_set_palette                   0x08007543   Thumb Code   126  lv_draw_img.o(.text)
    lv_img_src_get_type                      0x080075c1   Thumb Code    64  lv_draw_img.o(.text)
    lv_draw_label                            0x08007661   Thumb Code  1240  lv_draw_label.o(.text)
    lv_draw_rect                             0x0800a7b3   Thumb Code   144  lv_draw_rect.o(.text)
    lv_img_cache_open                        0x0800a869   Thumb Code   290  lv_img_cache.o(.text)
    lv_img_cache_invalidate_src              0x0800a98b   Thumb Code    94  lv_img_cache.o(.text)
    lv_img_cache_set_size                    0x0800a9e9   Thumb Code   122  lv_img_cache.o(.text)
    lv_img_decoder_built_in_close            0x0800aa71   Thumb Code    48  lv_img_decoder.o(.text)
    lv_img_decoder_set_close_cb              0x0800aaa1   Thumb Code     4  lv_img_decoder.o(.text)
    lv_img_decoder_built_in_read_line        0x0800ae7d   Thumb Code   200  lv_img_decoder.o(.text)
    lv_img_decoder_set_read_line_cb          0x0800af45   Thumb Code     4  lv_img_decoder.o(.text)
    lv_img_decoder_built_in_open             0x0800af49   Thumb Code   454  lv_img_decoder.o(.text)
    lv_img_decoder_set_open_cb               0x0800b10f   Thumb Code     4  lv_img_decoder.o(.text)
    lv_img_decoder_built_in_info             0x0800b113   Thumb Code   188  lv_img_decoder.o(.text)
    lv_img_decoder_set_info_cb               0x0800b1cf   Thumb Code     4  lv_img_decoder.o(.text)
    lv_img_decoder_create                    0x0800b1d3   Thumb Code    36  lv_img_decoder.o(.text)
    lv_img_decoder_init                      0x0800b1f7   Thumb Code    70  lv_img_decoder.o(.text)
    lv_img_decoder_get_info                  0x0800b23d   Thumb Code    74  lv_img_decoder.o(.text)
    lv_img_decoder_open                      0x0800b287   Thumb Code   128  lv_img_decoder.o(.text)
    lv_img_decoder_read_line                 0x0800b307   Thumb Code    52  lv_img_decoder.o(.text)
    lv_img_decoder_close                     0x0800b33b   Thumb Code    24  lv_img_decoder.o(.text)
    lv_img_decoder_delete                    0x0800b353   Thumb Code    20  lv_img_decoder.o(.text)
    lv_font_get_glyph_bitmap                 0x0800b36d   Thumb Code    16  lv_font.o(.text)
    lv_font_get_glyph_dsc                    0x0800b37d   Thumb Code    30  lv_font.o(.text)
    lv_font_get_glyph_width                  0x0800b39b   Thumb Code    38  lv_font.o(.text)
    lv_font_get_bitmap_fmt_txt               0x0800b561   Thumb Code    52  lv_font_fmt_txt.o(.text)
    lv_font_get_glyph_dsc_fmt_txt            0x0800b6a3   Thumb Code   132  lv_font_fmt_txt.o(.text)
    lv_disp_drv_init                         0x0800b735   Thumb Code    70  lv_hal_disp.o(.text)
    lv_disp_buf_init                         0x0800b77b   Thumb Code    34  lv_hal_disp.o(.text)
    lv_disp_drv_register                     0x0800b79d   Thumb Code   184  lv_hal_disp.o(.text)
    lv_disp_get_default                      0x0800b855   Thumb Code     6  lv_hal_disp.o(.text)
    lv_disp_get_ver_res                      0x0800b85b   Thumb Code    40  lv_hal_disp.o(.text)
    lv_disp_get_hor_res                      0x0800b883   Thumb Code    38  lv_hal_disp.o(.text)
    lv_disp_drv_update                       0x0800b8a9   Thumb Code    76  lv_hal_disp.o(.text)
    lv_disp_set_default                      0x0800b8f5   Thumb Code     6  lv_hal_disp.o(.text)
    lv_disp_remove                           0x0800b8fb   Thumb Code    82  lv_hal_disp.o(.text)
    lv_disp_get_antialiasing                 0x0800b94d   Thumb Code    26  lv_hal_disp.o(.text)
    lv_disp_flush_ready                      0x0800b967   Thumb Code    14  lv_hal_disp.o(.text)
    lv_disp_get_next                         0x0800b975   Thumb Code    24  lv_hal_disp.o(.text)
    lv_disp_get_buf                          0x0800b98d   Thumb Code     6  lv_hal_disp.o(.text)
    lv_disp_get_inv_buf_size                 0x0800b993   Thumb Code    12  lv_hal_disp.o(.text)
    lv_disp_pop_from_inv_buf                 0x0800b99f   Thumb Code    36  lv_hal_disp.o(.text)
    lv_disp_is_double_buf                    0x0800b9c3   Thumb Code    22  lv_hal_disp.o(.text)
    lv_disp_is_true_double_buf               0x0800b9d9   Thumb Code    40  lv_hal_disp.o(.text)
    lv_indev_drv_init                        0x0800ba15   Thumb Code    36  lv_hal_indev.o(.text)
    lv_indev_drv_register                    0x0800ba39   Thumb Code   100  lv_hal_indev.o(.text)
    lv_indev_drv_update                      0x0800ba9d   Thumb Code    18  lv_hal_indev.o(.text)
    lv_indev_get_next                        0x0800baaf   Thumb Code    24  lv_hal_indev.o(.text)
    lv_indev_read                            0x0800bac7   Thumb Code    62  lv_hal_indev.o(.text)
    lv_tick_inc                              0x0800bb0d   Thumb Code    18  lv_hal_tick.o(.text)
    lv_tick_get                              0x0800bb1f   Thumb Code    22  lv_hal_tick.o(.text)
    lv_tick_elaps                            0x0800bb35   Thumb Code    26  lv_hal_tick.o(.text)
    lv_anim_core_init                        0x0800bccf   Thumb Code    32  lv_anim.o(.text)
    lv_anim_path_linear                      0x0800bcef   Thumb Code    52  lv_anim.o(.text)
    lv_anim_init                             0x0800bd23   Thumb Code    34  lv_anim.o(.text)
    lv_anim_del                              0x0800bd45   Thumb Code    80  lv_anim.o(.text)
    lv_anim_create                           0x0800bd95   Thumb Code    80  lv_anim.o(.text)
    lv_anim_count_running                    0x0800bde5   Thumb Code    40  lv_anim.o(.text)
    lv_anim_speed_to_time                    0x0800be0d   Thumb Code    48  lv_anim.o(.text)
    lv_anim_path_ease_in                     0x0800be3d   Thumb Code    72  lv_anim.o(.text)
    lv_anim_path_ease_out                    0x0800be85   Thumb Code    72  lv_anim.o(.text)
    lv_anim_path_ease_in_out                 0x0800becd   Thumb Code    74  lv_anim.o(.text)
    lv_anim_path_overshoot                   0x0800bf17   Thumb Code    76  lv_anim.o(.text)
    lv_anim_path_bounce                      0x0800bf63   Thumb Code   256  lv_anim.o(.text)
    lv_anim_path_step                        0x0800c063   Thumb Code    24  lv_anim.o(.text)
    lv_area_set                              0x0800c07b   Thumb Code    14  lv_area.o(.text)
    lv_area_set_width                        0x0800c089   Thumb Code    12  lv_area.o(.text)
    lv_area_set_height                       0x0800c095   Thumb Code    12  lv_area.o(.text)
    lv_area_set_pos                          0x0800c0a1   Thumb Code    58  lv_area.o(.text)
    lv_area_get_size                         0x0800c0db   Thumb Code    34  lv_area.o(.text)
    lv_area_intersect                        0x0800c0fd   Thumb Code   130  lv_area.o(.text)
    lv_area_join                             0x0800c17f   Thumb Code   100  lv_area.o(.text)
    lv_area_is_point_on                      0x0800c1e3   Thumb Code    58  lv_area.o(.text)
    lv_area_is_on                            0x0800c21d   Thumb Code    58  lv_area.o(.text)
    lv_area_is_in                            0x0800c257   Thumb Code    58  lv_area.o(.text)
    lv_async_call                            0x0800c2a5   Thumb Code    66  lv_async.o(.text)
    lv_circ_init                             0x0800c2ed   Thumb Code    16  lv_circ.o(.text)
    lv_circ_cont                             0x0800c2fd   Thumb Code    22  lv_circ.o(.text)
    lv_circ_next                             0x0800c313   Thumb Code    60  lv_circ.o(.text)
    lv_fs_init                               0x0800c351   Thumb Code    12  lv_fs.o(.text)
    lv_fs_get_drv                            0x0800c35d   Thumb Code    42  lv_fs.o(.text)
    lv_fs_is_ready                           0x0800c387   Thumb Code    34  lv_fs.o(.text)
    lv_fs_open                               0x0800c3cf   Thumb Code   154  lv_fs.o(.text)
    lv_fs_close                              0x0800c469   Thumb Code    50  lv_fs.o(.text)
    lv_fs_remove                             0x0800c49b   Thumb Code    78  lv_fs.o(.text)
    lv_fs_read                               0x0800c4e9   Thumb Code    72  lv_fs.o(.text)
    lv_fs_write                              0x0800c531   Thumb Code    72  lv_fs.o(.text)
    lv_fs_seek                               0x0800c579   Thumb Code    40  lv_fs.o(.text)
    lv_fs_tell                               0x0800c5a1   Thumb Code    44  lv_fs.o(.text)
    lv_fs_trunc                              0x0800c5cd   Thumb Code    36  lv_fs.o(.text)
    lv_fs_size                               0x0800c5f1   Thumb Code    46  lv_fs.o(.text)
    lv_fs_rename                             0x0800c61f   Thumb Code    90  lv_fs.o(.text)
    lv_fs_dir_open                           0x0800c679   Thumb Code   102  lv_fs.o(.text)
    lv_fs_dir_read                           0x0800c6df   Thumb Code    48  lv_fs.o(.text)
    lv_fs_dir_close                          0x0800c70f   Thumb Code    58  lv_fs.o(.text)
    lv_fs_free_space                         0x0800c749   Thumb Code    70  lv_fs.o(.text)
    lv_fs_drv_init                           0x0800c78f   Thumb Code    14  lv_fs.o(.text)
    lv_fs_drv_register                       0x0800c79d   Thumb Code    36  lv_fs.o(.text)
    lv_fs_get_letters                        0x0800c7c1   Thumb Code    46  lv_fs.o(.text)
    lv_fs_get_ext                            0x0800c7ef   Thumb Code    54  lv_fs.o(.text)
    lv_fs_up                                 0x0800c825   Thumb Code    94  lv_fs.o(.text)
    lv_fs_get_last                           0x0800c883   Thumb Code    90  lv_fs.o(.text)
    lv_ll_init                               0x0800c8e5   Thumb Code    22  lv_ll.o(.text)
    lv_ll_ins_head                           0x0800c957   Thumb Code    64  lv_ll.o(.text)
    lv_ll_get_prev                           0x0800c997   Thumb Code    20  lv_ll.o(.text)
    lv_ll_get_head                           0x0800c9ab   Thumb Code    10  lv_ll.o(.text)
    lv_ll_ins_prev                           0x0800c9b5   Thumb Code   114  lv_ll.o(.text)
    lv_ll_ins_tail                           0x0800ca27   Thumb Code    70  lv_ll.o(.text)
    lv_ll_get_next                           0x0800ca6d   Thumb Code    22  lv_ll.o(.text)
    lv_ll_get_tail                           0x0800ca83   Thumb Code    10  lv_ll.o(.text)
    lv_ll_rem                                0x0800ca8d   Thumb Code   138  lv_ll.o(.text)
    lv_ll_clear                              0x0800cb17   Thumb Code    48  lv_ll.o(.text)
    lv_ll_chg_list                           0x0800cb47   Thumb Code   112  lv_ll.o(.text)
    lv_ll_get_len                            0x0800cbb7   Thumb Code    36  lv_ll.o(.text)
    lv_ll_swap                               0x0800cbdb   Thumb Code     2  lv_ll.o(.text)
    lv_ll_move_before                        0x0800cbdd   Thumb Code   106  lv_ll.o(.text)
    lv_ll_is_empty                           0x0800cc47   Thumb Code    24  lv_ll.o(.text)
    lv_trigo_sin                             0x0800cc61   Thumb Code   106  lv_math.o(.text)
    lv_bezier3                               0x0800cccb   Thumb Code    94  lv_math.o(.text)
    lv_mem_init                              0x0800cd2d   Thumb Code    32  lv_mem.o(.text)
    lv_mem_alloc                             0x0800cdf3   Thumb Code    70  lv_mem.o(.text)
    lv_mem_get_size                          0x0800ce39   Thumb Code    26  lv_mem.o(.text)
    lv_mem_free                              0x0800ce53   Thumb Code   110  lv_mem.o(.text)
    lv_mem_realloc                           0x0800cec1   Thumb Code   108  lv_mem.o(.text)
    lv_mem_defrag                            0x0800cf2d   Thumb Code   110  lv_mem.o(.text)
    lv_mem_monitor                           0x0800cf9b   Thumb Code   132  lv_mem.o(.text)
    lv_task_enable                           0x0800d02d   Thumb Code     6  lv_task.o(.text)
    lv_task_core_init                        0x0800d033   Thumb Code    18  lv_task.o(.text)
    lv_task_del                              0x0800d045   Thumb Code    34  lv_task.o(.text)
    lv_task_handler                          0x0800d0af   Thumb Code   330  lv_task.o(.text)
    lv_task_create_basic                     0x0800d1f9   Thumb Code   156  lv_task.o(.text)
    lv_task_set_prio                         0x0800d295   Thumb Code    94  lv_task.o(.text)
    lv_task_set_period                       0x0800d2f3   Thumb Code     4  lv_task.o(.text)
    lv_task_set_cb                           0x0800d2f7   Thumb Code     4  lv_task.o(.text)
    lv_task_create                           0x0800d2fb   Thumb Code    62  lv_task.o(.text)
    lv_task_ready                            0x0800d339   Thumb Code    18  lv_task.o(.text)
    lv_task_once                             0x0800d34b   Thumb Code    12  lv_task.o(.text)
    lv_task_reset                            0x0800d357   Thumb Code    12  lv_task.o(.text)
    lv_task_get_idle                         0x0800d363   Thumb Code     6  lv_task.o(.text)
    lv_txt_is_cmd                            0x0800d391   Thumb Code    66  lv_txt.o(.text)
    lv_txt_get_width                         0x0800d3d3   Thumb Code   140  lv_txt.o(.text)
    lv_txt_get_next_line                     0x0800d45f   Thumb Code   272  lv_txt.o(.text)
    lv_txt_get_size                          0x0800d56f   Thumb Code   204  lv_txt.o(.text)
    lv_txt_ins                               0x0800d63b   Thumb Code    74  lv_txt.o(.text)
    lv_txt_cut                               0x0800d685   Thumb Code    66  lv_txt.o(.text)
    lv_utils_num_to_str                      0x0800da15   Thumb Code   128  lv_utils.o(.text)
    lv_utils_bsearch                         0x0800da95   Thumb Code    84  lv_utils.o(.text)
    lv_btn_set_style                         0x0800dae9   Thumb Code    76  lv_btn.o(.text)
    lv_btn_set_state                         0x0800db69   Thumb Code    46  lv_btn.o(.text)
    lv_btn_get_toggle                        0x0800db97   Thumb Code    20  lv_btn.o(.text)
    lv_btn_create                            0x0800ddc7   Thumb Code   296  lv_btn.o(.text)
    lv_btn_set_toggle                        0x0800deef   Thumb Code    24  lv_btn.o(.text)
    lv_btn_toggle                            0x0800df07   Thumb Code   126  lv_btn.o(.text)
    lv_btn_set_ink_in_time                   0x0800df85   Thumb Code     2  lv_btn.o(.text)
    lv_btn_set_ink_wait_time                 0x0800df87   Thumb Code     2  lv_btn.o(.text)
    lv_btn_set_ink_out_time                  0x0800df89   Thumb Code     2  lv_btn.o(.text)
    lv_btn_get_state                         0x0800df8b   Thumb Code    20  lv_btn.o(.text)
    lv_btn_get_ink_in_time                   0x0800df9f   Thumb Code     6  lv_btn.o(.text)
    lv_btn_get_ink_wait_time                 0x0800dfa5   Thumb Code     6  lv_btn.o(.text)
    lv_btn_get_ink_out_time                  0x0800dfab   Thumb Code     6  lv_btn.o(.text)
    lv_btn_get_style                         0x0800dfb1   Thumb Code   132  lv_btn.o(.text)
    lv_cont_get_layout                       0x0800e701   Thumb Code    20  lv_cont.o(.text)
    lv_cont_create                           0x0800ea89   Thumb Code   244  lv_cont.o(.text)
    lv_cont_set_layout                       0x0800eb7d   Thumb Code    48  lv_cont.o(.text)
    lv_cont_set_fit4                         0x0800ebad   Thumb Code   120  lv_cont.o(.text)
    lv_cont_get_fit_left                     0x0800ec25   Thumb Code    20  lv_cont.o(.text)
    lv_cont_get_fit_right                    0x0800ec39   Thumb Code    18  lv_cont.o(.text)
    lv_cont_get_fit_top                      0x0800ec4b   Thumb Code    20  lv_cont.o(.text)
    lv_cont_get_fit_bottom                   0x0800ec5f   Thumb Code    20  lv_cont.o(.text)
    lv_label_get_text                        0x0800ed31   Thumb Code    16  lv_label.o(.text)
    lv_label_get_letter_on                   0x0800ed41   Thumb Code   394  lv_label.o(.text)
    lv_label_set_static_text                 0x0800f2ed   Thumb Code    58  lv_label.o(.text)
    lv_label_set_text                        0x0800f327   Thumb Code   152  lv_label.o(.text)
    lv_label_get_align                       0x0800f3bf   Thumb Code    20  lv_label.o(.text)
    lv_label_set_align                       0x0800f3d3   Thumb Code    44  lv_label.o(.text)
    lv_label_get_body_draw                   0x0800f3ff   Thumb Code    20  lv_label.o(.text)
    lv_label_set_body_draw                   0x0800f413   Thumb Code    50  lv_label.o(.text)
    lv_label_get_recolor                     0x0800f445   Thumb Code    20  lv_label.o(.text)
    lv_label_set_recolor                     0x0800f459   Thumb Code    44  lv_label.o(.text)
    lv_label_get_long_mode                   0x0800f485   Thumb Code    20  lv_label.o(.text)
    lv_label_set_long_mode                   0x0800f529   Thumb Code   128  lv_label.o(.text)
    lv_label_get_text_sel_end                0x0800f6fd   Thumb Code     8  lv_label.o(.text)
    lv_label_get_text_sel_start              0x0800f705   Thumb Code     8  lv_label.o(.text)
    lv_label_create                          0x0800f96d   Thumb Code   482  lv_label.o(.text)
    lv_label_set_array_text                  0x0800fb4f   Thumb Code   120  lv_label.o(.text)
    lv_label_set_anim_speed                  0x0800fbc7   Thumb Code    54  lv_label.o(.text)
    lv_label_set_text_sel_start              0x0800fbfd   Thumb Code     2  lv_label.o(.text)
    lv_label_set_text_sel_end                0x0800fbff   Thumb Code     2  lv_label.o(.text)
    lv_label_get_anim_speed                  0x0800fc01   Thumb Code    16  lv_label.o(.text)
    lv_label_get_letter_pos                  0x0800fc11   Thumb Code   408  lv_label.o(.text)
    lv_label_is_char_under_pos               0x0800fda9   Thumb Code   448  lv_label.o(.text)
    lv_label_ins_text                        0x0800ff69   Thumb Code   120  lv_label.o(.text)
    lv_label_cut_text                        0x0800ffe1   Thumb Code    64  lv_label.o(.text)
    lv_theme_set_current                     0x08010051   Thumb Code    40  lv_theme.o(.text)
    lv_theme_get_current                     0x08010079   Thumb Code     6  lv_theme.o(.text)
    __aeabi_memcpy                           0x08010085   Thumb Code    36  memcpya.o(.text)
    __aeabi_memcpy4                          0x08010085   Thumb Code     0  memcpya.o(.text)
    __aeabi_memcpy8                          0x08010085   Thumb Code     0  memcpya.o(.text)
    __aeabi_memset                           0x080100a9   Thumb Code    14  memseta.o(.text)
    __aeabi_memset4                          0x080100a9   Thumb Code     0  memseta.o(.text)
    __aeabi_memset8                          0x080100a9   Thumb Code     0  memseta.o(.text)
    __aeabi_memclr                           0x080100b7   Thumb Code     4  memseta.o(.text)
    __aeabi_memclr4                          0x080100b7   Thumb Code     0  memseta.o(.text)
    __aeabi_memclr8                          0x080100b7   Thumb Code     0  memseta.o(.text)
    _memset$wrapper                          0x080100bb   Thumb Code    18  memseta.o(.text)
    strlen                                   0x080100cd   Thumb Code    14  strlen.o(.text)
    strcmp                                   0x080100db   Thumb Code    28  strcmp.o(.text)
    strcpy                                   0x080100f7   Thumb Code    18  strcpy.o(.text)
    __aeabi_uldivmod                         0x08010109   Thumb Code    98  uldiv.o(.text)
    __aeabi_llsr                             0x0801016b   Thumb Code    32  llushr.o(.text)
    _ll_ushift_r                             0x0801016b   Thumb Code     0  llushr.o(.text)
    __scatterload                            0x0801018d   Thumb Code    28  init.o(.text)
    __scatterload_rt2                        0x0801018d   Thumb Code     0  init.o(.text)
    __aeabi_llsl                             0x080101b1   Thumb Code    30  llshl.o(.text)
    _ll_shift_l                              0x080101b1   Thumb Code     0  llshl.o(.text)
    __0printf$5                              0x080101d1   Thumb Code    22  printf5.o(i.__0printf$5)
    __1printf$5                              0x080101d1   Thumb Code     0  printf5.o(i.__0printf$5)
    __2printf                                0x080101d1   Thumb Code     0  printf5.o(i.__0printf$5)
    __scatterload_copy                       0x080101f1   Thumb Code    14  handlers.o(i.__scatterload_copy)
    __scatterload_null                       0x080101ff   Thumb Code     2  handlers.o(i.__scatterload_null)
    __scatterload_zeroinit                   0x08010201   Thumb Code    14  handlers.o(i.__scatterload_zeroinit)
    Region$$Table$$Base                      0x080133bc   Number         0  anon$$obj.o(Region$$Table)
    Region$$Table$$Limit                     0x080133dc   Number         0  anon$$obj.o(Region$$Table)
    SystemCoreClock                          0x20000000   Data           4  system_stm32f10x.o(.data)
    AHBPrescTable                            0x20000004   Data          16  system_stm32f10x.o(.data)
    __stdout                                 0x20000028   Data           4  uartprintf.o(.data)
    lv_font_roboto_16                        0x20000090   Data          16  lv_font_roboto_16.o(.data)
    _lv_img_cache_array                      0x200000b4   Data           4  lv_gc.o(.data)
    _lv_task_act                             0x200000b8   Data           4  lv_gc.o(.data)
    _lv_draw_buf                             0x200000bc   Data           4  lv_gc.o(.data)
    lv_txt_encoded_size                      0x200000dc   Data           4  lv_txt.o(.data)
    lv_txt_unicode_to_encoded                0x200000e0   Data           4  lv_txt.o(.data)
    lv_txt_encoded_conv_wc                   0x200000e4   Data           4  lv_txt.o(.data)
    lv_txt_encoded_next                      0x200000e8   Data           4  lv_txt.o(.data)
    lv_txt_encoded_prev                      0x200000ec   Data           4  lv_txt.o(.data)
    lv_txt_encoded_get_byte_id               0x200000f0   Data           4  lv_txt.o(.data)
    lv_encoded_get_char_id                   0x200000f4   Data           4  lv_txt.o(.data)
    lv_txt_get_encoded_length                0x200000f8   Data           4  lv_txt.o(.data)
    lv_style_scr                             0x20000110   Data          60  lv_style.o(.bss)
    lv_style_transp                          0x2000014c   Data          60  lv_style.o(.bss)
    lv_style_transp_fit                      0x20000188   Data          60  lv_style.o(.bss)
    lv_style_transp_tight                    0x200001c4   Data          60  lv_style.o(.bss)
    lv_style_plain                           0x20000200   Data          60  lv_style.o(.bss)
    lv_style_plain_color                     0x2000023c   Data          60  lv_style.o(.bss)
    lv_style_pretty                          0x20000278   Data          60  lv_style.o(.bss)
    lv_style_pretty_color                    0x200002b4   Data          60  lv_style.o(.bss)
    lv_style_btn_rel                         0x200002f0   Data          60  lv_style.o(.bss)
    lv_style_btn_pr                          0x2000032c   Data          60  lv_style.o(.bss)
    lv_style_btn_tgl_rel                     0x20000368   Data          60  lv_style.o(.bss)
    lv_style_btn_tgl_pr                      0x200003a4   Data          60  lv_style.o(.bss)
    lv_style_btn_ina                         0x200003e0   Data          60  lv_style.o(.bss)
    _lv_task_ll                              0x200005fc   Data          12  lv_gc.o(.bss)
    _lv_disp_ll                              0x20000608   Data          12  lv_gc.o(.bss)
    _lv_indev_ll                             0x20000614   Data          12  lv_gc.o(.bss)
    _lv_drv_ll                               0x20000620   Data          12  lv_gc.o(.bss)
    _lv_file_ll                              0x2000062c   Data          12  lv_gc.o(.bss)
    _lv_anim_ll                              0x20000638   Data          12  lv_gc.o(.bss)
    _lv_group_ll                             0x20000644   Data          12  lv_gc.o(.bss)
    _lv_img_defoder_ll                       0x20000650   Data          12  lv_gc.o(.bss)
    __initial_sp                             0x20008a60   Data           0  startup_stm32f10x_hd.o(STACK)



==============================================================================

Memory Map of the image

  Image Entry point : 0x08000131

  Load Region LR_IROM1 (Base: 0x08000000, Size: 0x000134ec, Max: 0x00040000, ABSOLUTE)

    Execution Region ER_IROM1 (Base: 0x08000000, Size: 0x000133dc, Max: 0x00040000, ABSOLUTE)

    Base Addr    Size         Type   Attr      Idx    E Section Name        Object

    0x08000000   0x00000130   Data   RO            3    RESET               startup_stm32f10x_hd.o
    0x08000130   0x00000000   Code   RO         3705  * .ARM.Collect$$$$00000000  mc_w.l(entry.o)
    0x08000130   0x00000004   Code   RO         3987    .ARM.Collect$$$$00000001  mc_w.l(entry2.o)
    0x08000134   0x00000004   Code   RO         3990    .ARM.Collect$$$$00000004  mc_w.l(entry5.o)
    0x08000138   0x00000000   Code   RO         3992    .ARM.Collect$$$$00000008  mc_w.l(entry7b.o)
    0x08000138   0x00000000   Code   RO         3994    .ARM.Collect$$$$0000000A  mc_w.l(entry8b.o)
    0x08000138   0x00000008   Code   RO         3995    .ARM.Collect$$$$0000000B  mc_w.l(entry9a.o)
    0x08000140   0x00000000   Code   RO         3997    .ARM.Collect$$$$0000000D  mc_w.l(entry10a.o)
    0x08000140   0x00000000   Code   RO         3999    .ARM.Collect$$$$0000000F  mc_w.l(entry11a.o)
    0x08000140   0x00000004   Code   RO         3988    .ARM.Collect$$$$00002712  mc_w.l(entry2.o)
    0x08000144   0x00000024   Code   RO            4    .text               startup_stm32f10x_hd.o
    0x08000168   0x00000074   Code   RO           10    .text               main.o
    0x080001dc   0x0000001a   Code   RO          381    .text               stm32f10x_it.o
    0x080001f6   0x00000002   PAD
    0x080001f8   0x000001dc   Code   RO          396    .text               system_stm32f10x.o
    0x080003d4   0x000000c8   Code   RO          414    .text               sysclock.o
    0x0800049c   0x000000dc   Code   RO          465    .text               misc.o
    0x08000578   0x000005bc   Code   RO          585    .text               stm32f10x_flash.o
    0x08000b34   0x00000358   Code   RO          609    .text               stm32f10x_gpio.o
    0x08000e8c   0x000003a4   Code   RO          657    .text               stm32f10x_rcc.o
    0x08001230   0x00000408   Code   RO          719    .text               stm32f10x_usart.o
    0x08001638   0x000000fc   Code   RO          743    .text               uartprintf.o
    0x08001734   0x00000112   Code   RO          821    .text               lv_disp.o
    0x08001846   0x00000002   PAD
    0x08001848   0x00000894   Code   RO          895    .text               lv_group.o
    0x080020dc   0x00001428   Code   RO          994    .text               lv_indev.o
    0x08003504   0x00001878   Code   RO         1039    .text               lv_obj.o
    0x08004d7c   0x000007e8   Code   RO         1121    .text               lv_refr.o
    0x08005564   0x00000aa0   Code   RO         1148    .text               lv_style.o
    0x08006004   0x00000164   Code   RO         1179    .text               lv_draw.o
    0x08006168   0x00000b76   Code   RO         1285    .text               lv_draw_basic.o
    0x08006cde   0x00000002   PAD
    0x08006ce0   0x0000092e   Code   RO         1355    .text               lv_draw_img.o
    0x0800760e   0x00000002   PAD
    0x08007610   0x00000548   Code   RO         1383    .text               lv_draw_label.o
    0x08007b58   0x00002d10   Code   RO         1452    .text               lv_draw_rect.o
    0x0800a868   0x00000208   Code   RO         1502    .text               lv_img_cache.o
    0x0800aa70   0x000008fc   Code   RO         1532    .text               lv_img_decoder.o
    0x0800b36c   0x00000054   Code   RO         1586    .text               lv_font.o
    0x0800b3c0   0x00000374   Code   RO         1611    .text               lv_font_fmt_txt.o
    0x0800b734   0x000002e0   Code   RO         1784    .text               lv_hal_disp.o
    0x0800ba14   0x000000f8   Code   RO         1865    .text               lv_hal_indev.o
    0x0800bb0c   0x0000004c   Code   RO         1930    .text               lv_hal_tick.o
    0x0800bb58   0x00000522   Code   RO         1944    .text               lv_anim.o
    0x0800c07a   0x00000216   Code   RO         2012    .text               lv_area.o
    0x0800c290   0x0000005c   Code   RO         2027    .text               lv_async.o
    0x0800c2ec   0x00000062   Code   RO         2045    .text               lv_circ.o
    0x0800c34e   0x00000002   PAD
    0x0800c350   0x00000594   Code   RO         2078    .text               lv_fs.o
    0x0800c8e4   0x0000037a   Code   RO         2135    .text               lv_ll.o
    0x0800cc5e   0x00000002   PAD
    0x0800cc60   0x000000cc   Code   RO         2153    .text               lv_math.o
    0x0800cd2c   0x00000300   Code   RO         2167    .text               lv_mem.o
    0x0800d02c   0x00000364   Code   RO         2182    .text               lv_task.o
    0x0800d390   0x00000684   Code   RO         2205    .text               lv_txt.o
    0x0800da14   0x000000d4   Code   RO         2230    .text               lv_utils.o
    0x0800dae8   0x0000054c   Code   RO         2443    .text               lv_btn.o
    0x0800e034   0x00000c70   Code   RO         2705    .text               lv_cont.o
    0x0800eca4   0x000013ac   Code   RO         2887    .text               lv_label.o
    0x08010050   0x00000034   Code   RO         3509    .text               lv_theme.o
    0x08010084   0x00000024   Code   RO         3708    .text               mc_w.l(memcpya.o)
    0x080100a8   0x00000024   Code   RO         3710    .text               mc_w.l(memseta.o)
    0x080100cc   0x0000000e   Code   RO         3712    .text               mc_w.l(strlen.o)
    0x080100da   0x0000001c   Code   RO         3714    .text               mc_w.l(strcmp.o)
    0x080100f6   0x00000012   Code   RO         3716    .text               mc_w.l(strcpy.o)
    0x08010108   0x00000062   Code   RO         4003    .text               mc_w.l(uldiv.o)
    0x0801016a   0x00000020   Code   RO         4005    .text               mc_w.l(llushr.o)
    0x0801018a   0x00000002   PAD
    0x0801018c   0x00000024   Code   RO         4018    .text               mc_w.l(init.o)
    0x080101b0   0x0000001e   Code   RO         4020    .text               mc_w.l(llshl.o)
    0x080101ce   0x00000002   PAD
    0x080101d0   0x00000020   Code   RO         3853    i.__0printf$5       mc_w.l(printf5.o)
    0x080101f0   0x0000000e   Code   RO         4026    i.__scatterload_copy  mc_w.l(handlers.o)
    0x080101fe   0x00000002   Code   RO         4027    i.__scatterload_null  mc_w.l(handlers.o)
    0x08010200   0x0000000e   Code   RO         4028    i.__scatterload_zeroinit  mc_w.l(handlers.o)
    0x0801020e   0x00000002   PAD
    0x08010210   0x000002c0   Code   RO         3860    i._printf_core      mc_w.l(printf5.o)
    0x080104d0   0x0000002e   Data   RO          896    .constdata          lv_group.o
    0x080104fe   0x00000002   PAD
    0x08010500   0x00000016   Data   RO         1150    .constdata          lv_style.o
    0x08010516   0x00000024   Data   RO         1180    .constdata          lv_draw.o
    0x0801053a   0x00000011   Data   RO         1453    .constdata          lv_draw_rect.o
    0x0801054b   0x00000001   PAD
    0x0801054c   0x00002db8   Data   RO         1638    .constdata          lv_font_roboto_16.o
    0x08013304   0x00000002   Data   RO         1785    .constdata          lv_hal_disp.o
    0x08013306   0x000000b6   Data   RO         2154    .constdata          lv_math.o
    0x080133bc   0x00000020   Data   RO         4024    Region$$Table       anon$$obj.o


    Execution Region RW_IRAM1 (Base: 0x20000000, Size: 0x00008a60, Max: 0x0000c000, ABSOLUTE)

    Base Addr    Size         Type   Attr      Idx    E Section Name        Object

    0x20000000   0x00000014   Data   RW          397    .data               system_stm32f10x.o
    0x20000014   0x00000014   Data   RW          658    .data               stm32f10x_rcc.o
    0x20000028   0x00000004   Data   RW          744    .data               uartprintf.o
    0x2000002c   0x00000008   Data   RW          995    .data               lv_indev.o
    0x20000034   0x0000000c   Data   RW         1040    .data               lv_obj.o
    0x20000040   0x00000008   Data   RW         1122    .data               lv_refr.o
    0x20000048   0x00000024   Data   RW         1181    .data               lv_draw.o
    0x2000006c   0x00000002   Data   RW         1287    .data               lv_draw_basic.o
    0x2000006e   0x00000002   Data   RW         1503    .data               lv_img_cache.o
    0x20000070   0x00000030   Data   RW         1639    .data               lv_font_roboto_16.o
    0x200000a0   0x00000004   Data   RW         1786    .data               lv_hal_disp.o
    0x200000a4   0x00000005   Data   RW         1931    .data               lv_hal_tick.o
    0x200000a9   0x00000003   PAD
    0x200000ac   0x00000005   Data   RW         1945    .data               lv_anim.o
    0x200000b1   0x00000003   PAD
    0x200000b4   0x0000000c   Data   RW         2117    .data               lv_gc.o
    0x200000c0   0x00000008   Data   RW         2169    .data               lv_mem.o
    0x200000c8   0x00000012   Data   RW         2183    .data               lv_task.o
    0x200000da   0x00000002   PAD
    0x200000dc   0x00000020   Data   RW         2206    .data               lv_txt.o
    0x200000fc   0x00000008   Data   RW         2444    .data               lv_btn.o
    0x20000104   0x00000004   Data   RW         2706    .data               lv_cont.o
    0x20000108   0x00000004   Data   RW         2888    .data               lv_label.o
    0x2000010c   0x00000004   Data   RW         3510    .data               lv_theme.o
    0x20000110   0x0000030c   Zero   RW         1149    .bss                lv_style.o
    0x2000041c   0x000001e0   Zero   RW         1286    .bss                lv_draw_basic.o
    0x200005fc   0x00000060   Zero   RW         2116    .bss                lv_gc.o
    0x2000065c   0x00008000   Zero   RW         2168    .bss                lv_mem.o
    0x2000865c   0x00000004   PAD
    0x20008660   0x00000400   Zero   RW            1    STACK               startup_stm32f10x_hd.o


==============================================================================

Image component sizes


      Code (inc. data)   RO Data    RW Data    ZI Data      Debug   Object Name

      1314         16          0          5          0      12373   lv_anim.o
         0          0          0          0          0      15418   lv_arc.o
       534          0          0          0          0       3939   lv_area.o
        92          6          0          0          0       1736   lv_async.o
         0          0          0          0          0       6979   lv_bar.o
      1356         58          0          8          0      13690   lv_btn.o
         0          0          0          0          0       3466   lv_calendar.o
        98          0          0          0          0       1869   lv_circ.o
      3184         22          0          4          0      14986   lv_cont.o
       274          0          0          0          0      17261   lv_disp.o
       356         12         36         36          0      15277   lv_draw.o
      2934         34          0          2        480      22915   lv_draw_basic.o
      2350         60          0          0          0      16045   lv_draw_img.o
      1352         24          0          0          0      10406   lv_draw_label.o
     11536         18         17          0          0      19833   lv_draw_rect.o
        84          0          0          0          0       2481   lv_font.o
       884         14          0          0          0       6023   lv_font_fmt_txt.o
         0          0      11704         48          0       1688   lv_font_roboto_16.o
      1428         12          0          0          0      13874   lv_fs.o
         0          0          0         12         96       3492   lv_gc.o
      2196         38         46          0          0      28513   lv_group.o
       736         20          2          4          0      21282   lv_hal_disp.o
       248          8          0          0          0      16504   lv_hal_indev.o
        76         10          0          5          0       1332   lv_hal_tick.o
       520         14          0          2          0       4002   lv_img_cache.o
      2300         34          0          0          0      13642   lv_img_decoder.o
      5160         38          0          8          0      23124   lv_indev.o
      5036        108          0          4          0      24545   lv_label.o
       890          0          0          0          0       5329   lv_ll.o
       204          4        182          0          0       1454   lv_math.o
       768         14          0          8      32768       3819   lv_mem.o
      6264        106          0         12          0      35973   lv_obj.o
      2024         14          0          8          0       6317   lv_refr.o
      2720         84         22          0        780       8753   lv_style.o
       868         40          0         18          0       4344   lv_task.o
        52          6          0          4          0      21526   lv_theme.o
      1668         34          0         32          0       9103   lv_txt.o
       212          0          0          0          0       1327   lv_utils.o
       116         22          0          0          0      54197   main.o
       220         20          0          0          0       1681   misc.o
        36          8        304          0       1024        752   startup_stm32f10x_hd.o
      1468         34          0          0          0       7910   stm32f10x_flash.o
       856         40          0          0          0       5529   stm32f10x_gpio.o
        26          0          0          0          0       1138   stm32f10x_it.o
       932         44          0         20          0       8640   stm32f10x_rcc.o
      1032         22          0          0          0       8248   stm32f10x_usart.o
       200          0          0          0          0     205494   sysclock.o
       476         36          0         20          0       1603   system_stm32f10x.o
       252          8          0          4          0       2968   uartprintf.o

    ----------------------------------------------------------------------
     65344       1082      12348        272      35152     732800   Object Totals
         0          0         32          0          0          0   (incl. Generated)
        12          0          3          8          4          0   (incl. Padding)

    ----------------------------------------------------------------------

      Code (inc. data)   RO Data    RW Data    ZI Data      Debug   Library Member Name

         0          0          0          0          0          0   entry.o
         0          0          0          0          0          0   entry10a.o
         0          0          0          0          0          0   entry11a.o
         8          4          0          0          0          0   entry2.o
         4          0          0          0          0          0   entry5.o
         0          0          0          0          0          0   entry7b.o
         0          0          0          0          0          0   entry8b.o
         8          4          0          0          0          0   entry9a.o
        30          0          0          0          0          0   handlers.o
        36          8          0          0          0         68   init.o
        30          0          0          0          0         68   llshl.o
        32          0          0          0          0         68   llushr.o
        36          0          0          0          0         68   memcpya.o
        36          0          0          0          0        108   memseta.o
       736         56          0          0          0        184   printf5.o
        28          0          0          0          0         76   strcmp.o
        18          0          0          0          0         68   strcpy.o
        14          0          0          0          0         68   strlen.o
        98          0          0          0          0         92   uldiv.o

    ----------------------------------------------------------------------
      1120         72          0          0          0        868   Library Totals
         6          0          0          0          0          0   (incl. Padding)

    ----------------------------------------------------------------------

      Code (inc. data)   RO Data    RW Data    ZI Data      Debug   Library Name

      1114         72          0          0          0        868   mc_w.l

    ----------------------------------------------------------------------
      1120         72          0          0          0        868   Library Totals

    ----------------------------------------------------------------------

==============================================================================


      Code (inc. data)   RO Data    RW Data    ZI Data      Debug   

     66464       1154      12348        272      35152     729144   Grand Totals
     66464       1154      12348        272      35152     729144   ELF Image Totals
     66464       1154      12348        272          0          0   ROM Totals

==============================================================================

    Total RO  Size (Code + RO Data)                78812 (  76.96kB)
    Total RW  Size (RW Data + ZI Data)             35424 (  34.59kB)
    Total ROM Size (Code + RO Data + RW Data)      79084 (  77.23kB)

==============================================================================

