ARM Linker, 5.03 [Build 76] [MDK-ARM Standard]

==============================================================================

Section Cross References

    startup_stm32f10x_hd.o(RESET) refers to startup_stm32f10x_hd.o(STACK) for __initial_sp
    startup_stm32f10x_hd.o(RESET) refers to startup_stm32f10x_hd.o(.text) for Reset_Handler
    startup_stm32f10x_hd.o(RESET) refers to stm32f10x_it.o(.text) for NMI_Handler
    startup_stm32f10x_hd.o(RESET) refers to uartprintf.o(.text) for USART1_IRQHandler
    startup_stm32f10x_hd.o(RESET) refers to sdcode.o(.text) for SDIO_IRQHandler
    startup_stm32f10x_hd.o(.text) refers to system_stm32f10x.o(.text) for SystemInit
    startup_stm32f10x_hd.o(.text) refers to entry.o(.ARM.Collect$$$$00000000) for __main
    main.o(.text) refers to sysclock.o(.text) for RCC_configuration
    main.o(.text) refers to uartprintf.o(.text) for USART_config
    main.o(.text) refers to ff.o(.text) for f_mount
    main.o(.text) refers to printf5.o(i.__0printf$5) for __2printf
    main.o(.text) refers to malloc.o(i.malloc) for malloc
    main.o(.text) refers to wavfmt.o(.text) for recoder_wav_init
    main.o(.text) refers to main.o(.bss) for fsp
    system_stm32f10x.o(.text) refers to system_stm32f10x.o(.data) for SystemCoreClock
    sysclock.o(.text) refers to stm32f10x_rcc.o(.text) for RCC_DeInit
    sysclock.o(.text) refers to stm32f10x_flash.o(.text) for FLASH_PrefetchBufferCmd
    stm32f10x_adc.o(.text) refers to stm32f10x_rcc.o(.text) for RCC_APB2PeriphResetCmd
    stm32f10x_bkp.o(.text) refers to stm32f10x_rcc.o(.text) for RCC_BackupResetCmd
    stm32f10x_can.o(.text) refers to stm32f10x_rcc.o(.text) for RCC_APB1PeriphResetCmd
    stm32f10x_cec.o(.text) refers to stm32f10x_rcc.o(.text) for RCC_APB1PeriphResetCmd
    stm32f10x_dac.o(.text) refers to stm32f10x_rcc.o(.text) for RCC_APB1PeriphResetCmd
    stm32f10x_gpio.o(.text) refers to stm32f10x_rcc.o(.text) for RCC_APB2PeriphResetCmd
    stm32f10x_i2c.o(.text) refers to stm32f10x_rcc.o(.text) for RCC_APB1PeriphResetCmd
    stm32f10x_pwr.o(.text) refers to stm32f10x_rcc.o(.text) for RCC_APB1PeriphResetCmd
    stm32f10x_rcc.o(.text) refers to stm32f10x_rcc.o(.data) for APBAHBPrescTable
    stm32f10x_spi.o(.text) refers to stm32f10x_rcc.o(.text) for RCC_APB2PeriphResetCmd
    stm32f10x_tim.o(.text) refers to stm32f10x_rcc.o(.text) for RCC_APB2PeriphResetCmd
    stm32f10x_usart.o(.text) refers to stm32f10x_rcc.o(.text) for RCC_APB2PeriphResetCmd
    stm32f10x_wwdg.o(.text) refers to stm32f10x_rcc.o(.text) for RCC_APB1PeriphResetCmd
    uartprintf.o(.text) refers to misc.o(.text) for NVIC_PriorityGroupConfig
    uartprintf.o(.text) refers to stm32f10x_rcc.o(.text) for RCC_APB2PeriphClockCmd
    uartprintf.o(.text) refers to stm32f10x_gpio.o(.text) for GPIO_Init
    uartprintf.o(.text) refers to stm32f10x_usart.o(.text) for USART_Init
    spi_flash.o(.text) refers to stm32f10x_rcc.o(.text) for RCC_APB2PeriphClockCmd
    spi_flash.o(.text) refers to stm32f10x_gpio.o(.text) for GPIO_Init
    spi_flash.o(.text) refers to stm32f10x_spi.o(.text) for SPI_Init
    norflash.o(.text) refers to stm32f10x_gpio.o(.text) for GPIO_SetBits
    norflash.o(.text) refers to spi_flash.o(.text) for SPI_Send_Read_Byte
    norflash.o(.text) refers to printf5.o(i.__0printf$5) for __2printf
    stm32_eval_sdio_sd.o(.text) refers to stm3210e_eval.o(.text) for SD_LowLevel_DeInit
    stm32_eval_sdio_sd.o(.text) refers to stm32f10x_sdio.o(.text) for SDIO_SendCommand
    stm32_eval_sdio_sd.o(.text) refers to stm32_eval_sdio_sd.o(.bss) for SDIO_CmdInitStructure
    stm32_eval_sdio_sd.o(.text) refers to stm32_eval_sdio_sd.o(.data) for RCA
    stm32_eval_sdio_sd.o(.text) refers to stm32f10x_gpio.o(.text) for GPIO_ReadInputDataBit
    stm3210e_eval.o(.text) refers to stm32f10x_rcc.o(.text) for RCC_APB2PeriphClockCmd
    stm3210e_eval.o(.text) refers to stm32f10x_gpio.o(.text) for GPIO_Init
    stm3210e_eval.o(.text) refers to stm32f10x_exti.o(.text) for EXTI_Init
    stm3210e_eval.o(.text) refers to misc.o(.text) for NVIC_Init
    stm3210e_eval.o(.text) refers to stm32f10x_usart.o(.text) for USART_Init
    stm3210e_eval.o(.text) refers to stm32f10x_sdio.o(.text) for SDIO_ClockCmd
    stm3210e_eval.o(.text) refers to stm32f10x_dma.o(.text) for DMA_ClearFlag
    stm3210e_eval.o(.text) refers to stm32f10x_spi.o(.text) for SPI_Cmd
    stm3210e_eval.o(.text) refers to stm32f10x_i2c.o(.text) for I2C_Cmd
    stm3210e_eval.o(.text) refers to stm3210e_eval.o(.constdata) for GPIO_CLK
    stm3210e_eval.o(.text) refers to stm3210e_eval.o(.data) for GPIO_PORT
    sdcode.o(.text) refers to misc.o(.text) for NVIC_PriorityGroupConfig
    sdcode.o(.text) refers to stm32_eval_sdio_sd.o(.text) for SD_Init
    sdcode.o(.text) refers to printf5.o(i.__0printf$5) for __2printf
    sdcode.o(.text) refers to sdcode.o(.data) for Status
    sdcode.o(.text) refers to sdcode.o(.bss) for Buffer_MultiBlock_Rx
[...]
    printf8.o(i.__0vsnprintf$8) refers to printf8.o(i._printf_core) for _printf_core
    printf8.o(i.__0vsnprintf$8) refers to printf8.o(i._snputc) for _snputc
    printf8.o(i.__0vsprintf$8) refers to printf8.o(i._printf_core) for _printf_core
    printf8.o(i.__0vsprintf$8) refers to printf8.o(i._sputc) for _sputc
    printf8.o(i._printf_core) refers to printf8.o(i._printf_pre_padding) for _printf_pre_padding
    printf8.o(i._printf_core) refers to uldiv.o(.text) for __aeabi_uldivmod
    printf8.o(i._printf_core) refers to printf8.o(i._printf_post_padding) for _printf_post_padding
    printfa.o(i.__0fprintf) refers (Special) to iusefp.o(.text) for __I$use$fp
    printfa.o(i.__0fprintf) refers to printfa.o(i._printf_core) for _printf_core
    printfa.o(i.__0fprintf) refers to uartprintf.o(.text) for fputc
    printfa.o(i.__0printf) refers (Special) to iusefp.o(.text) for __I$use$fp
    printfa.o(i.__0printf) refers to printfa.o(i._printf_core) for _printf_core
    printfa.o(i.__0printf) refers to uartprintf.o(.text) for fputc
    printfa.o(i.__0printf) refers to uartprintf.o(.data) for __stdout
    printfa.o(i.__0snprintf) refers (Special) to iusefp.o(.text) for __I$use$fp
    printfa.o(i.__0snprintf) refers to printfa.o(i._printf_core) for _printf_core
    printfa.o(i.__0snprintf) refers to printfa.o(i._snputc) for _snputc
    printfa.o(i.__0sprintf) refers (Special) to iusefp.o(.text) for __I$use$fp
    printfa.o(i.__0sprintf) refers to printfa.o(i._printf_core) for _printf_core
    printfa.o(i.__0sprintf) refers to printfa.o(i._sputc) for _sputc
    printfa.o(i.__0vfprintf) refers (Special) to iusefp.o(.text) for __I$use$fp
    printfa.o(i.__0vfprintf) refers to printfa.o(i._printf_core) for _printf_core
    printfa.o(i.__0vfprintf) refers to uartprintf.o(.text) for fputc
    printfa.o(i.__0vprintf) refers (Special) to iusefp.o(.text) for __I$use$fp
    printfa.o(i.__0vprintf) refers to printfa.o(i._printf_core) for _printf_core
    printfa.o(i.__0vprintf) refers to uartprintf.o(.text) for fputc
    printfa.o(i.__0vprintf) refers to uartprintf.o(.data) for __stdout
    printfa.o(i.__0vsnprintf) refers (Special) to iusefp.o(.text) for __I$use$fp
    printfa.o(i.__0vsnprintf) refers to printfa.o(i._printf_core) for _printf_core
    printfa.o(i.__0vsnprintf) refers to printfa.o(i._snputc) for _snputc
    printfa.o(i.__0vsprintf) refers (Special) to iusefp.o(.text) for __I$use$fp
    printfa.o(i.__0vsprintf) refers to printfa.o(i._printf_core) for _printf_core
    printfa.o(i.__0vsprintf) refers to printfa.o(i._sputc) for _sputc
    printfa.o(i._fp_digits) refers (Special) to iusefp.o(.text) for __I$use$fp
    printfa.o(i._fp_digits) refers to dmul.o(.text) for __aeabi_dmul
    printfa.o(i._fp_digits) refers to ddiv.o(.text) for __aeabi_ddiv
    printfa.o(i._fp_digits) refers to cdrcmple.o(.text) for __aeabi_cdrcmple
    printfa.o(i._fp_digits) refers to dadd.o(.text) for __aeabi_dadd
    printfa.o(i._fp_digits) refers to dfixul.o(.text) for __aeabi_d2ulz
    printfa.o(i._fp_digits) refers to uldiv.o(.text) for __aeabi_uldivmod
    printfa.o(i._printf_core) refers (Special) to iusefp.o(.text) for __I$use$fp
    printfa.o(i._printf_core) refers to printfa.o(i._printf_pre_padding) for _printf_pre_padding
    printfa.o(i._printf_core) refers to uldiv.o(.text) for __aeabi_uldivmod
    printfa.o(i._printf_core) refers to printfa.o(i._printf_post_padding) for _printf_post_padding
    printfa.o(i._printf_core) refers to printfa.o(i._fp_digits) for _fp_digits
    printfa.o(i._printf_core) refers to uidiv.o(.text) for __aeabi_uidivmod
    printfa.o(i._printf_post_padding) refers (Special) to iusefp.o(.text) for __I$use$fp
    printfa.o(i._printf_pre_padding) refers (Special) to iusefp.o(.text) for __I$use$fp
    printfa.o(i._snputc) refers (Special) to iusefp.o(.text) for __I$use$fp
    printfa.o(i._sputc) refers (Special) to iusefp.o(.text) for __I$use$fp
    malloc.o(i.free) refers to mvars.o(.data) for __microlib_freelist
    malloc.o(i.malloc) refers to mvars.o(.data) for __microlib_freelist_initialised
    malloc.o(i.malloc) refers to mvars.o(.data) for __microlib_freelist
    malloc.o(i.malloc) refers to startup_stm32f10x_hd.o(HEAP) for __heap_base
    mallocr.o(i.__free$realloc) refers to mvars.o(.data) for __microlib_freelist
    mallocr.o(i.__malloc$realloc) refers to mallocr.o(i.internal_alloc) for internal_alloc
    mallocr.o(i.__malloc$realloc) refers to mvars.o(.data) for __microlib_freelist_initialised
    mallocr.o(i.__malloc$realloc) refers to startup_stm32f10x_hd.o(HEAP) for __heap_base
    mallocr.o(i.__malloc$realloc) refers to mvars.o(.data) for __microlib_freelist
    mallocr.o(i.internal_alloc) refers to memcpya.o(.text) for __aeabi_memcpy
    mallocr.o(i.internal_alloc) refers to mvars.o(.data) for __microlib_freelist
    mallocr.o(i.realloc) refers to mallocr.o(i.__free$realloc) for __free$realloc
    mallocr.o(i.realloc) refers to mallocr.o(i.internal_alloc) for internal_alloc
    mallocr.o(i.realloc) refers to mallocr.o(i.__malloc$realloc) for __malloc$realloc
    mallocr.o(i.realloc) refers to mvars.o(.data) for __microlib_freelist
    malloca.o(i.__aligned_malloc) refers to mvars.o(.data) for __microlib_freelist_initialised
    malloca.o(i.__aligned_malloc) refers to mvars.o(.data) for __microlib_freelist
    malloca.o(i.__aligned_malloc) refers to startup_stm32f10x_hd.o(HEAP) for __heap_base
    malloca.o(i.__free$memalign) refers to mvars.o(.data) for __microlib_freelist
    malloca.o(i.__malloc$memalign) refers to malloca.o(i.__aligned_malloc) for __aligned_malloc
    mallocra.o(i.__aligned_malloc$realloc) refers to mallocra.o(i.internal_alloc) for internal_alloc
    mallocra.o(i.__aligned_malloc$realloc) refers to mvars.o(.data) for __microlib_freelist_initialised
    mallocra.o(i.__aligned_malloc$realloc) refers to startup_stm32f10x_hd.o(HEAP) for __heap_base
    mallocra.o(i.__aligned_malloc$realloc) refers to mvars.o(.data) for __microlib_freelist
    mallocra.o(i.__free$realloc$memalign) refers to mvars.o(.data) for __microlib_freelist
    mallocra.o(i.__malloc$realloc$memalign) refers to mallocra.o(i.__aligned_malloc$realloc) for __aligned_malloc$realloc
    mallocra.o(i.__realloc$memalign) refers to mallocra.o(i.__free$realloc$memalign) for __free$realloc$memalign
    mallocra.o(i.__realloc$memalign) refers to mallocra.o(i.internal_alloc) for internal_alloc
    mallocra.o(i.__realloc$memalign) refers to mallocra.o(i.__malloc$realloc$memalign) for __malloc$realloc$memalign
    mallocra.o(i.__realloc$memalign) refers to mvars.o(.data) for __microlib_freelist
    mallocra.o(i.internal_alloc) refers to memcpya.o(.text) for __aeabi_memcpy
    mallocra.o(i.internal_alloc) refers to mvars.o(.data) for __microlib_freelist
    entry2.o(.ARM.Collect$$$$00000001) refers to entry2.o(.ARM.Collect$$$$00002712) for __lit__00000000
    entry2.o(.ARM.Collect$$$$00002712) refers to startup_stm32f10x_hd.o(STACK) for __initial_sp
    entry2.o(__vectab_stack_and_reset_area) refers to startup_stm32f10x_hd.o(STACK) for __initial_sp
    entry2.o(__vectab_stack_and_reset_area) refers to entry.o(.ARM.Collect$$$$00000000) for __main
    entry5.o(.ARM.Collect$$$$00000004) refers to init.o(.text) for __scatterload
    entry9a.o(.ARM.Collect$$$$0000000B) refers to main.o(.text) for main
    entry9b.o(.ARM.Collect$$$$0000000C) refers to main.o(.text) for main
    uldiv.o(.text) refers to llushr.o(.text) for __aeabi_llsr
    uldiv.o(.text) refers to llshl.o(.text) for __aeabi_llsl
    dadd.o(.text) refers to llshl.o(.text) for __aeabi_llsl
    dadd.o(.text) refers to llsshr.o(.text) for __aeabi_lasr
    dadd.o(.text) refers to depilogue.o(.text) for _double_epilogue
    dmul.o(.text) refers to depilogue.o(.text) for _double_epilogue
    ddiv.o(.text) refers to depilogue.o(.text) for _double_round
    dfixul.o(.text) refers to llushr.o(.text) for __aeabi_llsr
    dfixul.o(.text) refers to llshl.o(.text) for __aeabi_llsl
    init.o(.text) refers to entry5.o(.ARM.Collect$$$$00000004) for __main_after_scatterload
    depilogue.o(.text) refers to llshl.o(.text) for __aeabi_llsl
    depilogue.o(.text) refers to llushr.o(.text) for __aeabi_llsr


==============================================================================

Removing Unused input sections from the image.

    Removing core_cm3.o(.emb_text), (32 bytes).
    Removing stm32f10x_adc.o(.text), (1102 bytes).
    Removing stm32f10x_bkp.o(.text), (196 bytes).
    Removing stm32f10x_can.o(.text), (2540 bytes).
    Removing stm32f10x_cec.o(.text), (288 bytes).
    Removing stm32f10x_crc.o(.text), (72 bytes).
    Removing stm32f10x_dac.o(.text), (396 bytes).
    Removing stm32f10x_dbgmcu.o(.text), (48 bytes).
    Removing stm32f10x_fsmc.o(.text), (1560 bytes).
    Removing stm32f10x_iwdg.o(.text), (64 bytes).
    Removing stm32f10x_pwr.o(.text), (204 bytes).
    Removing stm32f10x_rtc.o(.text), (324 bytes).
    Removing stm32f10x_tim.o(.text), (3610 bytes).
    Removing stm32f10x_wwdg.o(.text), (136 bytes).
    Removing dadd.o(.text), (334 bytes).
    Removing dmul.o(.text), (228 bytes).
    Removing ddiv.o(.text), (222 bytes).
    Removing dfixul.o(.text), (48 bytes).
    Removing cdrcmple.o(.text), (40 bytes).
    Removing depilogue.o(.text), (190 bytes).

20 unused section(s) (total 11634 bytes) removed from the image.

==============================================================================

Image Symbol Table

    Local Symbols

    Symbol Name                              Value     Ov Type        Size  Object(Section)

    ../clib/microlib/division.c              0x00000000   Number         0  uidiv.o ABSOLUTE
    ../clib/microlib/division.c              0x00000000   Number         0  uldiv.o ABSOLUTE
    ../clib/microlib/init/entry.s            0x00000000   Number         0  entry2.o ABSOLUTE
    ../clib/microlib/init/entry.s            0x00000000   Number         0  entry9a.o ABSOLUTE
    ../clib/microlib/init/entry.s            0x00000000   Number         0  entry8b.o ABSOLUTE
    ../clib/microlib/init/entry.s            0x00000000   Number         0  entry8a.o ABSOLUTE
    ../clib/microlib/init/entry.s            0x00000000   Number         0  entry7b.o ABSOLUTE
    ../clib/microlib/init/entry.s            0x00000000   Number         0  entry7a.o ABSOLUTE
    ../clib/microlib/init/entry.s            0x00000000   Number         0  entry5.o ABSOLUTE
    ../clib/microlib/init/entry.s            0x00000000   Number         0  entry10b.o ABSOLUTE
    ../clib/microlib/init/entry.s            0x00000000   Number         0  entry11b.o ABSOLUTE
    ../clib/microlib/init/entry.s            0x00000000   Number         0  entry10a.o ABSOLUTE
    ../clib/microlib/init/entry.s            0x00000000   Number         0  entry.o ABSOLUTE
    ../clib/microlib/init/entry.s            0x00000000   Number         0  entry11a.o ABSOLUTE
    ../clib/microlib/init/entry.s            0x00000000   Number         0  entry9b.o ABSOLUTE
    ../clib/microlib/longlong.c              0x00000000   Number         0  llshl.o ABSOLUTE
    ../clib/microlib/longlong.c              0x00000000   Number         0  llushr.o ABSOLUTE
    ../clib/microlib/longlong.c              0x00000000   Number         0  llsshr.o ABSOLUTE
    ../clib/microlib/malloc/malloc.c         0x00000000   Number         0  mallocra.o ABSOLUTE
    ../clib/microlib/malloc/malloc.c         0x00000000   Number         0  malloca.o ABSOLUTE
    ../clib/microlib/malloc/malloc.c         0x00000000   Number         0  mallocr.o ABSOLUTE
    ../clib/microlib/malloc/malloc.c         0x00000000   Number         0  malloc.o ABSOLUTE
    ../clib/microlib/malloc/mvars.c          0x00000000   Number         0  mvars.o ABSOLUTE
    ../clib/microlib/printf/printf.c         0x00000000   Number         0  printfb.o ABSOLUTE
    ../clib/microlib/printf/printf.c         0x00000000   Number         0  printfa.o ABSOLUTE
    ../clib/microlib/printf/printf.c         0x00000000   Number         0  printf1.o ABSOLUTE
    ../clib/microlib/printf/printf.c         0x00000000   Number         0  printf2.o ABSOLUTE
    ../clib/microlib/printf/printf.c         0x00000000   Number         0  printf8.o ABSOLUTE
    ../clib/microlib/printf/printf.c         0x00000000   Number         0  printf3.o ABSOLUTE
    ../clib/microlib/printf/printf.c         0x00000000   Number         0  printf7.o ABSOLUTE
    ../clib/microlib/printf/printf.c         0x00000000   Number         0  printf5.o ABSOLUTE
    ../clib/microlib/printf/printf.c         0x00000000   Number         0  printf6.o ABSOLUTE
    ../clib/microlib/printf/printf.c         0x00000000   Number         0  printf0.o ABSOLUTE
    ../clib/microlib/printf/printf.c         0x00000000   Number         0  printf4.o ABSOLUTE
    ../clib/microlib/printf/stubs.s          0x00000000   Number         0  stubs.o ABSOLUTE
    ../clib/microlib/string/memcpy.c         0x00000000   Number         0  memcpya.o ABSOLUTE
    ../clib/microlib/string/memcpy.c         0x00000000   Number         0  memcpyb.o ABSOLUTE
    ../clib/microlib/stubs.s                 0x00000000   Number         0  iusefp.o ABSOLUTE
    ../clib/microlib/stubs.s                 0x00000000   Number         0  useno.o ABSOLUTE
    ../fplib/microlib/fpadd.c                0x00000000   Number         0  dadd.o ABSOLUTE
    ../fplib/microlib/fpdiv.c                0x00000000   Number         0  ddiv.o ABSOLUTE
    ../fplib/microlib/fpepilogue.c           0x00000000   Number         0  depilogue.o ABSOLUTE
    ../fplib/microlib/fpfix.c                0x00000000   Number         0  dfixul.o ABSOLUTE
    ../fplib/microlib/fpmul.c                0x00000000   Number         0  dmul.o ABSOLUTE
    CORE\\core_cm3.c                         0x00000000   Number         0  core_cm3.o ABSOLUTE
    CORE\core_cm3.c                          0x00000000   Number         0  core_cm3.o ABSOLUTE
    FATFS\diskio.c                           0x00000000   Number         0  diskio.o ABSOLUTE
    FATFS\ff.c                               0x00000000   Number         0  ff.o ABSOLUTE
    FATFS\option\cc936.c                     0x00000000   Number         0  cc936.o ABSOLUTE
    SDIO_firmware\sdcode.c                   0x00000000   Number         0  sdcode.o ABSOLUTE
    SDIO_firmware\stm3210e_eval.c            0x00000000   Number         0  stm3210e_eval.o ABSOLUTE
    SDIO_firmware\stm32_eval.c               0x00000000   Number         0  stm32_eval.o ABSOLUTE
    SDIO_firmware\stm32_eval_sdio_sd.c       0x00000000   Number         0  stm32_eval_sdio_sd.o ABSOLUTE
    STM32F10x_FWLib\src\misc.c               0x00000000   Number         0  misc.o ABSOLUTE
    STM32F10x_FWLib\src\stm32f10x_adc.c      0x00000000   Number         0  stm32f10x_adc.o ABSOLUTE
    STM32F10x_FWLib\src\stm32f10x_bkp.c      0x00000000   Number         0  stm32f10x_bkp.o ABSOLUTE
    STM32F10x_FWLib\src\stm32f10x_can.c      0x00000000   Number         0  stm32f10x_can.o ABSOLUTE
    STM32F10x_FWLib\src\stm32f10x_cec.c      0x00000000   Number         0  stm32f10x_cec.o ABSOLUTE
    STM32F10x_FWLib\src\stm32f10x_crc.c      0x00000000   Number         0  stm32f10x_crc.o ABSOLUTE
    STM32F10x_FWLib\src\stm32f10x_dac.c      0x00000000   Number         0  stm32f10x_dac.o ABSOLUTE
    STM32F10x_FWLib\src\stm32f10x_dbgmcu.c   0x00000000   Number         0  stm32f10x_dbgmcu.o ABSOLUTE
    STM32F10x_FWLib\src\stm32f10x_dma.c      0x00000000   Number         0  stm32f10x_dma.o ABSOLUTE
    STM32F10x_FWLib\src\stm32f10x_exti.c     0x00000000   Number         0  stm32f10x_exti.o ABSOLUTE
    STM32F10x_FWLib\src\stm32f10x_flash.c    0x00000000   Number         0  stm32f10x_flash.o ABSOLUTE
    STM32F10x_FWLib\src\stm32f10x_fsmc.c     0x00000000   Number         0  stm32f10x_fsmc.o ABSOLUTE
    STM32F10x_FWLib\src\stm32f10x_gpio.c     0x00000000   Number         0  stm32f10x_gpio.o ABSOLUTE
    STM32F10x_FWLib\src\stm32f10x_i2c.c      0x00000000   Number         0  stm32f10x_i2c.o ABSOLUTE
    STM32F10x_FWLib\src\stm32f10x_iwdg.c     0x00000000   Number         0  stm32f10x_iwdg.o ABSOLUTE
    STM32F10x_FWLib\src\stm32f10x_pwr.c      0x00000000   Number         0  stm32f10x_pwr.o ABSOLUTE
    STM32F10x_FWLib\src\stm32f10x_rcc.c      0x00000000   Number         0  stm32f10x_rcc.o ABSOLUTE
    STM32F10x_FWLib\src\stm32f10x_rtc.c      0x00000000   Number         0  stm32f10x_rtc.o ABSOLUTE
    STM32F10x_FWLib\src\stm32f10x_sdio.c     0x00000000   Number         0  stm32f10x_sdio.o ABSOLUTE
    STM32F10x_FWLib\src\stm32f10x_spi.c      0x00000000   Number         0  stm32f10x_spi.o ABSOLUTE
    STM32F10x_FWLib\src\stm32f10x_tim.c      0x00000000   Number         0  stm32f10x_tim.o ABSOLUTE
    STM32F10x_FWLib\src\stm32f10x_usart.c    0x00000000   Number         0  stm32f10x_usart.o ABSOLUTE
    STM32F10x_FWLib\src\stm32f10x_wwdg.c     0x00000000   Number         0  stm32f10x_wwdg.o ABSOLUTE
    SYSTEM\sysclock.c                        0x00000000   Number         0  sysclock.o ABSOLUTE
    cdrcmple.s                               0x00000000   Number         0  cdrcmple.o ABSOLUTE
    dc.s                                     0x00000000   Number         0  dc.o ABSOLUTE
    handlers.s                               0x00000000   Number         0  handlers.o ABSOLUTE
    init.s                                   0x00000000   Number         0  init.o ABSOLUTE
    main\main.c                              0x00000000   Number         0  main.o ABSOLUTE
    main\stm32f10x_it.c                      0x00000000   Number         0  stm32f10x_it.o ABSOLUTE
    main\system_stm32f10x.c                  0x00000000   Number         0  system_stm32f10x.o ABSOLUTE
    spi_flash\norflash.c                     0x00000000   Number         0  norflash.o ABSOLUTE
    spi_flash\spi_flash.c                    0x00000000   Number         0  spi_flash.o ABSOLUTE
    startup_stm32f10x_hd.s                   0x00000000   Number         0  startup_stm32f10x_hd.o ABSOLUTE
    uartprintf\uartprintf.c                  0x00000000   Number         0  uartprintf.o ABSOLUTE
    wav\wavfmt.c                             0x00000000   Number         0  wavfmt.o ABSOLUTE
    RESET                                    0x08000000   Section      304  startup_stm32f10x_hd.o(RESET)
    .ARM.Collect$$$$00000000                 0x08000130   Section        0  entry.o(.ARM.Collect$$$$00000000)
    .ARM.Collect$$$$00000001                 0x08000130   Section        4  entry2.o(.ARM.Collect$$$$00000001)
    .ARM.Collect$$$$00000004                 0x08000134   Section        4  entry5.o(.ARM.Collect$$$$00000004)
    .ARM.Collect$$$$00000008                 0x08000138   Section        0  entry7b.o(.ARM.Collect$$$$00000008)
    .ARM.Collect$$$$0000000A                 0x08000138   Section        0  entry8b.o(.ARM.Collect$$$$0000000A)
    .ARM.Collect$$$$0000000B                 0x08000138   Section        8  entry9a.o(.ARM.Collect$$$$0000000B)
    .ARM.Collect$$$$0000000D                 0x08000140   Section        0  entry10a.o(.ARM.Collect$$$$0000000D)
    .ARM.Collect$$$$0000000F                 0x08000140   Section        0  entry11a.o(.ARM.Collect$$$$0000000F)
    .ARM.Collect$$$$00002712                 0x08000140   Section        4  entry2.o(.ARM.Collect$$$$00002712)
    __lit__00000000                          0x08000140   Data           4  entry2.o(.ARM.Collect$$$$00002712)
    .text                                    0x08000144   Section       36  startup_stm32f10x_hd.o(.text)
    .text                                    0x08000168   Section        0  main.o(.text)
    .text                                    0x080003b0   Section        0  stm32f10x_it.o(.text)
    .text                                    0x080003cc   Section        0  system_stm32f10x.o(.text)
    SetSysClockTo72                          0x080003cd   Thumb Code   212  system_stm32f10x.o(.text)
    SetSysClock                              0x080004a1   Thumb Code     8  system_stm32f10x.o(.text)
    .text                                    0x080005a8   Section        0  sysclock.o(.text)
    .text                                    0x08000670   Section        0  misc.o(.text)
    .text                                    0x0800074c   Section        0  stm32f10x_dma.o(.text)
    .text                                    0x0800099c   Section        0  stm32f10x_exti.o(.text)
    .text                                    0x08000ab8   Section        0  stm32f10x_flash.o(.text)
    .text                                    0x08001074   Section        0  stm32f10x_gpio.o(.text)
    .text                                    0x080013cc   Section        0  stm32f10x_i2c.o(.text)
    .text                                    0x080017d0   Section        0  stm32f10x_rcc.o(.text)
    .text                                    0x08001b74   Section        0  stm32f10x_sdio.o(.text)
    .text                                    0x08001d4c   Section        0  stm32f10x_spi.o(.text)
    .text                                    0x08002058   Section        0  stm32f10x_usart.o(.text)
    .text                                    0x08002460   Section        0  uartprintf.o(.text)
    .text                                    0x08002564   Section        0  spi_flash.o(.text)
    .text                                    0x080026b8   Section        0  norflash.o(.text)
    .text                                    0x0800294c   Section        0  stm32_eval_sdio_sd.o(.text)
    CmdResp1Error                            0x08002955   Thumb Code    34  stm32_eval_sdio_sd.o(.text)
    FindSCR                                  0x08002977   Thumb Code   384  stm32_eval_sdio_sd.o(.text)
    SDEnWideBus                              0x08002af7   Thumb Code   270  stm32_eval_sdio_sd.o(.text)
    CmdResp2Error                            0x08002fc5   Thumb Code    68  stm32_eval_sdio_sd.o(.text)
    CmdResp6Error                            0x08003009   Thumb Code   150  stm32_eval_sdio_sd.o(.text)
    CmdResp3Error                            0x080031d9   Thumb Code    50  stm32_eval_sdio_sd.o(.text)
    CmdResp7Error                            0x0800320b   Thumb Code    72  stm32_eval_sdio_sd.o(.text)
    CmdError                                 0x08003253   Thumb Code    44  stm32_eval_sdio_sd.o(.text)
    IsCardProgramming                        0x08003ab9   Thumb Code   394  stm32_eval_sdio_sd.o(.text)
    .text                                    0x08003dec   Section        0  stm3210e_eval.o(.text)
    .text                                    0x080042bc   Section        0  sdcode.o(.text)
    .text                                    0x08004584   Section        0  ff.o(.text)
    mem_cpy                                  0x08004585   Thumb Code    26  ff.o(.text)
    mem_set                                  0x0800459f   Thumb Code    20  ff.o(.text)
    mem_cmp                                  0x080045b3   Thumb Code    38  ff.o(.text)
    chk_chr                                  0x080045d9   Thumb Code    20  ff.o(.text)
    sync_window                              0x080045ed   Thumb Code    82  ff.o(.text)
    move_window                              0x0800463f   Thumb Code    52  ff.o(.text)
    sync_fs                                  0x08004673   Thumb Code   200  ff.o(.text)
    remove_chain                             0x08004a1f   Thumb Code   108  ff.o(.text)
    create_chain                             0x08004a8b   Thumb Code   214  ff.o(.text)
    dir_sdi                                  0x08004b61   Thumb Code   200  ff.o(.text)
    dir_next                                 0x08004c29   Thumb Code   314  ff.o(.text)
    dir_alloc                                0x08004d63   Thumb Code    92  ff.o(.text)
    ld_clust                                 0x08004dbf   Thumb Code    32  ff.o(.text)
    st_clust                                 0x08004ddf   Thumb Code    16  ff.o(.text)
    cmp_lfn                                  0x08004def   Thumb Code   154  ff.o(.text)
    pick_lfn                                 0x08004e89   Thumb Code   124  ff.o(.text)
    fit_lfn                                  0x08004f05   Thumb Code   122  ff.o(.text)
    gen_numname                              0x08004f7f   Thumb Code   198  ff.o(.text)
    sum_sfn                                  0x08005045   Thumb Code    32  ff.o(.text)
    dir_find                                 0x08005065   Thumb Code   234  ff.o(.text)
    dir_read                                 0x0800514f   Thumb Code   206  ff.o(.text)
    dir_register                             0x0800521d   Thumb Code   298  ff.o(.text)
    dir_remove                               0x08005347   Thumb Code   106  ff.o(.text)
    get_fileinfo                             0x080053b1   Thumb Code   272  ff.o(.text)
    create_name                              0x080054c1   Thumb Code   604  ff.o(.text)
    follow_path                              0x0800571d   Thumb Code   144  ff.o(.text)
    get_ldnumber                             0x080057ad   Thumb Code    74  ff.o(.text)
    check_fs                                 0x080057f7   Thumb Code   140  ff.o(.text)
    find_volume                              0x08005883   Thumb Code   996  ff.o(.text)
    validate                                 0x08005c67   Thumb Code    50  ff.o(.text)
    putc_bfd                                 0x08007203   Thumb Code    68  ff.o(.text)
    .text                                    0x08007580   Section        0  diskio.o(.text)
    .text                                    0x080077f4   Section        0  cc936.o(.text)
    .text                                    0x080078cc   Section        0  wavfmt.o(.text)
    .text                                    0x0800791c   Section        0  memcpya.o(.text)
    .text                                    0x08007940   Section        0  uldiv.o(.text)
    .text                                    0x080079a4   Section       36  init.o(.text)
    .text                                    0x080079c8   Section        0  llshl.o(.text)
    .text                                    0x080079e6   Section        0  llushr.o(.text)
    i.__0printf$5                            0x08007a08   Section        0  printf5.o(i.__0printf$5)
    i.__scatterload_copy                     0x08007a28   Section       14  handlers.o(i.__scatterload_copy)
    i.__scatterload_null                     0x08007a36   Section        2  handlers.o(i.__scatterload_null)
    i.__scatterload_zeroinit                 0x08007a38   Section       14  handlers.o(i.__scatterload_zeroinit)
    i._printf_core                           0x08007a48   Section        0  printf5.o(i._printf_core)
    _printf_core                             0x08007a49   Thumb Code   658  printf5.o(i._printf_core)
    i.malloc                                 0x08007d08   Section        0  malloc.o(i.malloc)
    .constdata                               0x08007d74   Section      168  stm3210e_eval.o(.constdata)
    .constdata                               0x08007e1c   Section       58  ff.o(.constdata)
    LfnOfs                                   0x08007e1c   Data          13  ff.o(.constdata)
    vst                                      0x08007e2a   Data          22  ff.o(.constdata)
    cst                                      0x08007e40   Data          22  ff.o(.constdata)
    .constdata                               0x08007e56   Section    176320  cc936.o(.constdata)
    uni2oem                                  0x08007e56   Data       87172  cc936.o(.constdata)
    oem2uni                                  0x0801d2da   Data       87172  cc936.o(.constdata)
    lower                                    0x0803275e   Data         988  cc936.o(.constdata)
    upper                                    0x08032b3a   Data         988  cc936.o(.constdata)
    .data                                    0x20000000   Section       20  system_stm32f10x.o(.data)
    .data                                    0x20000014   Section       20  stm32f10x_rcc.o(.data)
    APBAHBPrescTable                         0x20000014   Data          16  stm32f10x_rcc.o(.data)
    ADCPrescTable                            0x20000024   Data           4  stm32f10x_rcc.o(.data)
    .data                                    0x20000028   Section        4  uartprintf.o(.data)
    .data                                    0x2000002c   Section       20  stm32_eval_sdio_sd.o(.data)
    CardType                                 0x2000002c   Data           4  stm32_eval_sdio_sd.o(.data)
    RCA                                      0x20000030   Data           4  stm32_eval_sdio_sd.o(.data)
    .data                                    0x20000040   Section       72  stm3210e_eval.o(.data)
    .data                                    0x20000088   Section        1  sdcode.o(.data)
    Status                                   0x20000088   Data           1  sdcode.o(.data)
    .data                                    0x2000008c   Section       10  ff.o(.data)
    FatFs                                    0x2000008c   Data           8  ff.o(.data)
    Fsid                                     0x20000094   Data           2  ff.o(.data)
    .data                                    0x20000098   Section        4  mvars.o(.data)
    .data                                    0x2000009c   Section        4  mvars.o(.data)
    .bss                                     0x200000a0   Section     4144  main.o(.bss)
    .bss                                     0x200010d0   Section      196  stm32_eval_sdio_sd.o(.bss)
    CSD_Tab                                  0x200010d0   Data          16  stm32_eval_sdio_sd.o(.bss)
    CID_Tab                                  0x200010e0   Data          16  stm32_eval_sdio_sd.o(.bss)
    SDSTATUS_Tab                             0x200010f0   Data          16  stm32_eval_sdio_sd.o(.bss)
    .bss                                     0x20001194   Section    33792  sdcode.o(.bss)
    .bss                                     0x20009594   Section      512  ff.o(.bss)
    LfnBuf                                   0x20009594   Data         512  ff.o(.bss)
    HEAP                                     0x20009798   Section      512  startup_stm32f10x_hd.o(HEAP)
    STACK                                    0x20009998   Section     4096  startup_stm32f10x_hd.o(STACK)

    Global Symbols

    Symbol Name                              Value     Ov Type        Size  Object(Section)

    BuildAttributes$$THM_ISAv4$P$D$K$B$S$PE$A:L22UL41UL21$X:L11$S22US41US21$IEEE1$IW$USESV6$~STKCKD$USESV7$~SHL$OSPACE$ROPI$EBA8$MICROLIB$REQ8$PRES8$EABIv2 0x00000000   Number         0  anon$$obj.o ABSOLUTE
    __ARM_use_no_argv                        0x00000000   Number         0  main.o ABSOLUTE
    __use_no_errno                           0x00000000   Number         0  useno.o ABSOLUTE
    __use_no_exception_handling              0x00000000   Number         0  useno.o ABSOLUTE
    __use_no_fp                              0x00000000   Number         0  useno.o ABSOLUTE
    __use_no_heap                            0x00000000   Number         0  useno.o ABSOLUTE
    __use_no_heap_region                     0x00000000   Number         0  useno.o ABSOLUTE
    __use_no_semihosting                     0x00000000   Number         0  useno.o ABSOLUTE
    __use_no_semihosting_swi                 0x00000000   Number         0  useno.o ABSOLUTE
    __use_no_signal_handling                 0x00000000   Number         0  useno.o ABSOLUTE
    _printf_a                                0x00000000   Number         0  stubs.o ABSOLUTE
    _printf_c                                0x00000000   Number         0  stubs.o ABSOLUTE
    _printf_charcount                        0x00000000   Number         0  stubs.o ABSOLUTE
    _printf_d                                0x00000000   Number         0  stubs.o ABSOLUTE
    _printf_e                                0x00000000   Number         0  stubs.o ABSOLUTE
    _printf_f                                0x00000000   Number         0  stubs.o ABSOLUTE
    _printf_flags                            0x00000000   Number         0  stubs.o ABSOLUTE
    _printf_fp_dec                           0x00000000   Number         0  stubs.o ABSOLUTE
    _printf_fp_hex                           0x00000000   Number         0  stubs.o ABSOLUTE
    _printf_g                                0x00000000   Number         0  stubs.o ABSOLUTE
    _printf_i                                0x00000000   Number         0  stubs.o ABSOLUTE
    _printf_int_dec                          0x00000000   Number         0  stubs.o ABSOLUTE
    _printf_l                                0x00000000   Number         0  stubs.o ABSOLUTE
    _printf_lc                               0x00000000   Number         0  stubs.o ABSOLUTE
    _printf_ll                               0x00000000   Number         0  stubs.o ABSOLUTE
    _printf_lld                              0x00000000   Number         0  stubs.o ABSOLUTE
    _printf_lli                              0x00000000   Number         0  stubs.o ABSOLUTE
    _printf_llo                              0x00000000   Number         0  stubs.o ABSOLUTE
    _printf_llu                              0x00000000   Number         0  stubs.o ABSOLUTE
    _printf_llx                              0x00000000   Number         0  stubs.o ABSOLUTE
    _printf_longlong_dec                     0x00000000   Number         0  stubs.o ABSOLUTE
    _printf_longlong_hex                     0x00000000   Number         0  stubs.o ABSOLUTE
    _printf_longlong_oct                     0x00000000   Number         0  stubs.o ABSOLUTE
    _printf_ls                               0x00000000   Number         0  stubs.o ABSOLUTE
    _printf_mbtowc                           0x00000000   Number         0  stubs.o ABSOLUTE
    _printf_n                                0x00000000   Number         0  stubs.o ABSOLUTE
    _printf_o                                0x00000000   Number         0  stubs.o ABSOLUTE
    _printf_p                                0x00000000   Number         0  stubs.o ABSOLUTE
    _printf_percent                          0x00000000   Number         0  stubs.o ABSOLUTE
    _printf_pre_padding                      0x00000000   Number         0  stubs.o ABSOLUTE
    _printf_return_value                     0x00000000   Number         0  stubs.o ABSOLUTE
    _printf_s                                0x00000000   Number         0  stubs.o ABSOLUTE
    _printf_sizespec                         0x00000000   Number         0  stubs.o ABSOLUTE
    _printf_str                              0x00000000   Number         0  stubs.o ABSOLUTE
    _printf_truncate_signed                  0x00000000   Number         0  stubs.o ABSOLUTE
    _printf_truncate_unsigned                0x00000000   Number         0  stubs.o ABSOLUTE
    _printf_u                                0x00000000   Number         0  stubs.o ABSOLUTE
    _printf_wc                               0x00000000   Number         0  stubs.o ABSOLUTE
    _printf_wctomb                           0x00000000   Number         0  stubs.o ABSOLUTE
    _printf_widthprec                        0x00000000   Number         0  stubs.o ABSOLUTE
    _printf_x                                0x00000000   Number         0  stubs.o ABSOLUTE
    __cpp_initialize__aeabi_                  - Undefined Weak Reference
    __cxa_finalize                            - Undefined Weak Reference
    __decompress                              - Undefined Weak Reference
    _clock_init                               - Undefined Weak Reference
    _microlib_exit                            - Undefined Weak Reference
    __Vectors_Size                           0x00000130   Number         0  startup_stm32f10x_hd.o ABSOLUTE
    __Vectors                                0x08000000   Data           4  startup_stm32f10x_hd.o(RESET)
    __Vectors_End                            0x08000130   Data           0  startup_stm32f10x_hd.o(RESET)
    __main                                   0x08000131   Thumb Code     0  entry.o(.ARM.Collect$$$$00000000)
    _main_stk                                0x08000131   Thumb Code     0  entry2.o(.ARM.Collect$$$$00000001)
    _main_scatterload                        0x08000135   Thumb Code     0  entry5.o(.ARM.Collect$$$$00000004)
    __main_after_scatterload                 0x08000139   Thumb Code     0  entry5.o(.ARM.Collect$$$$00000004)
    _main_clock                              0x08000139   Thumb Code     0  entry7b.o(.ARM.Collect$$$$00000008)
    _main_cpp_init                           0x08000139   Thumb Code     0  entry8b.o(.ARM.Collect$$$$0000000A)
    _main_init                               0x08000139   Thumb Code     0  entry9a.o(.ARM.Collect$$$$0000000B)
    __rt_final_cpp                           0x08000141   Thumb Code     0  entry10a.o(.ARM.Collect$$$$0000000D)
    __rt_final_exit                          0x08000141   Thumb Code     0  entry11a.o(.ARM.Collect$$$$0000000F)
    Reset_Handler                            0x08000145   Thumb Code     8  startup_stm32f10x_hd.o(.text)
    ADC1_2_IRQHandler                        0x0800015f   Thumb Code     0  startup_stm32f10x_hd.o(.text)
    ADC3_IRQHandler                          0x0800015f   Thumb Code     0  startup_stm32f10x_hd.o(.text)
    CAN1_RX1_IRQHandler                      0x0800015f   Thumb Code     0  startup_stm32f10x_hd.o(.text)
    CAN1_SCE_IRQHandler                      0x0800015f   Thumb Code     0  startup_stm32f10x_hd.o(.text)
    DMA1_Channel1_IRQHandler                 0x0800015f   Thumb Code     0  startup_stm32f10x_hd.o(.text)
    DMA1_Channel2_IRQHandler                 0x0800015f   Thumb Code     0  startup_stm32f10x_hd.o(.text)
    DMA1_Channel3_IRQHandler                 0x0800015f   Thumb Code     0  startup_stm32f10x_hd.o(.text)
    DMA1_Channel4_IRQHandler                 0x0800015f   Thumb Code     0  startup_stm32f10x_hd.o(.text)
    DMA1_Channel5_IRQHandler                 0x0800015f   Thumb Code     0  startup_stm32f10x_hd.o(.text)
    DMA1_Channel6_IRQHandler                 0x0800015f   Thumb Code     0  startup_stm32f10x_hd.o(.text)
    DMA1_Channel7_IRQHandler                 0x0800015f   Thumb Code     0  startup_stm32f10x_hd.o(.text)
    DMA2_Channel1_IRQHandler                 0x0800015f   Thumb Code     0  startup_stm32f10x_hd.o(.text)
    DMA2_Channel2_IRQHandler                 0x0800015f   Thumb Code     0  startup_stm32f10x_hd.o(.text)
    DMA2_Channel3_IRQHandler                 0x0800015f   Thumb Code     0  startup_stm32f10x_hd.o(.text)
    DMA2_Channel4_5_IRQHandler               0x0800015f   Thumb Code     0  startup_stm32f10x_hd.o(.text)
    EXTI0_IRQHandler                         0x0800015f   Thumb Code     0  startup_stm32f10x_hd.o(.text)
    EXTI15_10_IRQHandler                     0x0800015f   Thumb Code     0  startup_stm32f10x_hd.o(.text)
    EXTI1_IRQHandler                         0x0800015f   Thumb Code     0  startup_stm32f10x_hd.o(.text)
    EXTI2_IRQHandler                         0x0800015f   Thumb Code     0  startup_stm32f10x_hd.o(.text)
    EXTI3_IRQHandler                         0x0800015f   Thumb Code     0  startup_stm32f10x_hd.o(.text)
    EXTI4_IRQHandler                         0x0800015f   Thumb Code     0  startup_stm32f10x_hd.o(.text)
    EXTI9_5_IRQHandler                       0x0800015f   Thumb Code     0  startup_stm32f10x_hd.o(.text)
    FLASH_IRQHandler                         0x0800015f   Thumb Code     0  startup_stm32f10x_hd.o(.text)
    FSMC_IRQHandler                          0x0800015f   Thumb Code     0  startup_stm32f10x_hd.o(.text)
    I2C1_ER_IRQHandler                       0x0800015f   Thumb Code     0  startup_stm32f10x_hd.o(.text)
    I2C1_EV_IRQHandler                       0x0800015f   Thumb Code     0  startup_stm32f10x_hd.o(.text)
    I2C2_ER_IRQHandler                       0x0800015f   Thumb Code     0  startup_stm32f10x_hd.o(.text)
    I2C2_EV_IRQHandler                       0x0800015f   Thumb Code     0  startup_stm32f10x_hd.o(.text)
    PVD_IRQHandler                           0x0800015f   Thumb Code     0  startup_stm32f10x_hd.o(.text)
    RCC_IRQHandler                           0x0800015f   Thumb Code     0  startup_stm32f10x_hd.o(.text)
    RTCAlarm_IRQHandler                      0x0800015f   Thumb Code     0  startup_stm32f10x_hd.o(.text)
    RTC_IRQHandler                           0x0800015f   Thumb Code     0  startup_stm32f10x_hd.o(.text)
    SPI1_IRQHandler                          0x0800015f   Thumb Code     0  startup_stm32f10x_hd.o(.text)
    SPI2_IRQHandler                          0x0800015f   Thumb Code     0  startup_stm32f10x_hd.o(.text)
    SPI3_IRQHandler                          0x0800015f   Thumb Code     0  startup_stm32f10x_hd.o(.text)
    TAMPER_IRQHandler                        0x0800015f   Thumb Code     0  startup_stm32f10x_hd.o(.text)
    TIM1_BRK_IRQHandler                      0x0800015f   Thumb Code     0  startup_stm32f10x_hd.o(.text)
    TIM1_CC_IRQHandler                       0x0800015f   Thumb Code     0  startup_stm32f10x_hd.o(.text)
    TIM1_TRG_COM_IRQHandler                  0x0800015f   Thumb Code     0  startup_stm32f10x_hd.o(.text)
    TIM1_UP_IRQHandler                       0x0800015f   Thumb Code     0  startup_stm32f10x_hd.o(.text)
    TIM2_IRQHandler                          0x0800015f   Thumb Code     0  startup_stm32f10x_hd.o(.text)
    TIM3_IRQHandler                          0x0800015f   Thumb Code     0  startup_stm32f10x_hd.o(.text)
    TIM4_IRQHandler                          0x0800015f   Thumb Code     0  startup_stm32f10x_hd.o(.text)
    TIM5_IRQHandler                          0x0800015f   Thumb Code     0  startup_stm32f10x_hd.o(.text)
    TIM6_IRQHandler                          0x0800015f   Thumb Code     0  startup_stm32f10x_hd.o(.text)
    TIM7_IRQHandler                          0x0800015f   Thumb Code     0  startup_stm32f10x_hd.o(.text)
    TIM8_BRK_IRQHandler                      0x0800015f   Thumb Code     0  startup_stm32f10x_hd.o(.text)
    TIM8_CC_IRQHandler                       0x0800015f   Thumb Code     0  startup_stm32f10x_hd.o(.text)
    TIM8_TRG_COM_IRQHandler                  0x0800015f   Thumb Code     0  startup_stm32f10x_hd.o(.text)
    TIM8_UP_IRQHandler                       0x0800015f   Thumb Code     0  startup_stm32f10x_hd.o(.text)
    UART4_IRQHandler                         0x0800015f   Thumb Code     0  startup_stm32f10x_hd.o(.text)
    UART5_IRQHandler                         0x0800015f   Thumb Code     0  startup_stm32f10x_hd.o(.text)
    USART2_IRQHandler                        0x0800015f   Thumb Code     0  startup_stm32f10x_hd.o(.text)
    USART3_IRQHandler                        0x0800015f   Thumb Code     0  startup_stm32f10x_hd.o(.text)
    USBWakeUp_IRQHandler                     0x0800015f   Thumb Code     0  startup_stm32f10x_hd.o(.text)
    USB_HP_CAN1_TX_IRQHandler                0x0800015f   Thumb Code     0  startup_stm32f10x_hd.o(.text)
    USB_LP_CAN1_RX0_IRQHandler               0x0800015f   Thumb Code     0  startup_stm32f10x_hd.o(.text)
    WWDG_IRQHandler                          0x0800015f   Thumb Code     0  startup_stm32f10x_hd.o(.text)
    main                                     0x08000169   Thumb Code   292  main.o(.text)
    NMI_Handler                              0x080003b1   Thumb Code     2  stm32f10x_it.o(.text)
    HardFault_Handler                        0x080003b3   Thumb Code     4  stm32f10x_it.o(.text)
    MemManage_Handler                        0x080003b7   Thumb Code     4  stm32f10x_it.o(.text)
    BusFault_Handler                         0x080003bb   Thumb Code     4  stm32f10x_it.o(.text)
    UsageFault_Handler                       0x080003bf   Thumb Code     4  stm32f10x_it.o(.text)
    SVC_Handler                              0x080003c3   Thumb Code     2  stm32f10x_it.o(.text)
    DebugMon_Handler                         0x080003c5   Thumb Code     2  stm32f10x_it.o(.text)
    PendSV_Handler                           0x080003c7   Thumb Code     2  stm32f10x_it.o(.text)
    SysTick_Handler                          0x080003c9   Thumb Code     2  stm32f10x_it.o(.text)
    SystemInit                               0x080004a9   Thumb Code    78  system_stm32f10x.o(.text)
    SystemCoreClockUpdate                    0x080004f7   Thumb Code   142  system_stm32f10x.o(.text)
    RCC_configuration                        0x080005a9   Thumb Code    94  sysclock.o(.text)
    delay_us                                 0x08000607   Thumb Code    52  sysclock.o(.text)
    delay_ms                                 0x0800063b   Thumb Code    54  sysclock.o(.text)
    NVIC_PriorityGroupConfig                 0x08000671   Thumb Code    10  misc.o(.text)
    NVIC_Init                                0x0800067b   Thumb Code   102  misc.o(.text)
    NVIC_SetVectorTable                      0x080006e1   Thumb Code    14  misc.o(.text)
    NVIC_SystemLPConfig                      0x080006ef   Thumb Code    34  misc.o(.text)
    SysTick_CLKSourceConfig                  0x08000711   Thumb Code    40  misc.o(.text)
    DMA_DeInit                               0x0800074d   Thumb Code   324  stm32f10x_dma.o(.text)
    DMA_Init                                 0x08000891   Thumb Code    60  stm32f10x_dma.o(.text)
    DMA_StructInit                           0x080008cd   Thumb Code    26  stm32f10x_dma.o(.text)
    DMA_Cmd                                  0x080008e7   Thumb Code    24  stm32f10x_dma.o(.text)
    DMA_ITConfig                             0x080008ff   Thumb Code    18  stm32f10x_dma.o(.text)
    DMA_SetCurrDataCounter                   0x08000911   Thumb Code     4  stm32f10x_dma.o(.text)
    DMA_GetCurrDataCounter                   0x08000915   Thumb Code     8  stm32f10x_dma.o(.text)
    DMA_GetFlagStatus                        0x0800091d   Thumb Code    38  stm32f10x_dma.o(.text)
    DMA_ClearFlag                            0x08000943   Thumb Code    22  stm32f10x_dma.o(.text)
    DMA_GetITStatus                          0x08000959   Thumb Code    38  stm32f10x_dma.o(.text)
    DMA_ClearITPendingBit                    0x0800097f   Thumb Code    22  stm32f10x_dma.o(.text)
    EXTI_DeInit                              0x0800099d   Thumb Code    28  stm32f10x_exti.o(.text)
    EXTI_Init                                0x080009b9   Thumb Code   142  stm32f10x_exti.o(.text)
    EXTI_StructInit                          0x08000a47   Thumb Code    16  stm32f10x_exti.o(.text)
    EXTI_GenerateSWInterrupt                 0x08000a57   Thumb Code    16  stm32f10x_exti.o(.text)
    EXTI_GetFlagStatus                       0x08000a67   Thumb Code    22  stm32f10x_exti.o(.text)
    EXTI_ClearFlag                           0x08000a7d   Thumb Code     8  stm32f10x_exti.o(.text)
    EXTI_GetITStatus                         0x08000a85   Thumb Code    34  stm32f10x_exti.o(.text)
    EXTI_ClearITPendingBit                   0x08000aa7   Thumb Code     8  stm32f10x_exti.o(.text)
    FLASH_SetLatency                         0x08000ab9   Thumb Code    18  stm32f10x_flash.o(.text)
    FLASH_HalfCycleAccessCmd                 0x08000acb   Thumb Code    22  stm32f10x_flash.o(.text)
    FLASH_PrefetchBufferCmd                  0x08000ae1   Thumb Code    22  stm32f10x_flash.o(.text)
    FLASH_Unlock                             0x08000af7   Thumb Code    12  stm32f10x_flash.o(.text)
    FLASH_UnlockBank1                        0x08000b03   Thumb Code    12  stm32f10x_flash.o(.text)
    FLASH_Lock                               0x08000b0f   Thumb Code    14  stm32f10x_flash.o(.text)
    FLASH_LockBank1                          0x08000b1d   Thumb Code    14  stm32f10x_flash.o(.text)
    FLASH_GetBank1Status                     0x08000b2b   Thumb Code    48  stm32f10x_flash.o(.text)
    FLASH_WaitForLastOperation               0x08000b5b   Thumb Code    38  stm32f10x_flash.o(.text)
    FLASH_ErasePage                          0x08000b81   Thumb Code    72  stm32f10x_flash.o(.text)
    FLASH_EraseAllPages                      0x08000bc9   Thumb Code    68  stm32f10x_flash.o(.text)
    FLASH_WaitForLastBank1Operation          0x08000c0d   Thumb Code    38  stm32f10x_flash.o(.text)
    FLASH_EraseAllBank1Pages                 0x08000c33   Thumb Code    68  stm32f10x_flash.o(.text)
    FLASH_GetReadOutProtectionStatus         0x08000c77   Thumb Code    20  stm32f10x_flash.o(.text)
    FLASH_EraseOptionBytes                   0x08000c8b   Thumb Code   150  stm32f10x_flash.o(.text)
    FLASH_ProgramWord                        0x08000d21   Thumb Code   102  stm32f10x_flash.o(.text)
    FLASH_ProgramHalfWord                    0x08000d87   Thumb Code    60  stm32f10x_flash.o(.text)
    FLASH_ProgramOptionByteData              0x08000dc3   Thumb Code    72  stm32f10x_flash.o(.text)
    FLASH_EnableWriteProtection              0x08000e0b   Thumb Code   200  stm32f10x_flash.o(.text)
    FLASH_ReadOutProtection                  0x08000ed3   Thumb Code   156  stm32f10x_flash.o(.text)
    FLASH_UserOptionByteConfig               0x08000f6f   Thumb Code    88  stm32f10x_flash.o(.text)
    FLASH_GetUserOptionByte                  0x08000fc7   Thumb Code     8  stm32f10x_flash.o(.text)
    FLASH_GetWriteProtectionOptionByte       0x08000fcf   Thumb Code     6  stm32f10x_flash.o(.text)
    FLASH_GetPrefetchBufferStatus            0x08000fd5   Thumb Code    20  stm32f10x_flash.o(.text)
    FLASH_ITConfig                           0x08000fe9   Thumb Code    26  stm32f10x_flash.o(.text)
    FLASH_GetFlagStatus                      0x08001003   Thumb Code    42  stm32f10x_flash.o(.text)
    FLASH_ClearFlag                          0x0800102d   Thumb Code     6  stm32f10x_flash.o(.text)
    FLASH_GetStatus                          0x08001033   Thumb Code    48  stm32f10x_flash.o(.text)
    GPIO_DeInit                              0x08001075   Thumb Code   172  stm32f10x_gpio.o(.text)
    GPIO_AFIODeInit                          0x08001121   Thumb Code    20  stm32f10x_gpio.o(.text)
    GPIO_Init                                0x08001135   Thumb Code   274  stm32f10x_gpio.o(.text)
    GPIO_StructInit                          0x08001247   Thumb Code    16  stm32f10x_gpio.o(.text)
    GPIO_ReadInputDataBit                    0x08001257   Thumb Code    18  stm32f10x_gpio.o(.text)
    GPIO_ReadInputData                       0x08001269   Thumb Code     8  stm32f10x_gpio.o(.text)
    GPIO_ReadOutputDataBit                   0x08001271   Thumb Code    18  stm32f10x_gpio.o(.text)
    GPIO_ReadOutputData                      0x08001283   Thumb Code     8  stm32f10x_gpio.o(.text)
    GPIO_SetBits                             0x0800128b   Thumb Code     4  stm32f10x_gpio.o(.text)
    GPIO_ResetBits                           0x0800128f   Thumb Code     4  stm32f10x_gpio.o(.text)
    GPIO_WriteBit                            0x08001293   Thumb Code    10  stm32f10x_gpio.o(.text)
    GPIO_Write                               0x0800129d   Thumb Code     4  stm32f10x_gpio.o(.text)
    GPIO_PinLockConfig                       0x080012a1   Thumb Code    18  stm32f10x_gpio.o(.text)
    GPIO_EventOutputConfig                   0x080012b3   Thumb Code    26  stm32f10x_gpio.o(.text)
    GPIO_EventOutputCmd                      0x080012cd   Thumb Code     6  stm32f10x_gpio.o(.text)
    GPIO_PinRemapConfig                      0x080012d3   Thumb Code   138  stm32f10x_gpio.o(.text)
    GPIO_EXTILineConfig                      0x0800135d   Thumb Code    66  stm32f10x_gpio.o(.text)
    GPIO_ETH_MediaInterfaceConfig            0x0800139f   Thumb Code     6  stm32f10x_gpio.o(.text)
    I2C_DeInit                               0x080013cd   Thumb Code    50  stm32f10x_i2c.o(.text)
    I2C_Init                                 0x080013ff   Thumb Code   222  stm32f10x_i2c.o(.text)
    I2C_StructInit                           0x080014dd   Thumb Code    30  stm32f10x_i2c.o(.text)
    I2C_Cmd                                  0x080014fb   Thumb Code    24  stm32f10x_i2c.o(.text)
    I2C_DMACmd                               0x08001513   Thumb Code    24  stm32f10x_i2c.o(.text)
    I2C_DMALastTransferCmd                   0x0800152b   Thumb Code    24  stm32f10x_i2c.o(.text)
    I2C_GenerateSTART                        0x08001543   Thumb Code    24  stm32f10x_i2c.o(.text)
    I2C_GenerateSTOP                         0x0800155b   Thumb Code    24  stm32f10x_i2c.o(.text)
    I2C_AcknowledgeConfig                    0x08001573   Thumb Code    24  stm32f10x_i2c.o(.text)
    I2C_OwnAddress2Config                    0x0800158b   Thumb Code    22  stm32f10x_i2c.o(.text)
    I2C_DualAddressCmd                       0x080015a1   Thumb Code    24  stm32f10x_i2c.o(.text)
    I2C_GeneralCallCmd                       0x080015b9   Thumb Code    24  stm32f10x_i2c.o(.text)
    I2C_ITConfig                             0x080015d1   Thumb Code    18  stm32f10x_i2c.o(.text)
    I2C_SendData                             0x080015e3   Thumb Code     4  stm32f10x_i2c.o(.text)
    I2C_ReceiveData                          0x080015e7   Thumb Code     8  stm32f10x_i2c.o(.text)
    I2C_Send7bitAddress                      0x080015ef   Thumb Code    18  stm32f10x_i2c.o(.text)
    I2C_ReadRegister                         0x08001601   Thumb Code    22  stm32f10x_i2c.o(.text)
    I2C_SoftwareResetCmd                     0x08001617   Thumb Code    22  stm32f10x_i2c.o(.text)
    I2C_NACKPositionConfig                   0x0800162d   Thumb Code    28  stm32f10x_i2c.o(.text)
    I2C_SMBusAlertConfig                     0x08001649   Thumb Code    28  stm32f10x_i2c.o(.text)
    I2C_TransmitPEC                          0x08001665   Thumb Code    24  stm32f10x_i2c.o(.text)
    I2C_PECPositionConfig                    0x0800167d   Thumb Code    28  stm32f10x_i2c.o(.text)
    I2C_CalculatePEC                         0x08001699   Thumb Code    24  stm32f10x_i2c.o(.text)
    I2C_GetPEC                               0x080016b1   Thumb Code     8  stm32f10x_i2c.o(.text)
    I2C_ARPCmd                               0x080016b9   Thumb Code    24  stm32f10x_i2c.o(.text)
    I2C_StretchClockCmd                      0x080016d1   Thumb Code    24  stm32f10x_i2c.o(.text)
    I2C_FastModeDutyCycleConfig              0x080016e9   Thumb Code    28  stm32f10x_i2c.o(.text)
    I2C_CheckEvent                           0x08001705   Thumb Code    42  stm32f10x_i2c.o(.text)
    I2C_GetLastEvent                         0x0800172f   Thumb Code    26  stm32f10x_i2c.o(.text)
    I2C_GetFlagStatus                        0x08001749   Thumb Code    58  stm32f10x_i2c.o(.text)
    I2C_ClearFlag                            0x08001783   Thumb Code    12  stm32f10x_i2c.o(.text)
    I2C_GetITStatus                          0x0800178f   Thumb Code    54  stm32f10x_i2c.o(.text)
    I2C_ClearITPendingBit                    0x080017c5   Thumb Code    12  stm32f10x_i2c.o(.text)
    RCC_DeInit                               0x080017d1   Thumb Code    64  stm32f10x_rcc.o(.text)
    RCC_HSEConfig                            0x08001811   Thumb Code    70  stm32f10x_rcc.o(.text)
    RCC_GetFlagStatus                        0x08001857   Thumb Code    56  stm32f10x_rcc.o(.text)
    RCC_WaitForHSEStartUp                    0x0800188f   Thumb Code    56  stm32f10x_rcc.o(.text)
    RCC_AdjustHSICalibrationValue            0x080018c7   Thumb Code    20  stm32f10x_rcc.o(.text)
    RCC_HSICmd                               0x080018db   Thumb Code     6  stm32f10x_rcc.o(.text)
    RCC_PLLConfig                            0x080018e1   Thumb Code    24  stm32f10x_rcc.o(.text)
    RCC_PLLCmd                               0x080018f9   Thumb Code     6  stm32f10x_rcc.o(.text)
    RCC_SYSCLKConfig                         0x080018ff   Thumb Code    18  stm32f10x_rcc.o(.text)
    RCC_GetSYSCLKSource                      0x08001911   Thumb Code    10  stm32f10x_rcc.o(.text)
    RCC_HCLKConfig                           0x0800191b   Thumb Code    18  stm32f10x_rcc.o(.text)
    RCC_PCLK1Config                          0x0800192d   Thumb Code    18  stm32f10x_rcc.o(.text)
    RCC_PCLK2Config                          0x0800193f   Thumb Code    20  stm32f10x_rcc.o(.text)
    RCC_ITConfig                             0x08001953   Thumb Code    26  stm32f10x_rcc.o(.text)
    RCC_USBCLKConfig                         0x0800196d   Thumb Code     6  stm32f10x_rcc.o(.text)
    RCC_ADCCLKConfig                         0x08001973   Thumb Code    18  stm32f10x_rcc.o(.text)
    RCC_LSEConfig                            0x08001985   Thumb Code    44  stm32f10x_rcc.o(.text)
    RCC_LSICmd                               0x080019b1   Thumb Code     6  stm32f10x_rcc.o(.text)
    RCC_RTCCLKConfig                         0x080019b7   Thumb Code    12  stm32f10x_rcc.o(.text)
    RCC_RTCCLKCmd                            0x080019c3   Thumb Code     8  stm32f10x_rcc.o(.text)
    RCC_GetClocksFreq                        0x080019cb   Thumb Code   192  stm32f10x_rcc.o(.text)
    RCC_AHBPeriphClockCmd                    0x08001a8b   Thumb Code    26  stm32f10x_rcc.o(.text)
    RCC_APB2PeriphClockCmd                   0x08001aa5   Thumb Code    26  stm32f10x_rcc.o(.text)
    RCC_APB1PeriphClockCmd                   0x08001abf   Thumb Code    26  stm32f10x_rcc.o(.text)
    RCC_APB2PeriphResetCmd                   0x08001ad9   Thumb Code    26  stm32f10x_rcc.o(.text)
    RCC_APB1PeriphResetCmd                   0x08001af3   Thumb Code    26  stm32f10x_rcc.o(.text)
    RCC_BackupResetCmd                       0x08001b0d   Thumb Code     8  stm32f10x_rcc.o(.text)
    RCC_ClockSecuritySystemCmd               0x08001b15   Thumb Code     6  stm32f10x_rcc.o(.text)
    RCC_MCOConfig                            0x08001b1b   Thumb Code     6  stm32f10x_rcc.o(.text)
    RCC_ClearFlag                            0x08001b21   Thumb Code    14  stm32f10x_rcc.o(.text)
    RCC_GetITStatus                          0x08001b2f   Thumb Code    20  stm32f10x_rcc.o(.text)
    RCC_ClearITPendingBit                    0x08001b43   Thumb Code     6  stm32f10x_rcc.o(.text)
    SDIO_DeInit                              0x08001b75   Thumb Code    28  stm32f10x_sdio.o(.text)
    SDIO_Init                                0x08001b91   Thumb Code    42  stm32f10x_sdio.o(.text)
    SDIO_StructInit                          0x08001bbb   Thumb Code    16  stm32f10x_sdio.o(.text)
    SDIO_ClockCmd                            0x08001bcb   Thumb Code     6  stm32f10x_sdio.o(.text)
    SDIO_SetPowerState                       0x08001bd1   Thumb Code    22  stm32f10x_sdio.o(.text)
    SDIO_GetPowerState                       0x08001be7   Thumb Code    10  stm32f10x_sdio.o(.text)
    SDIO_ITConfig                            0x08001bf1   Thumb Code    26  stm32f10x_sdio.o(.text)
    SDIO_DMACmd                              0x08001c0b   Thumb Code     6  stm32f10x_sdio.o(.text)
    SDIO_SendCommand                         0x08001c11   Thumb Code    38  stm32f10x_sdio.o(.text)
    SDIO_CmdStructInit                       0x08001c37   Thumb Code    14  stm32f10x_sdio.o(.text)
    SDIO_GetCommandResponse                  0x08001c45   Thumb Code     8  stm32f10x_sdio.o(.text)
    SDIO_GetResponse                         0x08001c4d   Thumb Code    22  stm32f10x_sdio.o(.text)
    SDIO_DataConfig                          0x08001c63   Thumb Code    42  stm32f10x_sdio.o(.text)
    SDIO_DataStructInit                      0x08001c8d   Thumb Code    20  stm32f10x_sdio.o(.text)
    SDIO_GetDataCounter                      0x08001ca1   Thumb Code     6  stm32f10x_sdio.o(.text)
    SDIO_ReadData                            0x08001ca7   Thumb Code     6  stm32f10x_sdio.o(.text)
    SDIO_WriteData                           0x08001cad   Thumb Code     6  stm32f10x_sdio.o(.text)
    SDIO_GetFIFOCount                        0x08001cb3   Thumb Code     6  stm32f10x_sdio.o(.text)
    SDIO_StartSDIOReadWait                   0x08001cb9   Thumb Code     8  stm32f10x_sdio.o(.text)
    SDIO_StopSDIOReadWait                    0x08001cc1   Thumb Code     8  stm32f10x_sdio.o(.text)
    SDIO_SetSDIOReadWaitMode                 0x08001cc9   Thumb Code     8  stm32f10x_sdio.o(.text)
    SDIO_SetSDIOOperation                    0x08001cd1   Thumb Code     8  stm32f10x_sdio.o(.text)
    SDIO_SendSDIOSuspendCmd                  0x08001cd9   Thumb Code     6  stm32f10x_sdio.o(.text)
    SDIO_CommandCompletionCmd                0x08001cdf   Thumb Code     6  stm32f10x_sdio.o(.text)
    SDIO_CEATAITCmd                          0x08001ce5   Thumb Code    10  stm32f10x_sdio.o(.text)
    SDIO_SendCEATACmd                        0x08001cef   Thumb Code     6  stm32f10x_sdio.o(.text)
    SDIO_GetFlagStatus                       0x08001cf5   Thumb Code    20  stm32f10x_sdio.o(.text)
    SDIO_ClearFlag                           0x08001d09   Thumb Code     6  stm32f10x_sdio.o(.text)
    SDIO_GetITStatus                         0x08001d0f   Thumb Code    20  stm32f10x_sdio.o(.text)
    SDIO_ClearITPendingBit                   0x08001d23   Thumb Code     6  stm32f10x_sdio.o(.text)
    SPI_I2S_DeInit                           0x08001d4d   Thumb Code    76  stm32f10x_spi.o(.text)
    SPI_Init                                 0x08001d99   Thumb Code    60  stm32f10x_spi.o(.text)
    I2S_Init                                 0x08001dd5   Thumb Code   226  stm32f10x_spi.o(.text)
    SPI_StructInit                           0x08001eb7   Thumb Code    24  stm32f10x_spi.o(.text)
    I2S_StructInit                           0x08001ecf   Thumb Code    20  stm32f10x_spi.o(.text)
    SPI_Cmd                                  0x08001ee3   Thumb Code    24  stm32f10x_spi.o(.text)
    I2S_Cmd                                  0x08001efb   Thumb Code    24  stm32f10x_spi.o(.text)
    SPI_I2S_ITConfig                         0x08001f13   Thumb Code    32  stm32f10x_spi.o(.text)
    SPI_I2S_DMACmd                           0x08001f33   Thumb Code    18  stm32f10x_spi.o(.text)
    SPI_I2S_SendData                         0x08001f45   Thumb Code     4  stm32f10x_spi.o(.text)
    SPI_I2S_ReceiveData                      0x08001f49   Thumb Code     6  stm32f10x_spi.o(.text)
    SPI_NSSInternalSoftwareConfig            0x08001f4f   Thumb Code    30  stm32f10x_spi.o(.text)
    SPI_SSOutputCmd                          0x08001f6d   Thumb Code    24  stm32f10x_spi.o(.text)
    SPI_DataSizeConfig                       0x08001f85   Thumb Code    18  stm32f10x_spi.o(.text)
    SPI_TransmitCRC                          0x08001f97   Thumb Code    10  stm32f10x_spi.o(.text)
    SPI_CalculateCRC                         0x08001fa1   Thumb Code    24  stm32f10x_spi.o(.text)
    SPI_GetCRC                               0x08001fb9   Thumb Code    16  stm32f10x_spi.o(.text)
    SPI_GetCRCPolynomial                     0x08001fc9   Thumb Code     6  stm32f10x_spi.o(.text)
    SPI_BiDirectionalLineConfig              0x08001fcf   Thumb Code    28  stm32f10x_spi.o(.text)
    SPI_I2S_GetFlagStatus                    0x08001feb   Thumb Code    18  stm32f10x_spi.o(.text)
    SPI_I2S_ClearFlag                        0x08001ffd   Thumb Code     6  stm32f10x_spi.o(.text)
    SPI_I2S_GetITStatus                      0x08002003   Thumb Code    52  stm32f10x_spi.o(.text)
    SPI_I2S_ClearITPendingBit                0x08002037   Thumb Code    20  stm32f10x_spi.o(.text)
    USART_DeInit                             0x08002059   Thumb Code   134  stm32f10x_usart.o(.text)
    USART_Init                               0x080020df   Thumb Code   210  stm32f10x_usart.o(.text)
    USART_StructInit                         0x080021b1   Thumb Code    24  stm32f10x_usart.o(.text)
    USART_ClockInit                          0x080021c9   Thumb Code    34  stm32f10x_usart.o(.text)
    USART_ClockStructInit                    0x080021eb   Thumb Code    12  stm32f10x_usart.o(.text)
    USART_Cmd                                0x080021f7   Thumb Code    24  stm32f10x_usart.o(.text)
    USART_ITConfig                           0x0800220f   Thumb Code    74  stm32f10x_usart.o(.text)
    USART_DMACmd                             0x08002259   Thumb Code    18  stm32f10x_usart.o(.text)
    USART_SetAddress                         0x0800226b   Thumb Code    18  stm32f10x_usart.o(.text)
    USART_WakeUpConfig                       0x0800227d   Thumb Code    18  stm32f10x_usart.o(.text)
    USART_ReceiverWakeUpCmd                  0x0800228f   Thumb Code    24  stm32f10x_usart.o(.text)
    USART_LINBreakDetectLengthConfig         0x080022a7   Thumb Code    18  stm32f10x_usart.o(.text)
    USART_LINCmd                             0x080022b9   Thumb Code    24  stm32f10x_usart.o(.text)
    USART_SendData                           0x080022d1   Thumb Code     8  stm32f10x_usart.o(.text)
    USART_ReceiveData                        0x080022d9   Thumb Code    10  stm32f10x_usart.o(.text)
    USART_SendBreak                          0x080022e3   Thumb Code    10  stm32f10x_usart.o(.text)
    USART_SetGuardTime                       0x080022ed   Thumb Code    16  stm32f10x_usart.o(.text)
    USART_SetPrescaler                       0x080022fd   Thumb Code    16  stm32f10x_usart.o(.text)
    USART_SmartCardCmd                       0x0800230d   Thumb Code    24  stm32f10x_usart.o(.text)
    USART_SmartCardNACKCmd                   0x08002325   Thumb Code    24  stm32f10x_usart.o(.text)
    USART_HalfDuplexCmd                      0x0800233d   Thumb Code    24  stm32f10x_usart.o(.text)
    USART_OverSampling8Cmd                   0x08002355   Thumb Code    22  stm32f10x_usart.o(.text)
    USART_OneBitMethodCmd                    0x0800236b   Thumb Code    24  stm32f10x_usart.o(.text)
    USART_IrDAConfig                         0x08002383   Thumb Code    18  stm32f10x_usart.o(.text)
    USART_IrDACmd                            0x08002395   Thumb Code    24  stm32f10x_usart.o(.text)
    USART_GetFlagStatus                      0x080023ad   Thumb Code    26  stm32f10x_usart.o(.text)
    USART_ClearFlag                          0x080023c7   Thumb Code    18  stm32f10x_usart.o(.text)
    USART_GetITStatus                        0x080023d9   Thumb Code    84  stm32f10x_usart.o(.text)
    USART_ClearITPendingBit                  0x0800242d   Thumb Code    52  stm32f10x_usart.o(.text)
    _sys_exit                                0x08002461   Thumb Code     6  uartprintf.o(.text)
    fputc                                    0x08002467   Thumb Code    22  uartprintf.o(.text)
    NVIC_Configuration                       0x0800247d   Thumb Code    38  uartprintf.o(.text)
    USART_config                             0x080024a3   Thumb Code   134  uartprintf.o(.text)
    USART1_Send                              0x08002529   Thumb Code    20  uartprintf.o(.text)
    USART1_IRQHandler                        0x0800253d   Thumb Code    30  uartprintf.o(.text)
    spi_FUN_init                             0x08002565   Thumb Code   198  spi_flash.o(.text)
    SPI_send_Byte                            0x0800262b   Thumb Code    48  spi_flash.o(.text)
    SPI_read_Byte                            0x0800265b   Thumb Code    36  spi_flash.o(.text)
    SPI_Send_Read_Byte                       0x0800267f   Thumb Code    50  spi_flash.o(.text)
    SPI_Flash_Read_ID                        0x080026b9   Thumb Code    78  norflash.o(.text)
    wait_flass_Erase                         0x08002707   Thumb Code    52  norflash.o(.text)
    norflash_Write_ENABLE                    0x0800273b   Thumb Code    34  norflash.o(.text)
    spi_Erase_sector                         0x0800275d   Thumb Code    62  norflash.o(.text)
    READ_norflash_sector                     0x0800279b   Thumb Code    82  norflash.o(.text)
    WRITE_norflash_sector                    0x080027ed   Thumb Code   110  norflash.o(.text)
    WRITE_norflash_mulitsector               0x0800285b   Thumb Code   192  norflash.o(.text)
    SD_DeInit                                0x0800294d   Thumb Code     8  stm32_eval_sdio_sd.o(.text)
    SD_EnableWideBusOperation                0x08002c05   Thumb Code   140  stm32_eval_sdio_sd.o(.text)
    SD_SelectDeselect                        0x08002c91   Thumb Code    48  stm32_eval_sdio_sd.o(.text)
    SD_GetCardInfo                           0x08002cc1   Thumb Code   772  stm32_eval_sdio_sd.o(.text)
    SD_InitializeCards                       0x0800309f   Thumb Code   314  stm32_eval_sdio_sd.o(.text)
    SD_PowerON                               0x0800327f   Thumb Code   374  stm32_eval_sdio_sd.o(.text)
    SD_Init                                  0x080033f5   Thumb Code   102  stm32_eval_sdio_sd.o(.text)
    SD_SendStatus                            0x0800345b   Thumb Code    46  stm32_eval_sdio_sd.o(.text)
    SD_Detect                                0x08003489   Thumb Code    26  stm32_eval_sdio_sd.o(.text)
    SD_GetState                              0x080034a3   Thumb Code    38  stm32_eval_sdio_sd.o(.text)
    SD_GetStatus                             0x080034c9   Thumb Code    30  stm32_eval_sdio_sd.o(.text)
    SD_PowerOFF                              0x080034e7   Thumb Code    14  stm32_eval_sdio_sd.o(.text)
    SD_SendSDStatus                          0x080034f5   Thumb Code   396  stm32_eval_sdio_sd.o(.text)
    SD_GetCardStatus                         0x08003681   Thumb Code   156  stm32_eval_sdio_sd.o(.text)
    SD_ReadBlock                             0x0800371d   Thumb Code   148  stm32_eval_sdio_sd.o(.text)
    SD_ReadMultiBlocks                       0x080037b1   Thumb Code   202  stm32_eval_sdio_sd.o(.text)
    SD_WaitReadOperation                     0x0800387b   Thumb Code    42  stm32_eval_sdio_sd.o(.text)
    SD_WriteBlock                            0x080038a5   Thumb Code   146  stm32_eval_sdio_sd.o(.text)
    SD_WriteMultiBlocks                      0x08003937   Thumb Code   290  stm32_eval_sdio_sd.o(.text)
    SD_WaitWriteOperation                    0x08003a59   Thumb Code    50  stm32_eval_sdio_sd.o(.text)
    SD_GetTransferState                      0x08003a8b   Thumb Code    18  stm32_eval_sdio_sd.o(.text)
    SD_StopTransfer                          0x08003a9d   Thumb Code    28  stm32_eval_sdio_sd.o(.text)
    SD_Erase                                 0x08003c43   Thumb Code   290  stm32_eval_sdio_sd.o(.text)
    SD_ProcessIRQSrc                         0x08003d65   Thumb Code   116  stm32_eval_sdio_sd.o(.text)
    convert_from_bytes_to_power_of_two       0x08003dd9   Thumb Code    18  stm32_eval_sdio_sd.o(.text)
    STM_EVAL_LEDInit                         0x08003ded   Thumb Code    52  stm3210e_eval.o(.text)
    STM_EVAL_LEDOn                           0x08003e21   Thumb Code    16  stm3210e_eval.o(.text)
    STM_EVAL_LEDOff                          0x08003e31   Thumb Code    16  stm3210e_eval.o(.text)
    STM_EVAL_LEDToggle                       0x08003e41   Thumb Code    26  stm3210e_eval.o(.text)
    STM_EVAL_PBInit                          0x08003e5b   Thumb Code   146  stm3210e_eval.o(.text)
    STM_EVAL_PBGetState                      0x08003eed   Thumb Code    22  stm3210e_eval.o(.text)
    STM_EVAL_COMInit                         0x08003f03   Thumb Code   146  stm3210e_eval.o(.text)
    SD_LowLevel_DeInit                       0x08003f95   Thumb Code    66  stm3210e_eval.o(.text)
    SD_LowLevel_Init                         0x08003fd7   Thumb Code    92  stm3210e_eval.o(.text)
    SD_LowLevel_DMA_TxConfig                 0x08004033   Thumb Code    86  stm3210e_eval.o(.text)
    SD_LowLevel_DMA_RxConfig                 0x08004089   Thumb Code    86  stm3210e_eval.o(.text)
    SD_DMAEndOfTransferStatus                0x080040df   Thumb Code    10  stm3210e_eval.o(.text)
    sFLASH_LowLevel_DeInit                   0x080040e9   Thumb Code    90  stm3210e_eval.o(.text)
    sFLASH_LowLevel_Init                     0x08004143   Thumb Code   100  stm3210e_eval.o(.text)
    LM75_LowLevel_DeInit                     0x080041a7   Thumb Code   194  stm3210e_eval.o(.text)
    LM75_LowLevel_Init                       0x08004269   Thumb Code    80  stm3210e_eval.o(.text)
    SDIO_NVIC_Configuration                  0x080042bd   Thumb Code    40  sdcode.o(.text)
    SD_init                                  0x080042e5   Thumb Code    32  sdcode.o(.text)
    SD_EraseTest                             0x08004305   Thumb Code   110  sdcode.o(.text)
    SD_SingleBlockTest                       0x08004373   Thumb Code   146  sdcode.o(.text)
    SD_MultiBlockTest                        0x08004405   Thumb Code   154  sdcode.o(.text)
    SDIO_IRQHandler                          0x0800449f   Thumb Code     8  sdcode.o(.text)
    clust2sect                               0x0800473b   Thumb Code    26  ff.o(.text)
    get_fat                                  0x08004755   Thumb Code   318  ff.o(.text)
    put_fat                                  0x08004893   Thumb Code   396  ff.o(.text)
    f_mount                                  0x08005c99   Thumb Code    86  ff.o(.text)
    f_open                                   0x08005cef   Thumb Code   374  ff.o(.text)
    f_read                                   0x08005e65   Thumb Code   484  ff.o(.text)
    f_write                                  0x08006049   Thumb Code   524  ff.o(.text)
    f_sync                                   0x08006255   Thumb Code   174  ff.o(.text)
    f_close                                  0x08006303   Thumb Code    32  ff.o(.text)
    f_lseek                                  0x08006323   Thumb Code   410  ff.o(.text)
    f_opendir                                0x080064bd   Thumb Code   114  ff.o(.text)
    f_closedir                               0x0800652f   Thumb Code    22  ff.o(.text)
    f_readdir                                0x08006545   Thumb Code    92  ff.o(.text)
    f_stat                                   0x080065a1   Thumb Code    64  ff.o(.text)
    f_getfree                                0x080065e1   Thumb Code   258  ff.o(.text)
    f_truncate                               0x080066e3   Thumb Code   184  ff.o(.text)
    f_unlink                                 0x0800679b   Thumb Code   170  ff.o(.text)
    f_mkdir                                  0x08006845   Thumb Code   360  ff.o(.text)
    f_chmod                                  0x080069ad   Thumb Code    88  ff.o(.text)
    f_rename                                 0x08006a05   Thumb Code   262  ff.o(.text)
    f_utime                                  0x08006b0b   Thumb Code    90  ff.o(.text)
    f_mkfs                                   0x08006b65   Thumb Code  1612  ff.o(.text)
    f_gets                                   0x080071b1   Thumb Code    82  ff.o(.text)
    f_putc                                   0x08007247   Thumb Code   122  ff.o(.text)
    f_puts                                   0x080072c1   Thumb Code    74  ff.o(.text)
    f_printf                                 0x0800730b   Thumb Code   628  ff.o(.text)
    disk_status                              0x08007581   Thumb Code    48  diskio.o(.text)
    disk_initialize                          0x080075b1   Thumb Code    60  diskio.o(.text)
    disk_read                                0x080075ed   Thumb Code   182  diskio.o(.text)
    disk_write                               0x080076a3   Thumb Code   206  diskio.o(.text)
    disk_ioctl                               0x08007771   Thumb Code   114  diskio.o(.text)
    get_fattime                              0x080077e3   Thumb Code     4  diskio.o(.text)
    ff_convert                               0x080077f5   Thumb Code   116  cc936.o(.text)
    ff_wtoupper                              0x08007869   Thumb Code    84  cc936.o(.text)
    recoder_wav_init                         0x080078cd   Thumb Code    64  wavfmt.o(.text)
    __aeabi_memcpy                           0x0800791d   Thumb Code    36  memcpya.o(.text)
    __aeabi_memcpy4                          0x0800791d   Thumb Code     0  memcpya.o(.text)
    __aeabi_memcpy8                          0x0800791d   Thumb Code     0  memcpya.o(.text)
    __aeabi_uldivmod                         0x08007941   Thumb Code    98  uldiv.o(.text)
    __scatterload                            0x080079a5   Thumb Code    28  init.o(.text)
    __scatterload_rt2                        0x080079a5   Thumb Code     0  init.o(.text)
    __aeabi_llsl                             0x080079c9   Thumb Code    30  llshl.o(.text)
    _ll_shift_l                              0x080079c9   Thumb Code     0  llshl.o(.text)
    __aeabi_llsr                             0x080079e7   Thumb Code    32  llushr.o(.text)
    _ll_ushift_r                             0x080079e7   Thumb Code     0  llushr.o(.text)
    __0printf$5                              0x08007a09   Thumb Code    22  printf5.o(i.__0printf$5)
    __1printf$5                              0x08007a09   Thumb Code     0  printf5.o(i.__0printf$5)
    __2printf                                0x08007a09   Thumb Code     0  printf5.o(i.__0printf$5)
    __scatterload_copy                       0x08007a29   Thumb Code    14  handlers.o(i.__scatterload_copy)
    __scatterload_null                       0x08007a37   Thumb Code     2  handlers.o(i.__scatterload_null)
    __scatterload_zeroinit                   0x08007a39   Thumb Code    14  handlers.o(i.__scatterload_zeroinit)
    malloc                                   0x08007d09   Thumb Code    92  malloc.o(i.malloc)
    GPIO_PIN                                 0x08007d74   Data           8  stm3210e_eval.o(.constdata)
    GPIO_CLK                                 0x08007d7c   Data          16  stm3210e_eval.o(.constdata)
    BUTTON_PIN                               0x08007d8c   Data          16  stm3210e_eval.o(.constdata)
    BUTTON_CLK                               0x08007d9c   Data          32  stm3210e_eval.o(.constdata)
    BUTTON_EXTI_LINE                         0x08007dbc   Data          16  stm3210e_eval.o(.constdata)
    BUTTON_PORT_SOURCE                       0x08007dcc   Data          16  stm3210e_eval.o(.constdata)
    BUTTON_PIN_SOURCE                        0x08007ddc   Data          16  stm3210e_eval.o(.constdata)
    BUTTON_IRQn                              0x08007dec   Data          16  stm3210e_eval.o(.constdata)
    COM_USART_CLK                            0x08007dfc   Data           8  stm3210e_eval.o(.constdata)
    COM_TX_PORT_CLK                          0x08007e04   Data           8  stm3210e_eval.o(.constdata)
    COM_RX_PORT_CLK                          0x08007e0c   Data           8  stm3210e_eval.o(.constdata)
    COM_TX_PIN                               0x08007e14   Data           4  stm3210e_eval.o(.constdata)
    COM_RX_PIN                               0x08007e18   Data           4  stm3210e_eval.o(.constdata)
    Region$$Table$$Base                      0x08032f18   Number         0  anon$$obj.o(Region$$Table)
    Region$$Table$$Limit                     0x08032f38   Number         0  anon$$obj.o(Region$$Table)
    SystemCoreClock                          0x20000000   Data           4  system_stm32f10x.o(.data)
    AHBPrescTable                            0x20000004   Data          16  system_stm32f10x.o(.data)
    __stdout                                 0x20000028   Data           4  uartprintf.o(.data)
    StopCondition                            0x20000034   Data           4  stm32_eval_sdio_sd.o(.data)
    TransferError                            0x20000038   Data           1  stm32_eval_sdio_sd.o(.data)
    TransferEnd                              0x2000003c   Data           4  stm32_eval_sdio_sd.o(.data)
    GPIO_PORT                                0x20000040   Data          16  stm3210e_eval.o(.data)
    BUTTON_PORT                              0x20000050   Data          32  stm3210e_eval.o(.data)
    COM_USART                                0x20000070   Data           8  stm3210e_eval.o(.data)
    COM_TX_PORT                              0x20000078   Data           8  stm3210e_eval.o(.data)
    COM_RX_PORT                              0x20000080   Data           8  stm3210e_eval.o(.data)
    __microlib_freelist                      0x20000098   Data           4  mvars.o(.data)
    __microlib_freelist_initialised          0x2000009c   Data           4  mvars.o(.data)
    fsp                                      0x200000a0   Data        4144  main.o(.bss)
    SDCardInfo                               0x20001100   Data          80  stm32_eval_sdio_sd.o(.bss)
    SDIO_InitStructure                       0x20001150   Data          24  stm32_eval_sdio_sd.o(.bss)
    SDIO_CmdInitStructure                    0x20001168   Data          20  stm32_eval_sdio_sd.o(.bss)
    SDIO_DataInitStructure                   0x2000117c   Data          24  stm32_eval_sdio_sd.o(.bss)
    Buffer_Block_Tx                          0x20001194   Data         512  sdcode.o(.bss)
    Buffer_Block_Rx                          0x20001394   Data         512  sdcode.o(.bss)
    Buffer_MultiBlock_Tx                     0x20001594   Data       16384  sdcode.o(.bss)
    Buffer_MultiBlock_Rx                     0x20005594   Data       16384  sdcode.o(.bss)
    __heap_base                              0x20009798   Data           0  startup_stm32f10x_hd.o(HEAP)
    __heap_limit                             0x20009998   Data           0  startup_stm32f10x_hd.o(HEAP)
    __initial_sp                             0x2000a998   Data           0  startup_stm32f10x_hd.o(STACK)



==============================================================================

Memory Map of the image

  Image Entry point : 0x08000131

  Load Region LR_IROM1 (Base: 0x08000000, Size: 0x00032fd8, Max: 0x00040000, ABSOLUTE)

    Execution Region ER_IROM1 (Base: 0x08000000, Size: 0x00032f38, Max: 0x00040000, ABSOLUTE)

    Base Addr    Size         Type   Attr      Idx    E Section Name        Object

    0x08000000   0x00000130   Data   RO            3    RESET               startup_stm32f10x_hd.o
    0x08000130   0x00000000   Code   RO          724  * .ARM.Collect$$$$00000000  mc_w.l(entry.o)
    0x08000130   0x00000004   Code   RO         1020    .ARM.Collect$$$$00000001  mc_w.l(entry2.o)
    0x08000134   0x00000004   Code   RO         1023    .ARM.Collect$$$$00000004  mc_w.l(entry5.o)
    0x08000138   0x00000000   Code   RO         1025    .ARM.Collect$$$$00000008  mc_w.l(entry7b.o)
    0x08000138   0x00000000   Code   RO         1027    .ARM.Collect$$$$0000000A  mc_w.l(entry8b.o)
    0x08000138   0x00000008   Code   RO         1028    .ARM.Collect$$$$0000000B  mc_w.l(entry9a.o)
    0x08000140   0x00000000   Code   RO         1030    .ARM.Collect$$$$0000000D  mc_w.l(entry10a.o)
    0x08000140   0x00000000   Code   RO         1032    .ARM.Collect$$$$0000000F  mc_w.l(entry11a.o)
    0x08000140   0x00000004   Code   RO         1021    .ARM.Collect$$$$00002712  mc_w.l(entry2.o)
    0x08000144   0x00000024   Code   RO            4    .text               startup_stm32f10x_hd.o
    0x08000168   0x00000248   Code   RO           10    .text               main.o
    0x080003b0   0x0000001a   Code   RO          150    .text               stm32f10x_it.o
    0x080003ca   0x00000002   PAD
    0x080003cc   0x000001dc   Code   RO          165    .text               system_stm32f10x.o
    0x080005a8   0x000000c8   Code   RO          183    .text               sysclock.o
    0x08000670   0x000000dc   Code   RO          234    .text               misc.o
    0x0800074c   0x00000250   Code   RO          330    .text               stm32f10x_dma.o
    0x0800099c   0x0000011c   Code   RO          342    .text               stm32f10x_exti.o
    0x08000ab8   0x000005bc   Code   RO          354    .text               stm32f10x_flash.o
    0x08001074   0x00000358   Code   RO          378    .text               stm32f10x_gpio.o
    0x080013cc   0x00000404   Code   RO          390    .text               stm32f10x_i2c.o
    0x080017d0   0x000003a4   Code   RO          426    .text               stm32f10x_rcc.o
    0x08001b74   0x000001d8   Code   RO          452    .text               stm32f10x_sdio.o
    0x08001d4c   0x0000030c   Code   RO          464    .text               stm32f10x_spi.o
    0x08002058   0x00000408   Code   RO          488    .text               stm32f10x_usart.o
    0x08002460   0x00000104   Code   RO          512    .text               uartprintf.o
    0x08002564   0x00000154   Code   RO          534    .text               spi_flash.o
    0x080026b8   0x00000294   Code   RO          549    .text               norflash.o
    0x0800294c   0x0000149e   Code   RO          564    .text               stm32_eval_sdio_sd.o
    0x08003dea   0x00000002   PAD
    0x08003dec   0x000004d0   Code   RO          595    .text               stm3210e_eval.o
    0x080042bc   0x000002c8   Code   RO          611    .text               sdcode.o
    0x08004584   0x00002ffa   Code   RO          630    .text               ff.o
    0x0800757e   0x00000002   PAD
    0x08007580   0x00000274   Code   RO          661    .text               diskio.o
    0x080077f4   0x000000d8   Code   RO          683    .text               cc936.o
    0x080078cc   0x00000050   Code   RO          706    .text               wavfmt.o
    0x0800791c   0x00000024   Code   RO          727    .text               mc_w.l(memcpya.o)
    0x08007940   0x00000062   Code   RO         1036    .text               mc_w.l(uldiv.o)
    0x080079a2   0x00000002   PAD
    0x080079a4   0x00000024   Code   RO         1051    .text               mc_w.l(init.o)
    0x080079c8   0x0000001e   Code   RO         1053    .text               mc_w.l(llshl.o)
    0x080079e6   0x00000020   Code   RO         1055    .text               mc_w.l(llushr.o)
    0x08007a06   0x00000002   PAD
    0x08007a08   0x00000020   Code   RO          864    i.__0printf$5       mc_w.l(printf5.o)
    0x08007a28   0x0000000e   Code   RO         1063    i.__scatterload_copy  mc_w.l(handlers.o)
    0x08007a36   0x00000002   Code   RO         1064    i.__scatterload_null  mc_w.l(handlers.o)
    0x08007a38   0x0000000e   Code   RO         1065    i.__scatterload_zeroinit  mc_w.l(handlers.o)
    0x08007a46   0x00000002   PAD
    0x08007a48   0x000002c0   Code   RO          871    i._printf_core      mc_w.l(printf5.o)
    0x08007d08   0x0000006c   Code   RO          993    i.malloc            mc_w.l(malloc.o)
    0x08007d74   0x000000a8   Data   RO          596    .constdata          stm3210e_eval.o
    0x08007e1c   0x0000003a   Data   RO          632    .constdata          ff.o
    0x08007e56   0x0002b0c0   Data   RO          684    .constdata          cc936.o
    0x08032f16   0x00000002   PAD
    0x08032f18   0x00000020   Data   RO         1061    Region$$Table       anon$$obj.o


    Execution Region RW_IRAM1 (Base: 0x20000000, Size: 0x0000a998, Max: 0x0000c000, ABSOLUTE)

    Base Addr    Size         Type   Attr      Idx    E Section Name        Object

    0x20000000   0x00000014   Data   RW          166    .data               system_stm32f10x.o
    0x20000014   0x00000014   Data   RW          427    .data               stm32f10x_rcc.o
    0x20000028   0x00000004   Data   RW          513    .data               uartprintf.o
    0x2000002c   0x00000014   Data   RW          566    .data               stm32_eval_sdio_sd.o
    0x20000040   0x00000048   Data   RW          597    .data               stm3210e_eval.o
    0x20000088   0x00000001   Data   RW          613    .data               sdcode.o
    0x20000089   0x00000003   PAD
    0x2000008c   0x0000000a   Data   RW          633    .data               ff.o
    0x20000096   0x00000002   PAD
    0x20000098   0x00000004   Data   RW         1038    .data               mc_w.l(mvars.o)
    0x2000009c   0x00000004   Data   RW         1039    .data               mc_w.l(mvars.o)
    0x200000a0   0x00001030   Zero   RW           11    .bss                main.o
    0x200010d0   0x000000c4   Zero   RW          565    .bss                stm32_eval_sdio_sd.o
    0x20001194   0x00008400   Zero   RW          612    .bss                sdcode.o
    0x20009594   0x00000200   Zero   RW          631    .bss                ff.o
    0x20009794   0x00000004   PAD
    0x20009798   0x00000200   Zero   RW            2    HEAP                startup_stm32f10x_hd.o
    0x20009998   0x00001000   Zero   RW            1    STACK               startup_stm32f10x_hd.o


==============================================================================

Image component sizes


      Code (inc. data)   RO Data    RW Data    ZI Data      Debug   Object Name

       216         16     176320          0          0       1965   cc936.o
       628         14          0          0          0       3219   diskio.o
     12282        132         58         10        512      34560   ff.o
       584        292          0          0       4144     281178   main.o
       220         20          0          0          0       1681   misc.o
       660         50          0          0          0       2598   norflash.o
       712        222          0          1      33792       2116   sdcode.o
       340          8          0          0          0       1154   spi_flash.o
        36          8        304          0       4608        752   startup_stm32f10x_hd.o
      1232        120        168         72          0       5398   stm3210e_eval.o
      5278        168          0         20        196      25338   stm32_eval_sdio_sd.o
       592          8          0          0          0       4210   stm32f10x_dma.o
       284         10          0          0          0       2115   stm32f10x_exti.o
      1468         34          0          0          0       7914   stm32f10x_flash.o
       856         40          0          0          0       5529   stm32f10x_gpio.o
      1028         16          0          0          0       8987   stm32f10x_i2c.o
        26          0          0          0          0       1142   stm32f10x_it.o
       932         44          0         20          0       8644   stm32f10x_rcc.o
       472         36          0          0          0       6968   stm32f10x_sdio.o
       780         14          0          0          0       6406   stm32f10x_spi.o
      1032         22          0          0          0       8252   stm32f10x_usart.o
       200          0          0          0          0     207618   sysclock.o
       476         36          0         20          0       1611   system_stm32f10x.o
       260         10          0          4          0       3118   uartprintf.o
        80         16          0          0          0       1603   wavfmt.o

    ----------------------------------------------------------------------
     30680       1336     176884        152      43256     634076   Object Totals
         0          0         32          0          0          0   (incl. Generated)
         6          0          2          5          4          0   (incl. Padding)

    ----------------------------------------------------------------------

      Code (inc. data)   RO Data    RW Data    ZI Data      Debug   Library Member Name

         0          0          0          0          0          0   entry.o
         0          0          0          0          0          0   entry10a.o
         0          0          0          0          0          0   entry11a.o
         8          4          0          0          0          0   entry2.o
         4          0          0          0          0          0   entry5.o
         0          0          0          0          0          0   entry7b.o
         0          0          0          0          0          0   entry8b.o
         8          4          0          0          0          0   entry9a.o
        30          0          0          0          0          0   handlers.o
        36          8          0          0          0         68   init.o
        30          0          0          0          0         68   llshl.o
        32          0          0          0          0         68   llushr.o
       108         16          0          0          0         84   malloc.o
        36          0          0          0          0         68   memcpya.o
         0          0          0          8          0          0   mvars.o
       736         56          0          0          0        184   printf5.o
        98          0          0          0          0         92   uldiv.o

    ----------------------------------------------------------------------
      1132         88          0          8          0        632   Library Totals
         6          0          0          0          0          0   (incl. Padding)

    ----------------------------------------------------------------------

      Code (inc. data)   RO Data    RW Data    ZI Data      Debug   Library Name

      1126         88          0          8          0        632   mc_w.l

    ----------------------------------------------------------------------
      1132         88          0          8          0        632   Library Totals

    ----------------------------------------------------------------------

==============================================================================


      Code (inc. data)   RO Data    RW Data    ZI Data      Debug   

     31812       1424     176884        160      43256     631952   Grand Totals
     31812       1424     176884        160      43256     631952   ELF Image Totals
     31812       1424     176884        160          0          0   ROM Totals

==============================================================================

    Total RO  Size (Code + RO Data)               208696 ( 203.80kB)
    Total RW  Size (RW Data + ZI Data)             43416 (  42.40kB)
    Total ROM Size (Code + RO Data + RW Data)     208856 ( 203.96kB)

==============================================================================

